Archive member included to satisfy reference by file (symbol)

c:/users/user/appdata/roaming/gnumcueclipse/armembeddedgcc/bin/../lib/gcc/arm-none-eabi/8.2.1/../../../../arm-none-eabi/lib/thumb/v7-m/nofp\libc_nano.a(lib_a-exit.o)
                              c:/users/user/appdata/roaming/gnumcueclipse/armembeddedgcc/bin/../lib/gcc/arm-none-eabi/8.2.1/../../../../arm-none-eabi/lib/thumb/v7-m/nofp/crt0.o (exit)
c:/users/user/appdata/roaming/gnumcueclipse/armembeddedgcc/bin/../lib/gcc/arm-none-eabi/8.2.1/../../../../arm-none-eabi/lib/thumb/v7-m/nofp\libc_nano.a(lib_a-impure.o)
                              c:/users/user/appdata/roaming/gnumcueclipse/armembeddedgcc/bin/../lib/gcc/arm-none-eabi/8.2.1/../../../../arm-none-eabi/lib/thumb/v7-m/nofp\libc_nano.a(lib_a-exit.o) (_global_impure_ptr)
c:/users/user/appdata/roaming/gnumcueclipse/armembeddedgcc/bin/../lib/gcc/arm-none-eabi/8.2.1/../../../../arm-none-eabi/lib/thumb/v7-m/nofp\libc_nano.a(lib_a-init.o)
                              c:/users/user/appdata/roaming/gnumcueclipse/armembeddedgcc/bin/../lib/gcc/arm-none-eabi/8.2.1/../../../../arm-none-eabi/lib/thumb/v7-m/nofp/crt0.o (__libc_init_array)
c:/users/user/appdata/roaming/gnumcueclipse/armembeddedgcc/bin/../lib/gcc/arm-none-eabi/8.2.1/../../../../arm-none-eabi/lib/thumb/v7-m/nofp\libc_nano.a(lib_a-malloc.o)
                              build/usbd_cdc.o (malloc)
c:/users/user/appdata/roaming/gnumcueclipse/armembeddedgcc/bin/../lib/gcc/arm-none-eabi/8.2.1/../../../../arm-none-eabi/lib/thumb/v7-m/nofp\libc_nano.a(lib_a-memcpy-stub.o)
                              build/queue.o (memcpy)
c:/users/user/appdata/roaming/gnumcueclipse/armembeddedgcc/bin/../lib/gcc/arm-none-eabi/8.2.1/../../../../arm-none-eabi/lib/thumb/v7-m/nofp\libc_nano.a(lib_a-memset.o)
                              c:/users/user/appdata/roaming/gnumcueclipse/armembeddedgcc/bin/../lib/gcc/arm-none-eabi/8.2.1/../../../../arm-none-eabi/lib/thumb/v7-m/nofp/crt0.o (memset)
c:/users/user/appdata/roaming/gnumcueclipse/armembeddedgcc/bin/../lib/gcc/arm-none-eabi/8.2.1/../../../../arm-none-eabi/lib/thumb/v7-m/nofp\libc_nano.a(lib_a-nano-freer.o)
                              c:/users/user/appdata/roaming/gnumcueclipse/armembeddedgcc/bin/../lib/gcc/arm-none-eabi/8.2.1/../../../../arm-none-eabi/lib/thumb/v7-m/nofp\libc_nano.a(lib_a-malloc.o) (_free_r)
c:/users/user/appdata/roaming/gnumcueclipse/armembeddedgcc/bin/../lib/gcc/arm-none-eabi/8.2.1/../../../../arm-none-eabi/lib/thumb/v7-m/nofp\libc_nano.a(lib_a-nano-mallocr.o)
                              c:/users/user/appdata/roaming/gnumcueclipse/armembeddedgcc/bin/../lib/gcc/arm-none-eabi/8.2.1/../../../../arm-none-eabi/lib/thumb/v7-m/nofp\libc_nano.a(lib_a-malloc.o) (_malloc_r)
c:/users/user/appdata/roaming/gnumcueclipse/armembeddedgcc/bin/../lib/gcc/arm-none-eabi/8.2.1/../../../../arm-none-eabi/lib/thumb/v7-m/nofp\libc_nano.a(lib_a-sbrkr.o)
                              c:/users/user/appdata/roaming/gnumcueclipse/armembeddedgcc/bin/../lib/gcc/arm-none-eabi/8.2.1/../../../../arm-none-eabi/lib/thumb/v7-m/nofp\libc_nano.a(lib_a-nano-mallocr.o) (_sbrk_r)
c:/users/user/appdata/roaming/gnumcueclipse/armembeddedgcc/bin/../lib/gcc/arm-none-eabi/8.2.1/../../../../arm-none-eabi/lib/thumb/v7-m/nofp\libc_nano.a(lib_a-mlock.o)
                              c:/users/user/appdata/roaming/gnumcueclipse/armembeddedgcc/bin/../lib/gcc/arm-none-eabi/8.2.1/../../../../arm-none-eabi/lib/thumb/v7-m/nofp\libc_nano.a(lib_a-nano-freer.o) (__malloc_lock)
c:/users/user/appdata/roaming/gnumcueclipse/armembeddedgcc/bin/../lib/gcc/arm-none-eabi/8.2.1/../../../../arm-none-eabi/lib/thumb/v7-m/nofp\libc_nano.a(lib_a-reent.o)
                              c:/users/user/appdata/roaming/gnumcueclipse/armembeddedgcc/bin/../lib/gcc/arm-none-eabi/8.2.1/../../../../arm-none-eabi/lib/thumb/v7-m/nofp\libc_nano.a(lib_a-sbrkr.o) (errno)
c:/users/user/appdata/roaming/gnumcueclipse/armembeddedgcc/bin/../lib/gcc/arm-none-eabi/8.2.1/../../../../arm-none-eabi/lib/thumb/v7-m/nofp\libc_nano.a(lib_a-lock.o)
                              c:/users/user/appdata/roaming/gnumcueclipse/armembeddedgcc/bin/../lib/gcc/arm-none-eabi/8.2.1/../../../../arm-none-eabi/lib/thumb/v7-m/nofp\libc_nano.a(lib_a-mlock.o) (__retarget_lock_acquire_recursive)
c:/users/user/appdata/roaming/gnumcueclipse/armembeddedgcc/bin/../lib/gcc/arm-none-eabi/8.2.1/../../../../arm-none-eabi/lib/thumb/v7-m/nofp\libnosys.a(sbrk.o)
                              c:/users/user/appdata/roaming/gnumcueclipse/armembeddedgcc/bin/../lib/gcc/arm-none-eabi/8.2.1/../../../../arm-none-eabi/lib/thumb/v7-m/nofp\libc_nano.a(lib_a-sbrkr.o) (_sbrk)
c:/users/user/appdata/roaming/gnumcueclipse/armembeddedgcc/bin/../lib/gcc/arm-none-eabi/8.2.1/../../../../arm-none-eabi/lib/thumb/v7-m/nofp\libnosys.a(_exit.o)
                              c:/users/user/appdata/roaming/gnumcueclipse/armembeddedgcc/bin/../lib/gcc/arm-none-eabi/8.2.1/../../../../arm-none-eabi/lib/thumb/v7-m/nofp\libc_nano.a(lib_a-exit.o) (_exit)
[...]
Memory Configuration

Name             Origin             Length             Attributes
RAM              0x0000000020000000 0x0000000000020000 xrw
FLASH            0x0000000008000000 0x0000000000100000 xr
*default*        0x0000000000000000 0xffffffffffffffff

Linker script and memory map

LOAD c:/users/user/appdata/roaming/gnumcueclipse/armembeddedgcc/bin/../lib/gcc/arm-none-eabi/8.2.1/thumb/v7-m/nofp/crti.o
LOAD c:/users/user/appdata/roaming/gnumcueclipse/armembeddedgcc/bin/../lib/gcc/arm-none-eabi/8.2.1/thumb/v7-m/nofp/crtbegin.o
LOAD c:/users/user/appdata/roaming/gnumcueclipse/armembeddedgcc/bin/../lib/gcc/arm-none-eabi/8.2.1/../../../../arm-none-eabi/lib/thumb/v7-m/nofp/crt0.o
LOAD build/usbCore.o
LOAD build/main.o
LOAD build/gpio.o
LOAD build/can.o
LOAD build/dma.o
LOAD build/freertos.o
LOAD build/fsmc.o
LOAD build/spi.o
LOAD build/usart.o
LOAD build/usb_device.o
LOAD build/usbd_conf.o
LOAD build/usbd_desc.o
LOAD build/usbd_cdc_if.o
LOAD build/stm32f2xx_it.o
LOAD build/stm32f2xx_hal_msp.o
LOAD build/stm32f2xx_hal_timebase_tim.o
LOAD build/stm32f2xx_hal_pcd_ex.o
LOAD build/stm32f2xx_hal_pcd.o
LOAD build/stm32f2xx_ll_usb.o
LOAD build/stm32f2xx_hal_can.o
LOAD build/stm32f2xx_ll_fsmc.o
LOAD build/stm32f2xx_hal_nand.o
LOAD build/stm32f2xx_hal_spi.o
LOAD build/stm32f2xx_hal_tim.o
LOAD build/stm32f2xx_hal_tim_ex.o
LOAD build/stm32f2xx_hal_uart.o
LOAD build/stm32f2xx_hal.o
LOAD build/stm32f2xx_hal_rcc.o
LOAD build/stm32f2xx_hal_rcc_ex.o
LOAD build/stm32f2xx_hal_cortex.o
LOAD build/stm32f2xx_hal_flash.o
LOAD build/stm32f2xx_hal_flash_ex.o
LOAD build/stm32f2xx_hal_pwr.o
LOAD build/stm32f2xx_hal_pwr_ex.o
LOAD build/stm32f2xx_hal_gpio.o
LOAD build/stm32f2xx_hal_dma.o
LOAD build/stm32f2xx_hal_dma_ex.o
LOAD build/stm32f2xx_hal_exti.o
LOAD build/system_stm32f2xx.o
LOAD build/croutine.o
LOAD build/event_groups.o
LOAD build/list.o
LOAD build/queue.o
LOAD build/stream_buffer.o
LOAD build/tasks.o
LOAD build/timers.o
LOAD build/cmsis_os.o
LOAD build/heap_4.o
LOAD build/port.o
LOAD build/usbd_core.o
LOAD build/usbd_ctlreq.o
LOAD build/usbd_ioreq.o
LOAD build/usbd_cdc.o
LOAD build/startup_stm32f215xx.o
LOAD c:/users/user/appdata/roaming/gnumcueclipse/armembeddedgcc/bin/../lib/gcc/arm-none-eabi/8.2.1/../../../../arm-none-eabi/lib/thumb/v7-m/nofp\libc_nano.a
LOAD c:/users/user/appdata/roaming/gnumcueclipse/armembeddedgcc/bin/../lib/gcc/arm-none-eabi/8.2.1/../../../../arm-none-eabi/lib/thumb/v7-m/nofp\libm.a
LOAD c:/users/user/appdata/roaming/gnumcueclipse/armembeddedgcc/bin/../lib/gcc/arm-none-eabi/8.2.1/../../../../arm-none-eabi/lib/thumb/v7-m/nofp\libnosys.a
START GROUP
LOAD c:/users/user/appdata/roaming/gnumcueclipse/armembeddedgcc/bin/../lib/gcc/arm-none-eabi/8.2.1/thumb/v7-m/nofp\libgcc.a
LOAD c:/users/user/appdata/roaming/gnumcueclipse/armembeddedgcc/bin/../lib/gcc/arm-none-eabi/8.2.1/../../../../arm-none-eabi/lib/thumb/v7-m/nofp\libc_nano.a
END GROUP
START GROUP
LOAD c:/users/user/appdata/roaming/gnumcueclipse/armembeddedgcc/bin/../lib/gcc/arm-none-eabi/8.2.1/thumb/v7-m/nofp\libgcc.a
LOAD c:/users/user/appdata/roaming/gnumcueclipse/armembeddedgcc/bin/../lib/gcc/arm-none-eabi/8.2.1/../../../../arm-none-eabi/lib/thumb/v7-m/nofp\libc_nano.a
END GROUP
LOAD c:/users/user/appdata/roaming/gnumcueclipse/armembeddedgcc/bin/../lib/gcc/arm-none-eabi/8.2.1/thumb/v7-m/nofp/crtend.o
LOAD c:/users/user/appdata/roaming/gnumcueclipse/armembeddedgcc/bin/../lib/gcc/arm-none-eabi/8.2.1/thumb/v7-m/nofp/crtn.o
                0x0000000020020000                _estack = 0x20020000
                0x0000000000000800                _Min_Heap_Size = 0x800
                0x0000000000000800                _Min_Stack_Size = 0x800

.isr_vector     0x0000000008000000      0x184
                0x0000000008000000                . = ALIGN (0x4)
 *(.isr_vector)
 .isr_vector    0x0000000008000000      0x184 build/startup_stm32f215xx.o
                0x0000000008000000                g_pfnVectors
                0x0000000008000184                . = ALIGN (0x4)

.text           0x0000000008000190     0x5810
                0x0000000008000190                . = ALIGN (0x4)
 *(.text)
 .text          0x0000000008000190       0x30 c:/users/user/appdata/roaming/gnumcueclipse/armembeddedgcc/bin/../lib/gcc/arm-none-eabi/8.2.1/thumb/v7-m/nofp\libgcc.a(_aeabi_uldivmod.o)
                0x0000000008000190                __aeabi_uldivmod
 .text          0x00000000080001c0        0x4 c:/users/user/appdata/roaming/gnumcueclipse/armembeddedgcc/bin/../lib/gcc/arm-none-eabi/8.2.1/thumb/v7-m/nofp\libgcc.a(_dvmd_tls.o)
                0x00000000080001c0                __aeabi_idiv0
                0x00000000080001c0                __aeabi_ldiv0
 *(.text*)
 .text.deregister_tm_clones
                0x00000000080001c4       0x1c c:/users/user/appdata/roaming/gnumcueclipse/armembeddedgcc/bin/../lib/gcc/arm-none-eabi/8.2.1/thumb/v7-m/nofp/crtbegin.o
 .text.register_tm_clones
                0x00000000080001e0       0x24 c:/users/user/appdata/roaming/gnumcueclipse/armembeddedgcc/bin/../lib/gcc/arm-none-eabi/8.2.1/thumb/v7-m/nofp/crtbegin.o
 .text.__do_global_dtors_aux
                0x0000000008000204       0x28 c:/users/user/appdata/roaming/gnumcueclipse/armembeddedgcc/bin/../lib/gcc/arm-none-eabi/8.2.1/thumb/v7-m/nofp/crtbegin.o
 .text.frame_dummy
                0x000000000800022c       0x24 c:/users/user/appdata/roaming/gnumcueclipse/armembeddedgcc/bin/../lib/gcc/arm-none-eabi/8.2.1/thumb/v7-m/nofp/crtbegin.o
 .text.SystemClock_Config
                0x0000000008000250       0x6a build/main.o
                0x0000000008000250                SystemClock_Config
 .text.main     0x00000000080002ba       0x30 build/main.o
                0x00000000080002ba                main
 *fill*         0x00000000080002ea        0x2 
 .text.HAL_TIM_PeriodElapsedCallback
                0x00000000080002ec       0x18 build/main.o
                0x00000000080002ec                HAL_TIM_PeriodElapsedCallback
 .text.Error_Handler
                0x0000000008000304        0x2 build/main.o
                0x0000000008000304                Error_Handler
 *fill*         0x0000000008000306        0x2 
 .text.MX_GPIO_Init
                0x0000000008000308       0xa8 build/gpio.o
                0x0000000008000308                MX_GPIO_Init
 .text.MX_CAN1_Init
                0x00000000080003b0       0x38 build/can.o
                0x00000000080003b0                MX_CAN1_Init
 .text.HAL_CAN_MspInit
                0x00000000080003e8       0x70 build/can.o
                0x00000000080003e8                HAL_CAN_MspInit
 .text.MX_DMA_Init
                0x0000000008000458       0xbc build/dma.o
                0x0000000008000458                MX_DMA_Init
 .text.StartDefaultTask
                0x0000000008000514        0xe build/freertos.o
                0x0000000008000514                StartDefaultTask
 *fill*         0x0000000008000522        0x2 
 .text.MX_FREERTOS_Init
                0x0000000008000524       0x28 build/freertos.o
                0x0000000008000524                MX_FREERTOS_Init
 .text.HAL_FSMC_MspInit
                0x000000000800054c       0x7c build/fsmc.o
 .text.MX_FSMC_Init
                0x00000000080005c8       0x60 build/fsmc.o
                0x00000000080005c8                MX_FSMC_Init
 .text.HAL_NAND_MspInit
                0x0000000008000628        0x8 build/fsmc.o
                0x0000000008000628                HAL_NAND_MspInit
 .text.MX_SPI1_Init
                0x0000000008000630       0x40 build/spi.o
                0x0000000008000630                MX_SPI1_Init
 .text.MX_SPI3_Init
                0x0000000008000670       0x40 build/spi.o
                0x0000000008000670                MX_SPI3_Init
 .text.HAL_SPI_MspInit
                0x00000000080006b0      0x1e4 build/spi.o
                0x00000000080006b0                HAL_SPI_MspInit
 .text.MX_UART4_Init
                0x0000000008000894       0x34 build/usart.o
                0x0000000008000894                MX_UART4_Init
 .text.HAL_UART_MspInit
                0x00000000080008c8       0x70 build/usart.o
                0x00000000080008c8                HAL_UART_MspInit
 .text.MX_USB_DEVICE_Init
                0x0000000008000938       0x54 build/usb_device.o
                0x0000000008000938                MX_USB_DEVICE_Init
 .text.HAL_PCD_MspInit
                0x000000000800098c      0x134 build/usbd_conf.o
                0x000000000800098c                HAL_PCD_MspInit
 .text.HAL_PCD_SetupStageCallback
                0x0000000008000ac0       0x10 build/usbd_conf.o
                0x0000000008000ac0                HAL_PCD_SetupStageCallback
 .text.HAL_PCD_DataOutStageCallback
                0x0000000008000ad0       0x18 build/usbd_conf.o
                0x0000000008000ad0                HAL_PCD_DataOutStageCallback
 .text.HAL_PCD_DataInStageCallback
                0x0000000008000ae8       0x16 build/usbd_conf.o
                0x0000000008000ae8                HAL_PCD_DataInStageCallback
 .text.HAL_PCD_SOFCallback
                0x0000000008000afe        0xc build/usbd_conf.o
                0x0000000008000afe                HAL_PCD_SOFCallback
 .text.HAL_PCD_ResetCallback
                0x0000000008000b0a       0x2c build/usbd_conf.o
                0x0000000008000b0a                HAL_PCD_ResetCallback
 *fill*         0x0000000008000b36        0x2 
 .text.HAL_PCD_SuspendCallback
                0x0000000008000b38       0x30 build/usbd_conf.o
                0x0000000008000b38                HAL_PCD_SuspendCallback
 .text.HAL_PCD_ResumeCallback
                0x0000000008000b68        0xc build/usbd_conf.o
                0x0000000008000b68                HAL_PCD_ResumeCallback
 .text.HAL_PCD_ISOOUTIncompleteCallback
                0x0000000008000b74        0xc build/usbd_conf.o
                0x0000000008000b74                HAL_PCD_ISOOUTIncompleteCallback
 .text.HAL_PCD_ISOINIncompleteCallback
                0x0000000008000b80        0xc build/usbd_conf.o
                0x0000000008000b80                HAL_PCD_ISOINIncompleteCallback
 .text.HAL_PCD_ConnectCallback
                0x0000000008000b8c        0xc build/usbd_conf.o
                0x0000000008000b8c                HAL_PCD_ConnectCallback
 .text.HAL_PCD_DisconnectCallback
                0x0000000008000b98        0xc build/usbd_conf.o
                0x0000000008000b98                HAL_PCD_DisconnectCallback
 .text.USBD_LL_Init
                0x0000000008000ba4       0x70 build/usbd_conf.o
                0x0000000008000ba4                USBD_LL_Init
 .text.USBD_LL_IsStallEP
                0x0000000008000c14       0x2e build/usbd_conf.o
                0x0000000008000c14                USBD_LL_IsStallEP
 .text.USBD_LL_GetRxDataSize
                0x0000000008000c42        0xc build/usbd_conf.o
                0x0000000008000c42                USBD_LL_GetRxDataSize
 .text.USBD_Get_USB_Status
                0x0000000008000c4e       0x18 build/usbd_conf.o
                0x0000000008000c4e                USBD_Get_USB_Status
 .text.USBD_LL_Start
                0x0000000008000c66       0x10 build/usbd_conf.o
                0x0000000008000c66                USBD_LL_Start
 .text.USBD_LL_OpenEP
                0x0000000008000c76       0x16 build/usbd_conf.o
                0x0000000008000c76                USBD_LL_OpenEP
 .text.USBD_LL_CloseEP
                0x0000000008000c8c       0x10 build/usbd_conf.o
                0x0000000008000c8c                USBD_LL_CloseEP
 .text.USBD_LL_StallEP
                0x0000000008000c9c       0x10 build/usbd_conf.o
                0x0000000008000c9c                USBD_LL_StallEP
 .text.USBD_LL_ClearStallEP
                0x0000000008000cac       0x10 build/usbd_conf.o
                0x0000000008000cac                USBD_LL_ClearStallEP
 .text.USBD_LL_SetUSBAddress
                0x0000000008000cbc       0x10 build/usbd_conf.o
                0x0000000008000cbc                USBD_LL_SetUSBAddress
 .text.USBD_LL_Transmit
                0x0000000008000ccc       0x10 build/usbd_conf.o
                0x0000000008000ccc                USBD_LL_Transmit
 .text.USBD_LL_PrepareReceive
                0x0000000008000cdc       0x10 build/usbd_conf.o
                0x0000000008000cdc                USBD_LL_PrepareReceive
 .text.USBD_HS_DeviceDescriptor
                0x0000000008000cec        0xc build/usbd_desc.o
                0x0000000008000cec                USBD_HS_DeviceDescriptor
 .text.USBD_HS_LangIDStrDescriptor
                0x0000000008000cf8        0xc build/usbd_desc.o
                0x0000000008000cf8                USBD_HS_LangIDStrDescriptor
 .text.IntToUnicode
                0x0000000008000d04       0x36 build/usbd_desc.o
 *fill*         0x0000000008000d3a        0x2 
 .text.Get_SerialNum
                0x0000000008000d3c       0x34 build/usbd_desc.o
 .text.USBD_HS_SerialStrDescriptor
                0x0000000008000d70       0x14 build/usbd_desc.o
                0x0000000008000d70                USBD_HS_SerialStrDescriptor
 .text.USBD_HS_ProductStrDescriptor
                0x0000000008000d84       0x24 build/usbd_desc.o
                0x0000000008000d84                USBD_HS_ProductStrDescriptor
 .text.USBD_HS_ManufacturerStrDescriptor
                0x0000000008000da8       0x1c build/usbd_desc.o
                0x0000000008000da8                USBD_HS_ManufacturerStrDescriptor
 .text.USBD_HS_ConfigStrDescriptor
                0x0000000008000dc4       0x24 build/usbd_desc.o
                0x0000000008000dc4                USBD_HS_ConfigStrDescriptor
 .text.USBD_HS_InterfaceStrDescriptor
                0x0000000008000de8       0x24 build/usbd_desc.o
                0x0000000008000de8                USBD_HS_InterfaceStrDescriptor
 .text.CDC_DeInit_HS
                0x0000000008000e0c        0x4 build/usbd_cdc_if.o
 .text.CDC_Control_HS
                0x0000000008000e10        0x4 build/usbd_cdc_if.o
 .text.CDC_Receive_HS
                0x0000000008000e14       0x1c build/usbd_cdc_if.o
 .text.CDC_Init_HS
                0x0000000008000e30       0x28 build/usbd_cdc_if.o
 .text.NMI_Handler
                0x0000000008000e58        0x2 build/stm32f2xx_it.o
                0x0000000008000e58                NMI_Handler
 .text.HardFault_Handler
                0x0000000008000e5a        0x2 build/stm32f2xx_it.o
                0x0000000008000e5a                HardFault_Handler
 .text.MemManage_Handler
                0x0000000008000e5c        0x2 build/stm32f2xx_it.o
                0x0000000008000e5c                MemManage_Handler
 .text.BusFault_Handler
                0x0000000008000e5e        0x2 build/stm32f2xx_it.o
                0x0000000008000e5e                BusFault_Handler
 .text.UsageFault_Handler
                0x0000000008000e60        0x2 build/stm32f2xx_it.o
                0x0000000008000e60                UsageFault_Handler
 .text.DebugMon_Handler
                0x0000000008000e62        0x2 build/stm32f2xx_it.o
                0x0000000008000e62                DebugMon_Handler
 .text.DMA1_Stream0_IRQHandler
                0x0000000008000e64       0x10 build/stm32f2xx_it.o
                0x0000000008000e64                DMA1_Stream0_IRQHandler
 .text.DMA1_Stream5_IRQHandler
                0x0000000008000e74       0x10 build/stm32f2xx_it.o
                0x0000000008000e74                DMA1_Stream5_IRQHandler
 .text.TIM6_DAC_IRQHandler
                0x0000000008000e84       0x10 build/stm32f2xx_it.o
                0x0000000008000e84                TIM6_DAC_IRQHandler
 .text.DMA2_Stream0_IRQHandler
                0x0000000008000e94       0x10 build/stm32f2xx_it.o
                0x0000000008000e94                DMA2_Stream0_IRQHandler
 .text.DMA2_Stream3_IRQHandler
                0x0000000008000ea4       0x10 build/stm32f2xx_it.o
                0x0000000008000ea4                DMA2_Stream3_IRQHandler
 .text.OTG_HS_EP1_OUT_IRQHandler
                0x0000000008000eb4       0x10 build/stm32f2xx_it.o
                0x0000000008000eb4                OTG_HS_EP1_OUT_IRQHandler
 .text.OTG_HS_EP1_IN_IRQHandler
                0x0000000008000ec4       0x10 build/stm32f2xx_it.o
                0x0000000008000ec4                OTG_HS_EP1_IN_IRQHandler
 .text.OTG_HS_IRQHandler
                0x0000000008000ed4       0x10 build/stm32f2xx_it.o
                0x0000000008000ed4                OTG_HS_IRQHandler
 .text.HAL_MspInit
                0x0000000008000ee4       0x44 build/stm32f2xx_hal_msp.o
                0x0000000008000ee4                HAL_MspInit
 .text.HAL_InitTick
                0x0000000008000f28       0x7c build/stm32f2xx_hal_timebase_tim.o
                0x0000000008000f28                HAL_InitTick
 .text.HAL_PCDEx_SetTxFiFo
                0x0000000008000fa4       0x48 build/stm32f2xx_hal_pcd_ex.o
                0x0000000008000fa4                HAL_PCDEx_SetTxFiFo
 .text.HAL_PCDEx_SetRxFiFo
                0x0000000008000fec        0x8 build/stm32f2xx_hal_pcd_ex.o
                0x0000000008000fec                HAL_PCDEx_SetRxFiFo
 .text.PCD_WriteEmptyTxFifo
                0x0000000008000ff4       0xd2 build/stm32f2xx_hal_pcd.o
 .text.HAL_PCD_Init
                0x00000000080010c6      0x122 build/stm32f2xx_hal_pcd.o
                0x00000000080010c6                HAL_PCD_Init
 .text.HAL_PCD_Start
                0x00000000080011e8       0x2a build/stm32f2xx_hal_pcd.o
                0x00000000080011e8                HAL_PCD_Start
 *fill*         0x0000000008001212        0x2 
 .text.PCD_EP_OutXfrComplete_int
                0x0000000008001214       0xf8 build/stm32f2xx_hal_pcd.o
 .text.PCD_EP_OutSetupPacket_int
                0x000000000800130c       0x6c build/stm32f2xx_hal_pcd.o
 .text.HAL_PCD_IRQHandler
                0x0000000008001378      0x48a build/stm32f2xx_hal_pcd.o
                0x0000000008001378                HAL_PCD_IRQHandler
 .text.HAL_PCD_SetAddress
                0x0000000008001802       0x28 build/stm32f2xx_hal_pcd.o
                0x0000000008001802                HAL_PCD_SetAddress
 .text.HAL_PCD_EP_Open
                0x000000000800182a       0x80 build/stm32f2xx_hal_pcd.o
                0x000000000800182a                HAL_PCD_EP_Open
 .text.HAL_PCD_EP_Close
                0x00000000080018aa       0x6c build/stm32f2xx_hal_pcd.o
                0x00000000080018aa                HAL_PCD_EP_Close
 .text.HAL_PCD_EP_Receive
                0x0000000008001916       0x5c build/stm32f2xx_hal_pcd.o
                0x0000000008001916                HAL_PCD_EP_Receive
 .text.HAL_PCD_EP_GetRxCount
                0x0000000008001972       0x12 build/stm32f2xx_hal_pcd.o
                0x0000000008001972                HAL_PCD_EP_GetRxCount
 .text.HAL_PCD_EP_Transmit
                0x0000000008001984       0x54 build/stm32f2xx_hal_pcd.o
                0x0000000008001984                HAL_PCD_EP_Transmit
 .text.HAL_PCD_EP_SetStall
                0x00000000080019d8       0x82 build/stm32f2xx_hal_pcd.o
                0x00000000080019d8                HAL_PCD_EP_SetStall
 .text.HAL_PCD_EP_ClrStall
                0x0000000008001a5a       0x6e build/stm32f2xx_hal_pcd.o
                0x0000000008001a5a                HAL_PCD_EP_ClrStall
 .text.USB_CoreReset
                0x0000000008001ac8       0x3c build/stm32f2xx_ll_usb.o
 .text.USB_CoreInit
                0x0000000008001b04       0x7c build/stm32f2xx_ll_usb.o
                0x0000000008001b04                USB_CoreInit
 .text.USB_SetTurnaroundTime
                0x0000000008001b80       0xec build/stm32f2xx_ll_usb.o
                0x0000000008001b80                USB_SetTurnaroundTime
 .text.USB_EnableGlobalInt
                0x0000000008001c6c        0xc build/stm32f2xx_ll_usb.o
                0x0000000008001c6c                USB_EnableGlobalInt
 .text.USB_DisableGlobalInt
                0x0000000008001c78        0xc build/stm32f2xx_ll_usb.o
                0x0000000008001c78                USB_DisableGlobalInt
 .text.USB_SetCurrentMode
                0x0000000008001c84       0x30 build/stm32f2xx_ll_usb.o
                0x0000000008001c84                USB_SetCurrentMode
 .text.USB_FlushTxFifo
                0x0000000008001cb4       0x28 build/stm32f2xx_ll_usb.o
                0x0000000008001cb4                USB_FlushTxFifo
 .text.USB_FlushRxFifo
                0x0000000008001cdc       0x24 build/stm32f2xx_ll_usb.o
                0x0000000008001cdc                USB_FlushRxFifo
 .text.USB_SetDevSpeed
                0x0000000008001d00        0xe build/stm32f2xx_ll_usb.o
                0x0000000008001d00                USB_SetDevSpeed
 *fill*         0x0000000008001d0e        0x2 
 .text.USB_DevInit
                0x0000000008001d10      0x19c build/stm32f2xx_ll_usb.o
                0x0000000008001d10                USB_DevInit
 .text.USB_GetDevSpeed
                0x0000000008001eac       0x22 build/stm32f2xx_ll_usb.o
                0x0000000008001eac                USB_GetDevSpeed
 .text.USB_ActivateEndpoint
                0x0000000008001ece       0x94 build/stm32f2xx_ll_usb.o
                0x0000000008001ece                USB_ActivateEndpoint
 *fill*         0x0000000008001f62        0x2 
 .text.USB_DeactivateEndpoint
                0x0000000008001f64       0x90 build/stm32f2xx_ll_usb.o
                0x0000000008001f64                USB_DeactivateEndpoint
 .text.USB_EP0StartXfer
                0x0000000008001ff4      0x11c build/stm32f2xx_ll_usb.o
                0x0000000008001ff4                USB_EP0StartXfer
 .text.USB_WritePacket
                0x0000000008002110       0x28 build/stm32f2xx_ll_usb.o
                0x0000000008002110                USB_WritePacket
 .text.USB_EPStartXfer
                0x0000000008002138      0x218 build/stm32f2xx_ll_usb.o
                0x0000000008002138                USB_EPStartXfer
 .text.USB_ReadPacket
                0x0000000008002350       0x26 build/stm32f2xx_ll_usb.o
                0x0000000008002350                USB_ReadPacket
 .text.USB_EPSetStall
                0x0000000008002376       0x5a build/stm32f2xx_ll_usb.o
                0x0000000008002376                USB_EPSetStall
 .text.USB_EPClearStall
                0x00000000080023d0       0x5c build/stm32f2xx_ll_usb.o
                0x00000000080023d0                USB_EPClearStall
 .text.USB_SetDevAddress
                0x000000000800242c       0x20 build/stm32f2xx_ll_usb.o
                0x000000000800242c                USB_SetDevAddress
 .text.USB_DevConnect
                0x000000000800244c       0x18 build/stm32f2xx_ll_usb.o
                0x000000000800244c                USB_DevConnect
 .text.USB_DevDisconnect
                0x0000000008002464       0x18 build/stm32f2xx_ll_usb.o
                0x0000000008002464                USB_DevDisconnect
 .text.USB_ReadInterrupts
                0x000000000800247c        0x8 build/stm32f2xx_ll_usb.o
                0x000000000800247c                USB_ReadInterrupts
 .text.USB_ReadDevAllOutEpInterrupt
                0x0000000008002484       0x10 build/stm32f2xx_ll_usb.o
                0x0000000008002484                USB_ReadDevAllOutEpInterrupt
 .text.USB_ReadDevAllInEpInterrupt
                0x0000000008002494       0x10 build/stm32f2xx_ll_usb.o
                0x0000000008002494                USB_ReadDevAllInEpInterrupt
 .text.USB_ReadDevOutEPInterrupt
                0x00000000080024a4       0x12 build/stm32f2xx_ll_usb.o
                0x00000000080024a4                USB_ReadDevOutEPInterrupt
 .text.USB_ReadDevInEPInterrupt
                0x00000000080024b6       0x26 build/stm32f2xx_ll_usb.o
                0x00000000080024b6                USB_ReadDevInEPInterrupt
 .text.USB_GetMode
                0x00000000080024dc        0x8 build/stm32f2xx_ll_usb.o
                0x00000000080024dc                USB_GetMode
 .text.USB_ActivateSetup
                0x00000000080024e4       0x38 build/stm32f2xx_ll_usb.o
                0x00000000080024e4                USB_ActivateSetup
 .text.USB_EP0_OutStart
                0x000000000800251c       0x5c build/stm32f2xx_ll_usb.o
                0x000000000800251c                USB_EP0_OutStart
 .text.HAL_CAN_Init
                0x0000000008002578      0x14c build/stm32f2xx_hal_can.o
                0x0000000008002578                HAL_CAN_Init
 .text.FSMC_NAND_Init
                0x00000000080026c4       0x64 build/stm32f2xx_ll_fsmc.o
                0x00000000080026c4                FSMC_NAND_Init
 .text.FSMC_NAND_CommonSpace_Timing_Init
                0x0000000008002728       0x3a build/stm32f2xx_ll_fsmc.o
                0x0000000008002728                FSMC_NAND_CommonSpace_Timing_Init
 .text.FSMC_NAND_AttributeSpace_Timing_Init
                0x0000000008002762       0x3a build/stm32f2xx_ll_fsmc.o
                0x0000000008002762                FSMC_NAND_AttributeSpace_Timing_Init
 .text.HAL_NAND_Init
                0x000000000800279c       0x62 build/stm32f2xx_hal_nand.o
                0x000000000800279c                HAL_NAND_Init
 .text.HAL_SPI_Init
                0x00000000080027fe       0x80 build/stm32f2xx_hal_spi.o
                0x00000000080027fe                HAL_SPI_Init
 .text.HAL_TIM_Base_MspInit
                0x000000000800287e        0x2 build/stm32f2xx_hal_tim.o
                0x000000000800287e                HAL_TIM_Base_MspInit
 .text.HAL_TIM_Base_Start_IT
                0x0000000008002880       0x22 build/stm32f2xx_hal_tim.o
                0x0000000008002880                HAL_TIM_Base_Start_IT
 .text.HAL_TIM_OC_DelayElapsedCallback
                0x00000000080028a2        0x2 build/stm32f2xx_hal_tim.o
                0x00000000080028a2                HAL_TIM_OC_DelayElapsedCallback
 .text.HAL_TIM_IC_CaptureCallback
                0x00000000080028a4        0x2 build/stm32f2xx_hal_tim.o
                0x00000000080028a4                HAL_TIM_IC_CaptureCallback
 .text.HAL_TIM_PWM_PulseFinishedCallback
                0x00000000080028a6        0x2 build/stm32f2xx_hal_tim.o
                0x00000000080028a6                HAL_TIM_PWM_PulseFinishedCallback
 .text.HAL_TIM_TriggerCallback
                0x00000000080028a8        0x2 build/stm32f2xx_hal_tim.o
                0x00000000080028a8                HAL_TIM_TriggerCallback
 .text.HAL_TIM_IRQHandler
                0x00000000080028aa      0x17a build/stm32f2xx_hal_tim.o
                0x00000000080028aa                HAL_TIM_IRQHandler
 .text.TIM_Base_SetConfig
                0x0000000008002a24       0xc8 build/stm32f2xx_hal_tim.o
                0x0000000008002a24                TIM_Base_SetConfig
 .text.HAL_TIM_Base_Init
                0x0000000008002aec       0x34 build/stm32f2xx_hal_tim.o
                0x0000000008002aec                HAL_TIM_Base_Init
 .text.HAL_TIMEx_CommutCallback
                0x0000000008002b20        0x2 build/stm32f2xx_hal_tim_ex.o
                0x0000000008002b20                HAL_TIMEx_CommutCallback
 .text.HAL_TIMEx_BreakCallback
                0x0000000008002b22        0x2 build/stm32f2xx_hal_tim_ex.o
                0x0000000008002b22                HAL_TIMEx_BreakCallback
 .text.UART_SetConfig
                0x0000000008002b24      0x174 build/stm32f2xx_hal_uart.o
 .text.HAL_UART_Init
                0x0000000008002c98       0x5e build/stm32f2xx_hal_uart.o
                0x0000000008002c98                HAL_UART_Init
 *fill*         0x0000000008002cf6        0x2 
 .text.HAL_Init
                0x0000000008002cf8       0x34 build/stm32f2xx_hal.o
                0x0000000008002cf8                HAL_Init
 .text.HAL_IncTick
                0x0000000008002d2c       0x18 build/stm32f2xx_hal.o
                0x0000000008002d2c                HAL_IncTick
 .text.HAL_GetTick
                0x0000000008002d44        0xc build/stm32f2xx_hal.o
                0x0000000008002d44                HAL_GetTick
 .text.HAL_Delay
                0x0000000008002d50       0x2c build/stm32f2xx_hal.o
                0x0000000008002d50                HAL_Delay
 .text.HAL_RCC_OscConfig
                0x0000000008002d7c      0x3cc build/stm32f2xx_hal_rcc.o
                0x0000000008002d7c                HAL_RCC_OscConfig
 .text.HAL_RCC_MCOConfig
                0x0000000008003148       0x9c build/stm32f2xx_hal_rcc.o
                0x0000000008003148                HAL_RCC_MCOConfig
 .text.HAL_RCC_EnableCSS
                0x00000000080031e4        0xc build/stm32f2xx_hal_rcc.o
                0x00000000080031e4                HAL_RCC_EnableCSS
 .text.HAL_RCC_GetSysClockFreq
                0x00000000080031f0       0xd4 build/stm32f2xx_hal_rcc.o
                0x00000000080031f0                HAL_RCC_GetSysClockFreq
 .text.HAL_RCC_ClockConfig
                0x00000000080032c4      0x16c build/stm32f2xx_hal_rcc.o
                0x00000000080032c4                HAL_RCC_ClockConfig
 .text.HAL_RCC_GetHCLKFreq
                0x0000000008003430        0xc build/stm32f2xx_hal_rcc.o
                0x0000000008003430                HAL_RCC_GetHCLKFreq
 .text.HAL_RCC_GetPCLK1Freq
                0x000000000800343c       0x2c build/stm32f2xx_hal_rcc.o
                0x000000000800343c                HAL_RCC_GetPCLK1Freq
 .text.HAL_RCC_GetPCLK2Freq
                0x0000000008003468       0x2c build/stm32f2xx_hal_rcc.o
                0x0000000008003468                HAL_RCC_GetPCLK2Freq
 .text.HAL_RCC_GetClockConfig
                0x0000000008003494       0x3c build/stm32f2xx_hal_rcc.o
                0x0000000008003494                HAL_RCC_GetClockConfig
 .text.HAL_NVIC_SetPriorityGrouping
                0x00000000080034d0       0x24 build/stm32f2xx_hal_cortex.o
                0x00000000080034d0                HAL_NVIC_SetPriorityGrouping
 .text.HAL_NVIC_SetPriority
                0x00000000080034f4       0x68 build/stm32f2xx_hal_cortex.o
                0x00000000080034f4                HAL_NVIC_SetPriority
 .text.HAL_NVIC_EnableIRQ
                0x000000000800355c       0x1c build/stm32f2xx_hal_cortex.o
                0x000000000800355c                HAL_NVIC_EnableIRQ
 .text.HAL_GPIO_Init
                0x0000000008003578      0x1cc build/stm32f2xx_hal_gpio.o
                0x0000000008003578                HAL_GPIO_Init
 .text.DMA_CalcBaseAndBitshift
                0x0000000008003744       0x40 build/stm32f2xx_hal_dma.o
 .text.DMA_CheckFifoParam
                0x0000000008003784       0x8e build/stm32f2xx_hal_dma.o
 *fill*         0x0000000008003812        0x2 
 .text.HAL_DMA_Init
                0x0000000008003814       0xcc build/stm32f2xx_hal_dma.o
                0x0000000008003814                HAL_DMA_Init
 .text.HAL_DMA_IRQHandler
                0x00000000080038e0      0x1dc build/stm32f2xx_hal_dma.o
                0x00000000080038e0                HAL_DMA_IRQHandler
 .text.SystemInit
                0x0000000008003abc       0x40 build/system_stm32f2xx.o
                0x0000000008003abc                SystemInit
 .text.vListInitialise
                0x0000000008003afc       0x16 build/list.o
                0x0000000008003afc                vListInitialise
 .text.vListInitialiseItem
                0x0000000008003b12        0x6 build/list.o
                0x0000000008003b12                vListInitialiseItem
 .text.vListInsertEnd
                0x0000000008003b18       0x16 build/list.o
                0x0000000008003b18                vListInsertEnd
 .text.vListInsert
                0x0000000008003b2e       0x34 build/list.o
                0x0000000008003b2e                vListInsert
 .text.uxListRemove
                0x0000000008003b62       0x26 build/list.o
                0x0000000008003b62                uxListRemove
 .text.prvResetNextTaskUnblockTime
                0x0000000008003b88       0x2c build/tasks.o
 .text.prvDeleteTCB
                0x0000000008003bb4       0x12 build/tasks.o
 .text.prvInitialiseNewTask
                0x0000000008003bc6       0x7e build/tasks.o
 .text.prvInitialiseTaskLists
                0x0000000008003c44       0x68 build/tasks.o
 .text.prvAddNewTaskToReadyList
                0x0000000008003cac       0xa8 build/tasks.o
 .text.prvCheckTasksWaitingTermination
                0x0000000008003d54       0x4c build/tasks.o
 .text.prvIdleTask
                0x0000000008003da0       0x28 build/tasks.o
 .text.prvAddCurrentTaskToDelayedList
                0x0000000008003dc8       0x98 build/tasks.o
 .text.xTaskCreate
                0x0000000008003e60       0x62 build/tasks.o
                0x0000000008003e60                xTaskCreate
 *fill*         0x0000000008003ec2        0x2 
 .text.vTaskStartScheduler
                0x0000000008003ec4       0x7c build/tasks.o
                0x0000000008003ec4                vTaskStartScheduler
 .text.vTaskSuspendAll
                0x0000000008003f40       0x10 build/tasks.o
                0x0000000008003f40                vTaskSuspendAll
 .text.xTaskIncrementTick
                0x0000000008003f50      0x118 build/tasks.o
                0x0000000008003f50                xTaskIncrementTick
 .text.xTaskResumeAll
                0x0000000008004068       0xfc build/tasks.o
                0x0000000008004068                xTaskResumeAll
 .text.vTaskDelay
                0x0000000008004164       0x4c build/tasks.o
                0x0000000008004164                vTaskDelay
 .text.vTaskSwitchContext
                0x00000000080041b0       0x98 build/tasks.o
                0x00000000080041b0                vTaskSwitchContext
 .text.makeFreeRtosPriority
                0x0000000008004248        0xc build/cmsis_os.o
 .text.osKernelStart
                0x0000000008004254        0xa build/cmsis_os.o
                0x0000000008004254                osKernelStart
 .text.osThreadCreate
                0x000000000800425e       0x34 build/cmsis_os.o
                0x000000000800425e                osThreadCreate
 .text.osDelay  0x0000000008004292       0x12 build/cmsis_os.o
                0x0000000008004292                osDelay
 .text.prvHeapInit
                0x00000000080042a4       0x64 build/heap_4.o
 .text.prvInsertBlockIntoFreeList
                0x0000000008004308       0x58 build/heap_4.o
 .text.pvPortMalloc
                0x0000000008004360      0x108 build/heap_4.o
                0x0000000008004360                pvPortMalloc
 .text.vPortFree
                0x0000000008004468       0x70 build/heap_4.o
                0x0000000008004468                vPortFree
 .text.prvTaskExitError
                0x00000000080044d8       0x40 build/port.o
 .text.prvPortStartFirstTask
                0x0000000008004518       0x20 build/port.o
 .text.pxPortInitialiseStack
                0x0000000008004538       0x24 build/port.o
                0x0000000008004538                pxPortInitialiseStack
 *fill*         0x000000000800455c        0x4 
 .text.SVC_Handler
                0x0000000008004560       0x24 build/port.o
                0x0000000008004560                SVC_Handler
 .text.vPortEnterCritical
                0x0000000008004584       0x44 build/port.o
                0x0000000008004584                vPortEnterCritical
 .text.vPortExitCritical
                0x00000000080045c8       0x2c build/port.o
                0x00000000080045c8                vPortExitCritical
 *fill*         0x00000000080045f4        0xc 
 .text.PendSV_Handler
                0x0000000008004600       0x44 build/port.o
                0x0000000008004600                PendSV_Handler
 .text.SysTick_Handler
                0x0000000008004644       0x2c build/port.o
                0x0000000008004644                SysTick_Handler
 .text.vPortSetupTimerInterrupt
                0x0000000008004670       0x38 build/port.o
                0x0000000008004670                vPortSetupTimerInterrupt
 .text.xPortStartScheduler
                0x00000000080046a8       0xb8 build/port.o
                0x00000000080046a8                xPortStartScheduler
 .text.USBD_Init
                0x0000000008004760       0x2e build/usbd_core.o
                0x0000000008004760                USBD_Init
 .text.USBD_RegisterClass
                0x000000000800478e        0xe build/usbd_core.o
                0x000000000800478e                USBD_RegisterClass
 .text.USBD_Start
                0x000000000800479c        0xa build/usbd_core.o
                0x000000000800479c                USBD_Start
 .text.USBD_SetClassConfig
                0x00000000080047a6       0x1a build/usbd_core.o
                0x00000000080047a6                USBD_SetClassConfig
 .text.USBD_ClrClassConfig
                0x00000000080047c0        0xe build/usbd_core.o
                0x00000000080047c0                USBD_ClrClassConfig
 .text.USBD_LL_SetupStage
                0x00000000080047ce       0x5c build/usbd_core.o
                0x00000000080047ce                USBD_LL_SetupStage
 .text.USBD_LL_DataOutStage
                0x000000000800482a       0x94 build/usbd_core.o
                0x000000000800482a                USBD_LL_DataOutStage
 .text.USBD_LL_DataInStage
                0x00000000080048be       0xd4 build/usbd_core.o
                0x00000000080048be                USBD_LL_DataInStage
 .text.USBD_LL_Reset
                0x0000000008004992       0x50 build/usbd_core.o
                0x0000000008004992                USBD_LL_Reset
 .text.USBD_LL_SetSpeed
                0x00000000080049e2        0x6 build/usbd_core.o
                0x00000000080049e2                USBD_LL_SetSpeed
 .text.USBD_LL_Suspend
                0x00000000080049e8       0x12 build/usbd_core.o
                0x00000000080049e8                USBD_LL_Suspend
 .text.USBD_LL_Resume
                0x00000000080049fa       0x16 build/usbd_core.o
                0x00000000080049fa                USBD_LL_Resume
 .text.USBD_LL_SOF
                0x0000000008004a10       0x1c build/usbd_core.o
                0x0000000008004a10                USBD_LL_SOF
 .text.USBD_LL_IsoINIncomplete
                0x0000000008004a2c        0x4 build/usbd_core.o
                0x0000000008004a2c                USBD_LL_IsoINIncomplete
 .text.USBD_LL_IsoOUTIncomplete
                0x0000000008004a30        0x4 build/usbd_core.o
                0x0000000008004a30                USBD_LL_IsoOUTIncomplete
 .text.USBD_LL_DevConnected
                0x0000000008004a34        0x4 build/usbd_core.o
                0x0000000008004a34                USBD_LL_DevConnected
 .text.USBD_LL_DevDisconnected
                0x0000000008004a38       0x16 build/usbd_core.o
                0x0000000008004a38                USBD_LL_DevDisconnected
 .text.USBD_GetLen
                0x0000000008004a4e       0x12 build/usbd_ctlreq.o
 .text.USBD_SetFeature
                0x0000000008004a60       0x14 build/usbd_ctlreq.o
 .text.USBD_ParseSetupRequest
                0x0000000008004a74       0x28 build/usbd_ctlreq.o
                0x0000000008004a74                USBD_ParseSetupRequest
 .text.USBD_CtlError
                0x0000000008004a9c       0x14 build/usbd_ctlreq.o
                0x0000000008004a9c                USBD_CtlError
 .text.USBD_GetDescriptor
                0x0000000008004ab0      0x186 build/usbd_ctlreq.o
 .text.USBD_SetAddress
                0x0000000008004c36       0x4e build/usbd_ctlreq.o
 .text.USBD_SetConfig
                0x0000000008004c84       0xb0 build/usbd_ctlreq.o
 .text.USBD_GetConfig
                0x0000000008004d34       0x3e build/usbd_ctlreq.o
 .text.USBD_GetStatus
                0x0000000008004d72       0x38 build/usbd_ctlreq.o
 .text.USBD_ClrFeature
                0x0000000008004daa       0x26 build/usbd_ctlreq.o
 .text.USBD_StdDevReq
                0x0000000008004dd0       0x68 build/usbd_ctlreq.o
                0x0000000008004dd0                USBD_StdDevReq
 .text.USBD_StdItfReq
                0x0000000008004e38       0x60 build/usbd_ctlreq.o
                0x0000000008004e38                USBD_StdItfReq
 .text.USBD_StdEPReq
                0x0000000008004e98      0x210 build/usbd_ctlreq.o
                0x0000000008004e98                USBD_StdEPReq
 .text.USBD_GetString
                0x00000000080050a8       0x36 build/usbd_ctlreq.o
                0x00000000080050a8                USBD_GetString
 .text.USBD_CtlSendData
                0x00000000080050de       0x1a build/usbd_ioreq.o
                0x00000000080050de                USBD_CtlSendData
 .text.USBD_CtlContinueSendData
                0x00000000080050f8       0x10 build/usbd_ioreq.o
                0x00000000080050f8                USBD_CtlContinueSendData
 .text.USBD_CtlPrepareRx
                0x0000000008005108       0x1e build/usbd_ioreq.o
                0x0000000008005108                USBD_CtlPrepareRx
 .text.USBD_CtlContinueRx
                0x0000000008005126       0x10 build/usbd_ioreq.o
                0x0000000008005126                USBD_CtlContinueRx
 .text.USBD_CtlSendStatus
                0x0000000008005136       0x16 build/usbd_ioreq.o
                0x0000000008005136                USBD_CtlSendStatus
 .text.USBD_CtlReceiveStatus
                0x000000000800514c       0x16 build/usbd_ioreq.o
                0x000000000800514c                USBD_CtlReceiveStatus
 .text.USBD_CDC_EP0_RxReady
                0x0000000008005162       0x28 build/usbd_cdc.o
 *fill*         0x000000000800518a        0x2 
 .text.USBD_CDC_GetFSCfgDesc
                0x000000000800518c        0xc build/usbd_cdc.o
 .text.USBD_CDC_GetHSCfgDesc
                0x0000000008005198        0xc build/usbd_cdc.o
 .text.USBD_CDC_GetOtherSpeedCfgDesc
                0x00000000080051a4        0xc build/usbd_cdc.o
 .text.USBD_CDC_GetDeviceQualifierDescriptor
                0x00000000080051b0        0xc build/usbd_cdc.o
                0x00000000080051b0                USBD_CDC_GetDeviceQualifierDescriptor
 .text.USBD_CDC_DataOut
                0x00000000080051bc       0x2e build/usbd_cdc.o
 .text.USBD_CDC_DataIn
                0x00000000080051ea       0x4e build/usbd_cdc.o
 .text.USBD_CDC_Setup
                0x0000000008005238       0xda build/usbd_cdc.o
 .text.USBD_CDC_DeInit
                0x0000000008005312       0x42 build/usbd_cdc.o
 .text.USBD_CDC_Init
                0x0000000008005354       0xaa build/usbd_cdc.o
 .text.USBD_CDC_RegisterInterface
                0x00000000080053fe        0xe build/usbd_cdc.o
                0x00000000080053fe                USBD_CDC_RegisterInterface
 .text.USBD_CDC_SetTxBuffer
                0x000000000800540c       0x10 build/usbd_cdc.o
                0x000000000800540c                USBD_CDC_SetTxBuffer
 .text.USBD_CDC_SetRxBuffer
                0x000000000800541c        0xc build/usbd_cdc.o
                0x000000000800541c                USBD_CDC_SetRxBuffer
 .text.USBD_CDC_ReceivePacket
                0x0000000008005428       0x30 build/usbd_cdc.o
                0x0000000008005428                USBD_CDC_ReceivePacket
 .text.Reset_Handler
                0x0000000008005458       0x50 build/startup_stm32f215xx.o
                0x0000000008005458                Reset_Handler
 .text.Default_Handler
                0x00000000080054a8        0x2 build/startup_stm32f215xx.o
                0x00000000080054a8                RTC_Alarm_IRQHandler
                0x00000000080054a8                HASH_RNG_IRQHandler
                0x00000000080054a8                EXTI2_IRQHandler
                0x00000000080054a8                TIM8_CC_IRQHandler
                0x00000000080054a8                TIM1_CC_IRQHandler
                0x00000000080054a8                DMA2_Stream5_IRQHandler
                0x00000000080054a8                PVD_IRQHandler
                0x00000000080054a8                SDIO_IRQHandler
                0x00000000080054a8                TAMP_STAMP_IRQHandler
                0x00000000080054a8                CAN2_RX1_IRQHandler
                0x00000000080054a8                EXTI3_IRQHandler
                0x00000000080054a8                TIM8_TRG_COM_TIM14_IRQHandler
                0x00000000080054a8                TIM1_UP_TIM10_IRQHandler
                0x00000000080054a8                TIM8_UP_TIM13_IRQHandler
                0x00000000080054a8                I2C3_ER_IRQHandler
                0x00000000080054a8                EXTI0_IRQHandler
                0x00000000080054a8                I2C2_EV_IRQHandler
                0x00000000080054a8                DMA1_Stream2_IRQHandler
                0x00000000080054a8                CAN1_RX0_IRQHandler
                0x00000000080054a8                OTG_HS_WKUP_IRQHandler
                0x00000000080054a8                CAN2_SCE_IRQHandler
                0x00000000080054a8                DMA2_Stream2_IRQHandler
                0x00000000080054a8                SPI1_IRQHandler
                0x00000000080054a8                TIM1_BRK_TIM9_IRQHandler
                0x00000000080054a8                CAN2_RX0_IRQHandler
                0x00000000080054a8                USART6_IRQHandler
                0x00000000080054a8                USART3_IRQHandler
                0x00000000080054a8                CRYP_IRQHandler
                0x00000000080054a8                CAN1_RX1_IRQHandler
                0x00000000080054a8                UART5_IRQHandler
                0x00000000080054a8                TIM4_IRQHandler
                0x00000000080054a8                I2C1_EV_IRQHandler
                0x00000000080054a8                DMA1_Stream6_IRQHandler
                0x00000000080054a8                DMA1_Stream1_IRQHandler
                0x00000000080054a8                UART4_IRQHandler
                0x00000000080054a8                TIM3_IRQHandler
                0x00000000080054a8                RCC_IRQHandler
                0x00000000080054a8                TIM8_BRK_TIM12_IRQHandler
                0x00000000080054a8                Default_Handler
                0x00000000080054a8                EXTI15_10_IRQHandler
                0x00000000080054a8                ADC_IRQHandler
                0x00000000080054a8                DMA1_Stream7_IRQHandler
                0x00000000080054a8                TIM7_IRQHandler
                0x00000000080054a8                CAN2_TX_IRQHandler
                0x00000000080054a8                TIM5_IRQHandler
                0x00000000080054a8                DMA2_Stream7_IRQHandler
                0x00000000080054a8                I2C3_EV_IRQHandler
                0x00000000080054a8                EXTI9_5_IRQHandler
                0x00000000080054a8                RTC_WKUP_IRQHandler
                0x00000000080054a8                SPI2_IRQHandler
                0x00000000080054a8                CAN1_TX_IRQHandler
                0x00000000080054a8                EXTI4_IRQHandler
                0x00000000080054a8                FSMC_IRQHandler
                0x00000000080054a8                WWDG_IRQHandler
                0x00000000080054a8                TIM2_IRQHandler
                0x00000000080054a8                OTG_FS_WKUP_IRQHandler
                0x00000000080054a8                TIM1_TRG_COM_TIM11_IRQHandler
                0x00000000080054a8                EXTI1_IRQHandler
                0x00000000080054a8                USART2_IRQHandler
                0x00000000080054a8                I2C2_ER_IRQHandler
                0x00000000080054a8                DMA2_Stream1_IRQHandler
                0x00000000080054a8                CAN1_SCE_IRQHandler
                0x00000000080054a8                FLASH_IRQHandler
                0x00000000080054a8                DMA2_Stream4_IRQHandler
                0x00000000080054a8                USART1_IRQHandler
                0x00000000080054a8                OTG_FS_IRQHandler
                0x00000000080054a8                SPI3_IRQHandler
                0x00000000080054a8                DMA1_Stream4_IRQHandler
                0x00000000080054a8                I2C1_ER_IRQHandler
                0x00000000080054a8                DMA2_Stream6_IRQHandler
                0x00000000080054a8                DMA1_Stream3_IRQHandler
 *fill*         0x00000000080054aa        0x2 
 .text.__libc_init_array
                0x00000000080054ac       0x48 c:/users/user/appdata/roaming/gnumcueclipse/armembeddedgcc/bin/../lib/gcc/arm-none-eabi/8.2.1/../../../../arm-none-eabi/lib/thumb/v7-m/nofp\libc_nano.a(lib_a-init.o)
                0x00000000080054ac                __libc_init_array
 .text.malloc   0x00000000080054f4       0x10 c:/users/user/appdata/roaming/gnumcueclipse/armembeddedgcc/bin/../lib/gcc/arm-none-eabi/8.2.1/../../../../arm-none-eabi/lib/thumb/v7-m/nofp\libc_nano.a(lib_a-malloc.o)
                0x00000000080054f4                malloc
 .text.free     0x0000000008005504       0x10 c:/users/user/appdata/roaming/gnumcueclipse/armembeddedgcc/bin/../lib/gcc/arm-none-eabi/8.2.1/../../../../arm-none-eabi/lib/thumb/v7-m/nofp\libc_nano.a(lib_a-malloc.o)
                0x0000000008005504                free
 .text._free_r  0x0000000008005514       0x98 c:/users/user/appdata/roaming/gnumcueclipse/armembeddedgcc/bin/../lib/gcc/arm-none-eabi/8.2.1/../../../../arm-none-eabi/lib/thumb/v7-m/nofp\libc_nano.a(lib_a-nano-freer.o)
                0x0000000008005514                _free_r
 .text._malloc_r
                0x00000000080055ac       0xb4 c:/users/user/appdata/roaming/gnumcueclipse/armembeddedgcc/bin/../lib/gcc/arm-none-eabi/8.2.1/../../../../arm-none-eabi/lib/thumb/v7-m/nofp\libc_nano.a(lib_a-nano-mallocr.o)
                0x00000000080055ac                _malloc_r
 .text._sbrk_r  0x0000000008005660       0x20 c:/users/user/appdata/roaming/gnumcueclipse/armembeddedgcc/bin/../lib/gcc/arm-none-eabi/8.2.1/../../../../arm-none-eabi/lib/thumb/v7-m/nofp\libc_nano.a(lib_a-sbrkr.o)
                0x0000000008005660                _sbrk_r
 .text.__malloc_lock
                0x0000000008005680        0xc c:/users/user/appdata/roaming/gnumcueclipse/armembeddedgcc/bin/../lib/gcc/arm-none-eabi/8.2.1/../../../../arm-none-eabi/lib/thumb/v7-m/nofp\libc_nano.a(lib_a-mlock.o)
                0x0000000008005680                __malloc_lock
 .text.__malloc_unlock
                0x000000000800568c        0xc c:/users/user/appdata/roaming/gnumcueclipse/armembeddedgcc/bin/../lib/gcc/arm-none-eabi/8.2.1/../../../../arm-none-eabi/lib/thumb/v7-m/nofp\libc_nano.a(lib_a-mlock.o)
                0x000000000800568c                __malloc_unlock
 .text.__retarget_lock_acquire_recursive
                0x0000000008005698        0x2 c:/users/user/appdata/roaming/gnumcueclipse/armembeddedgcc/bin/../lib/gcc/arm-none-eabi/8.2.1/../../../../arm-none-eabi/lib/thumb/v7-m/nofp\libc_nano.a(lib_a-lock.o)
                0x0000000008005698                __retarget_lock_acquire_recursive
 .text.__retarget_lock_release_recursive
                0x000000000800569a        0x2 c:/users/user/appdata/roaming/gnumcueclipse/armembeddedgcc/bin/../lib/gcc/arm-none-eabi/8.2.1/../../../../arm-none-eabi/lib/thumb/v7-m/nofp\libc_nano.a(lib_a-lock.o)
                0x000000000800569a                __retarget_lock_release_recursive
 .text._sbrk    0x000000000800569c       0x1c c:/users/user/appdata/roaming/gnumcueclipse/armembeddedgcc/bin/../lib/gcc/arm-none-eabi/8.2.1/../../../../arm-none-eabi/lib/thumb/v7-m/nofp\libnosys.a(sbrk.o)
                0x000000000800569c                _sbrk
 .text.__udivmoddi4
                0x00000000080056b8      0x2d0 c:/users/user/appdata/roaming/gnumcueclipse/armembeddedgcc/bin/../lib/gcc/arm-none-eabi/8.2.1/thumb/v7-m/nofp\libgcc.a(_udivmoddi4.o)
                0x00000000080056b8                __udivmoddi4
 *(.glue_7)
 .glue_7        0x0000000008005988        0x0 linker stubs
 *(.glue_7t)
 .glue_7t       0x0000000008005988        0x0 linker stubs
 *(.eh_frame)
 .eh_frame      0x0000000008005988        0x0 c:/users/user/appdata/roaming/gnumcueclipse/armembeddedgcc/bin/../lib/gcc/arm-none-eabi/8.2.1/thumb/v7-m/nofp/crtbegin.o
 *(.init)
 .init          0x0000000008005988        0x4 c:/users/user/appdata/roaming/gnumcueclipse/armembeddedgcc/bin/../lib/gcc/arm-none-eabi/8.2.1/thumb/v7-m/nofp/crti.o
                0x0000000008005988                _init
 .init          0x000000000800598c        0x8 c:/users/user/appdata/roaming/gnumcueclipse/armembeddedgcc/bin/../lib/gcc/arm-none-eabi/8.2.1/thumb/v7-m/nofp/crtn.o
 *(.fini)
 .fini          0x0000000008005994        0x4 c:/users/user/appdata/roaming/gnumcueclipse/armembeddedgcc/bin/../lib/gcc/arm-none-eabi/8.2.1/thumb/v7-m/nofp/crti.o
                0x0000000008005994                _fini
 .fini          0x0000000008005998        0x8 c:/users/user/appdata/roaming/gnumcueclipse/armembeddedgcc/bin/../lib/gcc/arm-none-eabi/8.2.1/thumb/v7-m/nofp/crtn.o
                0x00000000080059a0                . = ALIGN (0x4)
                0x00000000080059a0                _etext = .

.vfp11_veneer   0x00000000080059a0        0x0
 .vfp11_veneer  0x00000000080059a0        0x0 linker stubs

.v4_bx          0x00000000080059a0        0x0
 .v4_bx         0x00000000080059a0        0x0 linker stubs

.iplt           0x00000000080059a0        0x0
 .iplt          0x00000000080059a0        0x0 c:/users/user/appdata/roaming/gnumcueclipse/armembeddedgcc/bin/../lib/gcc/arm-none-eabi/8.2.1/thumb/v7-m/nofp/crtbegin.o

.rodata         0x00000000080059a0       0x90
                0x00000000080059a0                . = ALIGN (0x4)
 *(.rodata)
 .rodata        0x00000000080059a0       0x14 build/freertos.o
 *(.rodata*)
 .rodata.str1.4
                0x00000000080059b4        0xc build/freertos.o
 .rodata.USBD_HS_ConfigStrDescriptor.str1.4
                0x00000000080059c0        0xb build/usbd_desc.o
 *fill*         0x00000000080059cb        0x1 
 .rodata.USBD_HS_InterfaceStrDescriptor.str1.4
                0x00000000080059cc        0xe build/usbd_desc.o
 *fill*         0x00000000080059da        0x2 
 .rodata.USBD_HS_ManufacturerStrDescriptor.str1.4
                0x00000000080059dc       0x13 build/usbd_desc.o
 *fill*         0x00000000080059ef        0x1 
 .rodata.USBD_HS_ProductStrDescriptor.str1.4
                0x00000000080059f0       0x16 build/usbd_desc.o
 *fill*         0x0000000008005a06        0x2 
 .rodata.flagBitshiftOffset.7381
                0x0000000008005a08        0x8 build/stm32f2xx_hal_dma.o
 .rodata.AHBPrescTable
                0x0000000008005a10       0x10 build/system_stm32f2xx.o
                0x0000000008005a10                AHBPrescTable
 .rodata.APBPrescTable
                0x0000000008005a20        0x8 build/system_stm32f2xx.o
                0x0000000008005a20                APBPrescTable
 .rodata.vTaskStartScheduler.str1.4
                0x0000000008005a28        0x8 build/tasks.o
                                          0x5 (size before relaxing)
                0x0000000008005a30                . = ALIGN (0x4)

.ARM.extab
 *(.ARM.extab* .gnu.linkonce.armextab.*)

.ARM            0x0000000008005a30        0x8
                0x0000000008005a30                __exidx_start = .
 *(.ARM.exidx*)
 .ARM.exidx.text.__udivmoddi4
                0x0000000008005a30        0x8 c:/users/user/appdata/roaming/gnumcueclipse/armembeddedgcc/bin/../lib/gcc/arm-none-eabi/8.2.1/thumb/v7-m/nofp\libgcc.a(_udivmoddi4.o)
                0x0000000008005a38                __exidx_end = .

.rel.dyn        0x0000000008005a38        0x0
 .rel.iplt      0x0000000008005a38        0x0 c:/users/user/appdata/roaming/gnumcueclipse/armembeddedgcc/bin/../lib/gcc/arm-none-eabi/8.2.1/thumb/v7-m/nofp/crtbegin.o

.preinit_array  0x0000000008005a38        0x0
                0x0000000008005a38                PROVIDE (__preinit_array_start = .)
 *(.preinit_array*)
                0x0000000008005a38                PROVIDE (__preinit_array_end = .)

.init_array     0x0000000008005a38        0x4
                0x0000000008005a38                PROVIDE (__init_array_start = .)
 *(SORT_BY_NAME(.init_array.*))
 *(.init_array*)
 .init_array    0x0000000008005a38        0x4 c:/users/user/appdata/roaming/gnumcueclipse/armembeddedgcc/bin/../lib/gcc/arm-none-eabi/8.2.1/thumb/v7-m/nofp/crtbegin.o
                0x0000000008005a3c                PROVIDE (__init_array_end = .)

.fini_array     0x0000000008005a3c        0x4
                [!provide]                        PROVIDE (__fini_array_start = .)
 *(SORT_BY_NAME(.fini_array.*))
 *(.fini_array*)
 .fini_array    0x0000000008005a3c        0x4 c:/users/user/appdata/roaming/gnumcueclipse/armembeddedgcc/bin/../lib/gcc/arm-none-eabi/8.2.1/thumb/v7-m/nofp/crtbegin.o
                [!provide]                        PROVIDE (__fini_array_end = .)
                0x0000000008005a40                _sidata = LOADADDR (.data)

.data           0x0000000020000000      0x1e4 load address 0x0000000008005a40
                0x0000000020000000                . = ALIGN (0x4)
                0x0000000020000000                _sdata = .
 *(.data)
 *(.data*)
 .data.HS_Desc  0x0000000020000000       0x1c build/usbd_desc.o
                0x0000000020000000                HS_Desc
 .data.USBD_HS_DeviceDesc
                0x000000002000001c       0x12 build/usbd_desc.o
                0x000000002000001c                USBD_HS_DeviceDesc
 *fill*         0x000000002000002e        0x2 
 .data.USBD_LangIDDesc
                0x0000000020000030        0x4 build/usbd_desc.o
                0x0000000020000030                USBD_LangIDDesc
 .data.USBD_StringSerial
                0x0000000020000034       0x1a build/usbd_desc.o
                0x0000000020000034                USBD_StringSerial
 *fill*         0x000000002000004e        0x2 
 .data.USBD_Interface_fops_HS
                0x0000000020000050       0x10 build/usbd_cdc_if.o
                0x0000000020000050                USBD_Interface_fops_HS
 .data.uwTickFreq
                0x0000000020000060        0x1 build/stm32f2xx_hal.o
                0x0000000020000060                uwTickFreq
 *fill*         0x0000000020000061        0x3 
 .data.uwTickPrio
                0x0000000020000064        0x4 build/stm32f2xx_hal.o
                0x0000000020000064                uwTickPrio
 .data.SystemCoreClock
                0x0000000020000068        0x4 build/system_stm32f2xx.o
                0x0000000020000068                SystemCoreClock
 .data.uxCriticalNesting
                0x000000002000006c        0x4 build/port.o
 .data.USBD_CDC
                0x0000000020000070       0x38 build/usbd_cdc.o
                0x0000000020000070                USBD_CDC
 .data.USBD_CDC_CfgFSDesc
                0x00000000200000a8       0x43 build/usbd_cdc.o
                0x00000000200000a8                USBD_CDC_CfgFSDesc
 *fill*         0x00000000200000eb        0x1 
 .data.USBD_CDC_CfgHSDesc
                0x00000000200000ec       0x43 build/usbd_cdc.o
                0x00000000200000ec                USBD_CDC_CfgHSDesc
 *fill*         0x000000002000012f        0x1 
 .data.USBD_CDC_DeviceQualifierDesc
                0x0000000020000130        0xa build/usbd_cdc.o
 *fill*         0x000000002000013a        0x2 
 .data.USBD_CDC_OtherSpeedCfgDesc
                0x000000002000013c       0x43 build/usbd_cdc.o
                0x000000002000013c                USBD_CDC_OtherSpeedCfgDesc
 *fill*         0x000000002000017f        0x1 
 .data._impure_ptr
                0x0000000020000180        0x4 c:/users/user/appdata/roaming/gnumcueclipse/armembeddedgcc/bin/../lib/gcc/arm-none-eabi/8.2.1/../../../../arm-none-eabi/lib/thumb/v7-m/nofp\libc_nano.a(lib_a-impure.o)
                0x0000000020000180                _impure_ptr
 .data.impure_data
                0x0000000020000184       0x60 c:/users/user/appdata/roaming/gnumcueclipse/armembeddedgcc/bin/../lib/gcc/arm-none-eabi/8.2.1/../../../../arm-none-eabi/lib/thumb/v7-m/nofp\libc_nano.a(lib_a-impure.o)
                0x00000000200001e4                . = ALIGN (0x4)
                0x00000000200001e4                _edata = .

.tm_clone_table
                0x00000000200001e4        0x0 load address 0x0000000008005c24
 .tm_clone_table
                0x00000000200001e4        0x0 c:/users/user/appdata/roaming/gnumcueclipse/armembeddedgcc/bin/../lib/gcc/arm-none-eabi/8.2.1/thumb/v7-m/nofp/crtbegin.o
 .tm_clone_table
                0x00000000200001e4        0x0 c:/users/user/appdata/roaming/gnumcueclipse/armembeddedgcc/bin/../lib/gcc/arm-none-eabi/8.2.1/thumb/v7-m/nofp/crtend.o

.igot.plt       0x00000000200001e4        0x0 load address 0x0000000008005c24
 .igot.plt      0x00000000200001e4        0x0 c:/users/user/appdata/roaming/gnumcueclipse/armembeddedgcc/bin/../lib/gcc/arm-none-eabi/8.2.1/thumb/v7-m/nofp/crtbegin.o
                0x00000000200001e4                . = ALIGN (0x4)

.bss            0x00000000200001e4     0x59d0 load address 0x0000000008005c24
                0x00000000200001e4                _sbss = .
                0x00000000200001e4                __bss_start__ = _sbss
 *(.bss)
 *(.bss*)
 .bss.completed.6707
                0x00000000200001e4        0x1 c:/users/user/appdata/roaming/gnumcueclipse/armembeddedgcc/bin/../lib/gcc/arm-none-eabi/8.2.1/thumb/v7-m/nofp/crtbegin.o
 *fill*         0x00000000200001e5        0x3 
 .bss.object.6712
                0x00000000200001e8       0x18 c:/users/user/appdata/roaming/gnumcueclipse/armembeddedgcc/bin/../lib/gcc/arm-none-eabi/8.2.1/thumb/v7-m/nofp/crtbegin.o
 .bss.FSMC_Initialized
                0x0000000020000200        0x4 build/fsmc.o
 .bss.pxCurrentTCB
                0x0000000020000204        0x4 build/tasks.o
                0x0000000020000204                pxCurrentTCB
 .bss.pxDelayedTaskList
                0x0000000020000208        0x4 build/tasks.o
 .bss.pxOverflowDelayedTaskList
                0x000000002000020c        0x4 build/tasks.o
 .bss.pxReadyTasksLists
                0x0000000020000210       0x8c build/tasks.o
 .bss.uxCurrentNumberOfTasks
                0x000000002000029c        0x4 build/tasks.o
 .bss.uxDeletedTasksWaitingCleanUp
                0x00000000200002a0        0x4 build/tasks.o
 .bss.uxPendedTicks
                0x00000000200002a4        0x4 build/tasks.o
 .bss.uxSchedulerSuspended
                0x00000000200002a8        0x4 build/tasks.o
 .bss.uxTaskNumber
                0x00000000200002ac        0x4 build/tasks.o
 .bss.uxTopReadyPriority
                0x00000000200002b0        0x4 build/tasks.o
 .bss.xDelayedTaskList1
                0x00000000200002b4       0x14 build/tasks.o
 .bss.xDelayedTaskList2
                0x00000000200002c8       0x14 build/tasks.o
 .bss.xIdleTaskHandle
                0x00000000200002dc        0x4 build/tasks.o
 .bss.xNextTaskUnblockTime
                0x00000000200002e0        0x4 build/tasks.o
 .bss.xNumOfOverflows
                0x00000000200002e4        0x4 build/tasks.o
 .bss.xPendingReadyList
                0x00000000200002e8       0x14 build/tasks.o
 .bss.xSchedulerRunning
                0x00000000200002fc        0x4 build/tasks.o
 .bss.xSuspendedTaskList
                0x0000000020000300       0x14 build/tasks.o
 .bss.xTasksWaitingTermination
                0x0000000020000314       0x14 build/tasks.o
 .bss.xTickCount
                0x0000000020000328        0x4 build/tasks.o
 .bss.xYieldPending
                0x000000002000032c        0x4 build/tasks.o
 .bss.pxEnd     0x0000000020000330        0x4 build/heap_4.o
 .bss.ucHeap    0x0000000020000334     0x3c00 build/heap_4.o
 .bss.xBlockAllocatedBit
                0x0000000020003f34        0x4 build/heap_4.o
 .bss.xFreeBytesRemaining
                0x0000000020003f38        0x4 build/heap_4.o
 .bss.xMinimumEverFreeBytesRemaining
                0x0000000020003f3c        0x4 build/heap_4.o
 .bss.xStart    0x0000000020003f40        0x8 build/heap_4.o
 .bss.ucMaxSysCallPriority
                0x0000000020003f48        0x1 build/port.o
 *fill*         0x0000000020003f49        0x3 
 .bss.ulMaxPRIGROUPValue
                0x0000000020003f4c        0x4 build/port.o
 .bss.cfgidx.9260
                0x0000000020003f50        0x1 build/usbd_ctlreq.o
 *fill*         0x0000000020003f51        0x3 
 .bss.__malloc_free_list
                0x0000000020003f54        0x4 c:/users/user/appdata/roaming/gnumcueclipse/armembeddedgcc/bin/../lib/gcc/arm-none-eabi/8.2.1/../../../../arm-none-eabi/lib/thumb/v7-m/nofp\libc_nano.a(lib_a-nano-mallocr.o)
                0x0000000020003f54                __malloc_free_list
 .bss.__malloc_sbrk_start
                0x0000000020003f58        0x4 c:/users/user/appdata/roaming/gnumcueclipse/armembeddedgcc/bin/../lib/gcc/arm-none-eabi/8.2.1/../../../../arm-none-eabi/lib/thumb/v7-m/nofp\libc_nano.a(lib_a-nano-mallocr.o)
                0x0000000020003f58                __malloc_sbrk_start
 .bss.heap_end.4194
                0x0000000020003f5c        0x4 c:/users/user/appdata/roaming/gnumcueclipse/armembeddedgcc/bin/../lib/gcc/arm-none-eabi/8.2.1/../../../../arm-none-eabi/lib/thumb/v7-m/nofp\libnosys.a(sbrk.o)
 *(COMMON)
 COMMON         0x0000000020003f60       0x28 build/can.o
                0x0000000020003f60                hcan1
 COMMON         0x0000000020003f88       0x60 build/dma.o
                0x0000000020003f88                hdma_memtomem_dma2_stream1
 COMMON         0x0000000020003fe8        0x4 build/freertos.o
                0x0000000020003fe8                defaultTaskHandle
 COMMON         0x0000000020003fec       0x40 build/fsmc.o
                0x0000000020003fec                hnand1
 COMMON         0x000000002000402c      0x230 build/spi.o
                0x000000002000402c                hspi3
                0x0000000020004084                hdma_spi3_tx
                0x00000000200040e4                hspi1
                0x000000002000413c                hdma_spi1_rx
                0x000000002000419c                hdma_spi1_tx
                0x00000000200041fc                hdma_spi3_rx
 COMMON         0x000000002000425c       0x40 build/usart.o
                0x000000002000425c                huart4
 COMMON         0x000000002000429c      0x2c4 build/usb_device.o
                0x000000002000429c                hUsbDeviceHS
 COMMON         0x0000000020004560      0x400 build/usbd_conf.o
                0x0000000020004560                hpcd_USB_OTG_HS
 COMMON         0x0000000020004960      0x200 build/usbd_desc.o
                0x0000000020004960                USBD_StrDesc
 COMMON         0x0000000020004b60     0x1000 build/usbd_cdc_if.o
                0x0000000020004b60                UserRxBufferHS
                0x0000000020005360                UserTxBufferHS
 COMMON         0x0000000020005b60       0x40 build/stm32f2xx_hal_timebase_tim.o
                0x0000000020005b60                htim6
 COMMON         0x0000000020005ba0        0x4 build/stm32f2xx_hal.o
                0x0000000020005ba0                uwTick
 COMMON         0x0000000020005ba4        0x4 c:/users/user/appdata/roaming/gnumcueclipse/armembeddedgcc/bin/../lib/gcc/arm-none-eabi/8.2.1/../../../../arm-none-eabi/lib/thumb/v7-m/nofp\libc_nano.a(lib_a-reent.o)
                0x0000000020005ba4                errno
 COMMON         0x0000000020005ba8        0x9 c:/users/user/appdata/roaming/gnumcueclipse/armembeddedgcc/bin/../lib/gcc/arm-none-eabi/8.2.1/../../../../arm-none-eabi/lib/thumb/v7-m/nofp\libc_nano.a(lib_a-lock.o)
                0x0000000020005ba8                __lock___atexit_recursive_mutex
                0x0000000020005ba9                __lock___arc4random_mutex
                0x0000000020005baa                __lock___env_recursive_mutex
                0x0000000020005bab                __lock___sinit_recursive_mutex
                0x0000000020005bac                __lock___malloc_recursive_mutex
                0x0000000020005bad                __lock___at_quick_exit_mutex
                0x0000000020005bae                __lock___dd_hash_mutex
                0x0000000020005baf                __lock___tz_mutex
                0x0000000020005bb0                __lock___sfp_recursive_mutex
                0x0000000020005bb4                . = ALIGN (0x4)
 *fill*         0x0000000020005bb1        0x3 
                0x0000000020005bb4                _ebss = .
                0x0000000020005bb4                __bss_end__ = _ebss

._user_heap_stack
                0x0000000020005bb4     0x1004 load address 0x0000000008005c24
                0x0000000020005bb8                . = ALIGN (0x8)
 *fill*         0x0000000020005bb4        0x4 
                0x0000000020005bb8                PROVIDE (end = .)
                [!provide]                        PROVIDE (_end = .)
                0x00000000200063b8                . = (. + _Min_Heap_Size)
 *fill*         0x0000000020005bb8      0x800 
                0x0000000020006bb8                . = (. + _Min_Stack_Size)
 *fill*         0x00000000200063b8      0x800 
                0x0000000020006bb8                . = ALIGN (0x8)

/DISCARD/
 libc.a(*)
 libm.a(*)
 libgcc.a(*)

.ARM.attributes
                0x0000000000000000       0x29
 *(.ARM.attributes)
 .ARM.attributes
                0x0000000000000000       0x1d c:/users/user/appdata/roaming/gnumcueclipse/armembeddedgcc/bin/../lib/gcc/arm-none-eabi/8.2.1/thumb/v7-m/nofp/crti.o
 .ARM.attributes
                0x000000000000001d       0x2d c:/users/user/appdata/roaming/gnumcueclipse/armembeddedgcc/bin/../lib/gcc/arm-none-eabi/8.2.1/thumb/v7-m/nofp/crtbegin.o
 .ARM.attributes
                0x000000000000004a       0x2d build/main.o
 .ARM.attributes
                0x0000000000000077       0x2d build/gpio.o
 .ARM.attributes
                0x00000000000000a4       0x2d build/can.o
 .ARM.attributes
                0x00000000000000d1       0x2d build/dma.o
 .ARM.attributes
                0x00000000000000fe       0x2d build/freertos.o
 .ARM.attributes
                0x000000000000012b       0x2d build/fsmc.o
 .ARM.attributes
                0x0000000000000158       0x2d build/spi.o
 .ARM.attributes
                0x0000000000000185       0x2d build/usart.o
 .ARM.attributes
                0x00000000000001b2       0x2d build/usb_device.o
 .ARM.attributes
                0x00000000000001df       0x2d build/usbd_conf.o
 .ARM.attributes
                0x000000000000020c       0x2d build/usbd_desc.o
 .ARM.attributes
                0x0000000000000239       0x2d build/usbd_cdc_if.o
 .ARM.attributes
                0x0000000000000266       0x2d build/stm32f2xx_it.o
 .ARM.attributes
                0x0000000000000293       0x2d build/stm32f2xx_hal_msp.o
 .ARM.attributes
                0x00000000000002c0       0x2d build/stm32f2xx_hal_timebase_tim.o
 .ARM.attributes
                0x00000000000002ed       0x2d build/stm32f2xx_hal_pcd_ex.o
 .ARM.attributes
                0x000000000000031a       0x2d build/stm32f2xx_hal_pcd.o
 .ARM.attributes
                0x0000000000000347       0x2d build/stm32f2xx_ll_usb.o
 .ARM.attributes
                0x0000000000000374       0x2d build/stm32f2xx_hal_can.o
 .ARM.attributes
                0x00000000000003a1       0x2d build/stm32f2xx_ll_fsmc.o
 .ARM.attributes
                0x00000000000003ce       0x2d build/stm32f2xx_hal_nand.o
 .ARM.attributes
                0x00000000000003fb       0x2d build/stm32f2xx_hal_spi.o
 .ARM.attributes
                0x0000000000000428       0x2d build/stm32f2xx_hal_tim.o
 .ARM.attributes
                0x0000000000000455       0x2d build/stm32f2xx_hal_tim_ex.o
 .ARM.attributes
                0x0000000000000482       0x2d build/stm32f2xx_hal_uart.o
 .ARM.attributes
                0x00000000000004af       0x2d build/stm32f2xx_hal.o
 .ARM.attributes
                0x00000000000004dc       0x2d build/stm32f2xx_hal_rcc.o
 .ARM.attributes
                0x0000000000000509       0x2d build/stm32f2xx_hal_cortex.o
 .ARM.attributes
                0x0000000000000536       0x2d build/stm32f2xx_hal_gpio.o
 .ARM.attributes
                0x0000000000000563       0x2d build/stm32f2xx_hal_dma.o
 .ARM.attributes
                0x0000000000000590       0x2d build/system_stm32f2xx.o
 .ARM.attributes
                0x00000000000005bd       0x2d build/list.o
 .ARM.attributes
                0x00000000000005ea       0x2d build/tasks.o
 .ARM.attributes
                0x0000000000000617       0x2d build/cmsis_os.o
 .ARM.attributes
                0x0000000000000644       0x2d build/heap_4.o
 .ARM.attributes
                0x0000000000000671       0x2d build/port.o
 .ARM.attributes
                0x000000000000069e       0x2d build/usbd_core.o
 .ARM.attributes
                0x00000000000006cb       0x2d build/usbd_ctlreq.o
 .ARM.attributes
                0x00000000000006f8       0x2d build/usbd_ioreq.o
 .ARM.attributes
                0x0000000000000725       0x2d build/usbd_cdc.o
 .ARM.attributes
                0x0000000000000752       0x21 build/startup_stm32f215xx.o
 .ARM.attributes
                0x0000000000000773       0x2d c:/users/user/appdata/roaming/gnumcueclipse/armembeddedgcc/bin/../lib/gcc/arm-none-eabi/8.2.1/../../../../arm-none-eabi/lib/thumb/v7-m/nofp\libc_nano.a(lib_a-impure.o)
 .ARM.attributes
                0x00000000000007a0       0x2d c:/users/user/appdata/roaming/gnumcueclipse/armembeddedgcc/bin/../lib/gcc/arm-none-eabi/8.2.1/../../../../arm-none-eabi/lib/thumb/v7-m/nofp\libc_nano.a(lib_a-init.o)
 .ARM.attributes
                0x00000000000007cd       0x2d c:/users/user/appdata/roaming/gnumcueclipse/armembeddedgcc/bin/../lib/gcc/arm-none-eabi/8.2.1/../../../../arm-none-eabi/lib/thumb/v7-m/nofp\libc_nano.a(lib_a-malloc.o)
 .ARM.attributes
                0x00000000000007fa       0x2d c:/users/user/appdata/roaming/gnumcueclipse/armembeddedgcc/bin/../lib/gcc/arm-none-eabi/8.2.1/../../../../arm-none-eabi/lib/thumb/v7-m/nofp\libc_nano.a(lib_a-nano-freer.o)
 .ARM.attributes
                0x0000000000000827       0x2d c:/users/user/appdata/roaming/gnumcueclipse/armembeddedgcc/bin/../lib/gcc/arm-none-eabi/8.2.1/../../../../arm-none-eabi/lib/thumb/v7-m/nofp\libc_nano.a(lib_a-nano-mallocr.o)
 .ARM.attributes
                0x0000000000000854       0x2d c:/users/user/appdata/roaming/gnumcueclipse/armembeddedgcc/bin/../lib/gcc/arm-none-eabi/8.2.1/../../../../arm-none-eabi/lib/thumb/v7-m/nofp\libc_nano.a(lib_a-sbrkr.o)
 .ARM.attributes
                0x0000000000000881       0x2d c:/users/user/appdata/roaming/gnumcueclipse/armembeddedgcc/bin/../lib/gcc/arm-none-eabi/8.2.1/../../../../arm-none-eabi/lib/thumb/v7-m/nofp\libc_nano.a(lib_a-mlock.o)
 .ARM.attributes
                0x00000000000008ae       0x2d c:/users/user/appdata/roaming/gnumcueclipse/armembeddedgcc/bin/../lib/gcc/arm-none-eabi/8.2.1/../../../../arm-none-eabi/lib/thumb/v7-m/nofp\libc_nano.a(lib_a-reent.o)
 .ARM.attributes
                0x00000000000008db       0x2d c:/users/user/appdata/roaming/gnumcueclipse/armembeddedgcc/bin/../lib/gcc/arm-none-eabi/8.2.1/../../../../arm-none-eabi/lib/thumb/v7-m/nofp\libc_nano.a(lib_a-lock.o)
 .ARM.attributes
                0x0000000000000908       0x2d c:/users/user/appdata/roaming/gnumcueclipse/armembeddedgcc/bin/../lib/gcc/arm-none-eabi/8.2.1/../../../../arm-none-eabi/lib/thumb/v7-m/nofp\libnosys.a(sbrk.o)
 .ARM.attributes
                0x0000000000000935       0x1d c:/users/user/appdata/roaming/gnumcueclipse/armembeddedgcc/bin/../lib/gcc/arm-none-eabi/8.2.1/thumb/v7-m/nofp\libgcc.a(_aeabi_uldivmod.o)
 .ARM.attributes
                0x0000000000000952       0x2d c:/users/user/appdata/roaming/gnumcueclipse/armembeddedgcc/bin/../lib/gcc/arm-none-eabi/8.2.1/thumb/v7-m/nofp\libgcc.a(_udivmoddi4.o)
 .ARM.attributes
                0x000000000000097f       0x1d c:/users/user/appdata/roaming/gnumcueclipse/armembeddedgcc/bin/../lib/gcc/arm-none-eabi/8.2.1/thumb/v7-m/nofp\libgcc.a(_dvmd_tls.o)
 .ARM.attributes
                0x000000000000099c       0x2d c:/users/user/appdata/roaming/gnumcueclipse/armembeddedgcc/bin/../lib/gcc/arm-none-eabi/8.2.1/thumb/v7-m/nofp/crtend.o
 .ARM.attributes
                0x00000000000009c9       0x1d c:/users/user/appdata/roaming/gnumcueclipse/armembeddedgcc/bin/../lib/gcc/arm-none-eabi/8.2.1/thumb/v7-m/nofp/crtn.o
OUTPUT(build/TestUSB.elf elf32-littlearm)

.debug_info     0x0000000000000000    0x32989
 .debug_info    0x0000000000000000     0x20c6 build/main.o
 .debug_info    0x00000000000020c6      0x5cd build/gpio.o
 .debug_info    0x0000000000002693      0xa9d build/can.o
 .debug_info    0x0000000000003130      0xa20 build/dma.o
 .debug_info    0x0000000000003b50      0x35d build/freertos.o
 .debug_info    0x0000000000003ead      0xa57 build/fsmc.o
 .debug_info    0x0000000000004904      0xe32 build/spi.o
 .debug_info    0x0000000000005736      0xb75 build/usart.o
 .debug_info    0x00000000000062ab     0x11af build/usb_device.o
 .debug_info    0x000000000000745a     0x2bc7 build/usbd_conf.o
 .debug_info    0x000000000000a021     0x109f build/usbd_desc.o
 .debug_info    0x000000000000b0c0     0x13c4 build/usbd_cdc_if.o
 .debug_info    0x000000000000c484      0xe24 build/stm32f2xx_it.o
 .debug_info    0x000000000000d2a8      0x62f build/stm32f2xx_hal_msp.o
 .debug_info    0x000000000000d8d7      0xd92 build/stm32f2xx_hal_timebase_tim.o
 .debug_info    0x000000000000e669      0x841 build/stm32f2xx_hal_pcd_ex.o
 .debug_info    0x000000000000eeaa     0x1b1f build/stm32f2xx_hal_pcd.o
 .debug_info    0x00000000000109c9     0x2147 build/stm32f2xx_ll_usb.o
 .debug_info    0x0000000000012b10     0x1477 build/stm32f2xx_hal_can.o
 .debug_info    0x0000000000013f87      0xc31 build/stm32f2xx_ll_fsmc.o
 .debug_info    0x0000000000014bb8     0x23f6 build/stm32f2xx_hal_nand.o
 .debug_info    0x0000000000016fae     0x202b build/stm32f2xx_hal_spi.o
 .debug_info    0x0000000000018fd9     0x3a85 build/stm32f2xx_hal_tim.o
 .debug_info    0x000000000001ca5e     0x18bc build/stm32f2xx_hal_tim_ex.o
 .debug_info    0x000000000001e31a     0x1b14 build/stm32f2xx_hal_uart.o
 .debug_info    0x000000000001fe2e      0xbdb build/stm32f2xx_hal.o
 .debug_info    0x0000000000020a09      0xfe9 build/stm32f2xx_hal_rcc.o
 .debug_info    0x00000000000219f2     0x1244 build/stm32f2xx_hal_cortex.o
 .debug_info    0x0000000000022c36      0x8d1 build/stm32f2xx_hal_gpio.o
 .debug_info    0x0000000000023507      0xc8b build/stm32f2xx_hal_dma.o
 .debug_info    0x0000000000024192      0x63c build/system_stm32f2xx.o
 .debug_info    0x00000000000247ce      0xc9e build/list.o
 .debug_info    0x000000000002546c     0x3145 build/tasks.o
 .debug_info    0x00000000000285b1     0x28bb build/cmsis_os.o
 .debug_info    0x000000000002ae6c      0xe81 build/heap_4.o
 .debug_info    0x000000000002bced      0x5cd build/port.o
 .debug_info    0x000000000002c2ba     0x18e4 build/usbd_core.o
 .debug_info    0x000000000002db9e     0x1bd9 build/usbd_ctlreq.o
 .debug_info    0x000000000002f777     0x12f1 build/usbd_ioreq.o
 .debug_info    0x0000000000030a68     0x1eff build/usbd_cdc.o
 .debug_info    0x0000000000032967       0x22 build/startup_stm32f215xx.o

.debug_abbrev   0x0000000000000000     0x67dd
 .debug_abbrev  0x0000000000000000      0x2b0 build/main.o
 .debug_abbrev  0x00000000000002b0      0x171 build/gpio.o
 .debug_abbrev  0x0000000000000421      0x1e9 build/can.o
 .debug_abbrev  0x000000000000060a      0x1ca build/dma.o
 .debug_abbrev  0x00000000000007d4      0x19a build/freertos.o
 .debug_abbrev  0x000000000000096e      0x1cf build/fsmc.o
 .debug_abbrev  0x0000000000000b3d      0x1f9 build/spi.o
 .debug_abbrev  0x0000000000000d36      0x1f1 build/usart.o
 .debug_abbrev  0x0000000000000f27      0x228 build/usb_device.o
 .debug_abbrev  0x000000000000114f      0x326 build/usbd_conf.o
 .debug_abbrev  0x0000000000001475      0x320 build/usbd_desc.o
 .debug_abbrev  0x0000000000001795      0x30c build/usbd_cdc_if.o
 .debug_abbrev  0x0000000000001aa1      0x1e1 build/stm32f2xx_it.o
 .debug_abbrev  0x0000000000001c82      0x149 build/stm32f2xx_hal_msp.o
 .debug_abbrev  0x0000000000001dcb      0x21c build/stm32f2xx_hal_timebase_tim.o
 .debug_abbrev  0x0000000000001fe7      0x1e1 build/stm32f2xx_hal_pcd_ex.o
 .debug_abbrev  0x00000000000021c8      0x2db build/stm32f2xx_hal_pcd.o
 .debug_abbrev  0x00000000000024a3      0x335 build/stm32f2xx_ll_usb.o
 .debug_abbrev  0x00000000000027d8      0x2b8 build/stm32f2xx_hal_can.o
 .debug_abbrev  0x0000000000002a90      0x1e9 build/stm32f2xx_ll_fsmc.o
 .debug_abbrev  0x0000000000002c79      0x2a1 build/stm32f2xx_hal_nand.o
 .debug_abbrev  0x0000000000002f1a      0x2d2 build/stm32f2xx_hal_spi.o
 .debug_abbrev  0x00000000000031ec      0x2c3 build/stm32f2xx_hal_tim.o
 .debug_abbrev  0x00000000000034af      0x2ab build/stm32f2xx_hal_tim_ex.o
 .debug_abbrev  0x000000000000375a      0x2fe build/stm32f2xx_hal_uart.o
 .debug_abbrev  0x0000000000003a58      0x2a2 build/stm32f2xx_hal.o
 .debug_abbrev  0x0000000000003cfa      0x31f build/stm32f2xx_hal_rcc.o
 .debug_abbrev  0x0000000000004019      0x3b3 build/stm32f2xx_hal_cortex.o
 .debug_abbrev  0x00000000000043cc      0x24f build/stm32f2xx_hal_gpio.o
 .debug_abbrev  0x000000000000461b      0x312 build/stm32f2xx_hal_dma.o
 .debug_abbrev  0x000000000000492d      0x14a build/system_stm32f2xx.o
 .debug_abbrev  0x0000000000004a77      0x245 build/list.o
 .debug_abbrev  0x0000000000004cbc      0x442 build/tasks.o
 .debug_abbrev  0x00000000000050fe      0x442 build/cmsis_os.o
 .debug_abbrev  0x0000000000005540      0x376 build/heap_4.o
 .debug_abbrev  0x00000000000058b6      0x2a6 build/port.o
 .debug_abbrev  0x0000000000005b5c      0x316 build/usbd_core.o
 .debug_abbrev  0x0000000000005e72      0x387 build/usbd_ctlreq.o
 .debug_abbrev  0x00000000000061f9      0x229 build/usbd_ioreq.o
 .debug_abbrev  0x0000000000006422      0x3a9 build/usbd_cdc.o
 .debug_abbrev  0x00000000000067cb       0x12 build/startup_stm32f215xx.o

.debug_loc      0x0000000000000000    0x1d21e
 .debug_loc     0x0000000000000000       0xbb build/main.o
 .debug_loc     0x00000000000000bb       0x38 build/gpio.o
 .debug_loc     0x00000000000000f3      0x108 build/can.o
 .debug_loc     0x00000000000001fb       0x44 build/dma.o
 .debug_loc     0x000000000000023f       0x7d build/freertos.o
 .debug_loc     0x00000000000002bc      0x132 build/fsmc.o
 .debug_loc     0x00000000000003ee      0x152 build/spi.o
 .debug_loc     0x0000000000000540      0x108 build/usart.o
 .debug_loc     0x0000000000000648       0x20 build/usb_device.o
 .debug_loc     0x0000000000000668      0xf6f build/usbd_conf.o
 .debug_loc     0x00000000000015d7      0x47b build/usbd_desc.o
 .debug_loc     0x0000000000001a52      0x197 build/usbd_cdc_if.o
 .debug_loc     0x0000000000001be9      0x100 build/stm32f2xx_it.o
 .debug_loc     0x0000000000001ce9       0x38 build/stm32f2xx_hal_msp.o
 .debug_loc     0x0000000000001d21       0xbc build/stm32f2xx_hal_timebase_tim.o
 .debug_loc     0x0000000000001ddd      0x116 build/stm32f2xx_hal_pcd_ex.o
 .debug_loc     0x0000000000001ef3     0x1611 build/stm32f2xx_hal_pcd.o
 .debug_loc     0x0000000000003504     0x2806 build/stm32f2xx_ll_usb.o
 .debug_loc     0x0000000000005d0a      0xf97 build/stm32f2xx_hal_can.o
 .debug_loc     0x0000000000006ca1      0x6d2 build/stm32f2xx_ll_fsmc.o
 .debug_loc     0x0000000000007373     0x2265 build/stm32f2xx_hal_nand.o
 .debug_loc     0x00000000000095d8     0x2545 build/stm32f2xx_hal_spi.o
 .debug_loc     0x000000000000bb1d     0x4e45 build/stm32f2xx_hal_tim.o
 .debug_loc     0x0000000000010962     0x1872 build/stm32f2xx_hal_tim_ex.o
 .debug_loc     0x00000000000121d4     0x1d8a build/stm32f2xx_hal_uart.o
 .debug_loc     0x0000000000013f5e      0x235 build/stm32f2xx_hal.o
 .debug_loc     0x0000000000014193      0x97e build/stm32f2xx_hal_rcc.o
 .debug_loc     0x0000000000014b11      0x790 build/stm32f2xx_hal_cortex.o
 .debug_loc     0x00000000000152a1      0x4b6 build/stm32f2xx_hal_gpio.o
 .debug_loc     0x0000000000015757      0xed7 build/stm32f2xx_hal_dma.o
 .debug_loc     0x000000000001662e      0x16c build/system_stm32f2xx.o
 .debug_loc     0x000000000001679a       0xbf build/list.o
 .debug_loc     0x0000000000016859     0x20c9 build/tasks.o
 .debug_loc     0x0000000000018922     0x1846 build/cmsis_os.o
 .debug_loc     0x000000000001a168      0x3a8 build/heap_4.o
 .debug_loc     0x000000000001a510      0x16c build/port.o
 .debug_loc     0x000000000001a67c      0x9d9 build/usbd_core.o
 .debug_loc     0x000000000001b055     0x14a3 build/usbd_ctlreq.o
 .debug_loc     0x000000000001c4f8      0x364 build/usbd_ioreq.o
 .debug_loc     0x000000000001c85c      0x9c2 build/usbd_cdc.o

.debug_aranges  0x0000000000000000     0x1c58
 .debug_aranges
                0x0000000000000000       0x38 build/main.o
 .debug_aranges
                0x0000000000000038       0x20 build/gpio.o
 .debug_aranges
                0x0000000000000058       0x30 build/can.o
 .debug_aranges
                0x0000000000000088       0x20 build/dma.o
 .debug_aranges
                0x00000000000000a8       0x28 build/freertos.o
 .debug_aranges
                0x00000000000000d0       0x40 build/fsmc.o
 .debug_aranges
                0x0000000000000110       0x38 build/spi.o
 .debug_aranges
                0x0000000000000148       0x30 build/usart.o
 .debug_aranges
                0x0000000000000178       0x20 build/usb_device.o
 .debug_aranges
                0x0000000000000198      0x100 build/usbd_conf.o
 .debug_aranges
                0x0000000000000298       0x60 build/usbd_desc.o
 .debug_aranges
                0x00000000000002f8       0x40 build/usbd_cdc_if.o
 .debug_aranges
                0x0000000000000338       0x88 build/stm32f2xx_it.o
 .debug_aranges
                0x00000000000003c0       0x20 build/stm32f2xx_hal_msp.o
 .debug_aranges
                0x00000000000003e0       0x30 build/stm32f2xx_hal_timebase_tim.o
 .debug_aranges
                0x0000000000000410       0x38 build/stm32f2xx_hal_pcd_ex.o
 .debug_aranges
                0x0000000000000448      0x130 build/stm32f2xx_hal_pcd.o
 .debug_aranges
                0x0000000000000578      0x198 build/stm32f2xx_ll_usb.o
 .debug_aranges
                0x0000000000000710      0x138 build/stm32f2xx_hal_can.o
 .debug_aranges
                0x0000000000000848       0xa8 build/stm32f2xx_ll_fsmc.o
 .debug_aranges
                0x00000000000008f0       0xd8 build/stm32f2xx_hal_nand.o
 .debug_aranges
                0x00000000000009c8      0x1d0 build/stm32f2xx_hal_spi.o
 .debug_aranges
                0x0000000000000b98      0x3a8 build/stm32f2xx_hal_tim.o
 .debug_aranges
                0x0000000000000f40      0x150 build/stm32f2xx_hal_tim_ex.o
 .debug_aranges
                0x0000000000001090      0x1d0 build/stm32f2xx_hal_uart.o
 .debug_aranges
                0x0000000000001260       0xf0 build/stm32f2xx_hal.o
 .debug_aranges
                0x0000000000001350       0x88 build/stm32f2xx_hal_rcc.o
 .debug_aranges
                0x00000000000013d8       0xa8 build/stm32f2xx_hal_cortex.o
 .debug_aranges
                0x0000000000001480       0x58 build/stm32f2xx_hal_gpio.o
 .debug_aranges
                0x00000000000014d8       0x90 build/stm32f2xx_hal_dma.o
 .debug_aranges
                0x0000000000001568       0x28 build/system_stm32f2xx.o
 .debug_aranges
                0x0000000000001590       0x40 build/list.o
 .debug_aranges
                0x00000000000015d0      0x1a0 build/tasks.o
 .debug_aranges
                0x0000000000001770      0x1d8 build/cmsis_os.o
 .debug_aranges
                0x0000000000001948       0x50 build/heap_4.o
 .debug_aranges
                0x0000000000001998       0x78 build/port.o
 .debug_aranges
                0x0000000000001a10       0xb8 build/usbd_core.o
 .debug_aranges
                0x0000000000001ac8       0x88 build/usbd_ctlreq.o
 .debug_aranges
                0x0000000000001b50       0x50 build/usbd_ioreq.o
 .debug_aranges
                0x0000000000001ba0       0x90 build/usbd_cdc.o
 .debug_aranges
                0x0000000000001c30       0x28 build/startup_stm32f215xx.o

.debug_ranges   0x0000000000000000     0x1af0
 .debug_ranges  0x0000000000000000       0x28 build/main.o
 .debug_ranges  0x0000000000000028       0x10 build/gpio.o
 .debug_ranges  0x0000000000000038       0x20 build/can.o
 .debug_ranges  0x0000000000000058       0x10 build/dma.o
 .debug_ranges  0x0000000000000068       0x18 build/freertos.o
 .debug_ranges  0x0000000000000080       0x30 build/fsmc.o
 .debug_ranges  0x00000000000000b0       0x28 build/spi.o
 .debug_ranges  0x00000000000000d8       0x20 build/usart.o
 .debug_ranges  0x00000000000000f8       0x10 build/usb_device.o
 .debug_ranges  0x0000000000000108       0xf0 build/usbd_conf.o
 .debug_ranges  0x00000000000001f8       0x50 build/usbd_desc.o
 .debug_ranges  0x0000000000000248       0x30 build/usbd_cdc_if.o
 .debug_ranges  0x0000000000000278       0x78 build/stm32f2xx_it.o
 .debug_ranges  0x00000000000002f0       0x10 build/stm32f2xx_hal_msp.o
 .debug_ranges  0x0000000000000300       0x20 build/stm32f2xx_hal_timebase_tim.o
 .debug_ranges  0x0000000000000320       0x28 build/stm32f2xx_hal_pcd_ex.o
 .debug_ranges  0x0000000000000348      0x120 build/stm32f2xx_hal_pcd.o
 .debug_ranges  0x0000000000000468      0x188 build/stm32f2xx_ll_usb.o
 .debug_ranges  0x00000000000005f0      0x128 build/stm32f2xx_hal_can.o
 .debug_ranges  0x0000000000000718       0x98 build/stm32f2xx_ll_fsmc.o
 .debug_ranges  0x00000000000007b0       0xc8 build/stm32f2xx_hal_nand.o
 .debug_ranges  0x0000000000000878      0x1c0 build/stm32f2xx_hal_spi.o
 .debug_ranges  0x0000000000000a38      0x398 build/stm32f2xx_hal_tim.o
 .debug_ranges  0x0000000000000dd0      0x140 build/stm32f2xx_hal_tim_ex.o
 .debug_ranges  0x0000000000000f10      0x1c0 build/stm32f2xx_hal_uart.o
 .debug_ranges  0x00000000000010d0       0xe0 build/stm32f2xx_hal.o
 .debug_ranges  0x00000000000011b0       0xa8 build/stm32f2xx_hal_rcc.o
 .debug_ranges  0x0000000000001258       0xe0 build/stm32f2xx_hal_cortex.o
 .debug_ranges  0x0000000000001338       0x48 build/stm32f2xx_hal_gpio.o
 .debug_ranges  0x0000000000001380       0x80 build/stm32f2xx_hal_dma.o
 .debug_ranges  0x0000000000001400       0x18 build/system_stm32f2xx.o
 .debug_ranges  0x0000000000001418       0x30 build/list.o
 .debug_ranges  0x0000000000001448      0x238 build/tasks.o
 .debug_ranges  0x0000000000001680      0x1c8 build/cmsis_os.o
 .debug_ranges  0x0000000000001848       0x40 build/heap_4.o
 .debug_ranges  0x0000000000001888       0x68 build/port.o
 .debug_ranges  0x00000000000018f0       0xa8 build/usbd_core.o
 .debug_ranges  0x0000000000001998       0x78 build/usbd_ctlreq.o
 .debug_ranges  0x0000000000001a10       0x40 build/usbd_ioreq.o
 .debug_ranges  0x0000000000001a50       0x80 build/usbd_cdc.o
 .debug_ranges  0x0000000000001ad0       0x20 build/startup_stm32f215xx.o

.debug_line     0x0000000000000000    0x1c7be
 .debug_line    0x0000000000000000      0x4f5 build/main.o
 .debug_line    0x00000000000004f5      0x20c build/gpio.o
 .debug_line    0x0000000000000701      0x325 build/can.o
 .debug_line    0x0000000000000a26      0x2a3 build/dma.o
 .debug_line    0x0000000000000cc9      0x26f build/freertos.o
 .debug_line    0x0000000000000f38      0x3fb build/fsmc.o
 .debug_line    0x0000000000001333      0x5c4 build/spi.o
 .debug_line    0x00000000000018f7      0x319 build/usart.o
 .debug_line    0x0000000000001c10      0x38e build/usb_device.o
 .debug_line    0x0000000000001f9e      0x986 build/usbd_conf.o
 .debug_line    0x0000000000002924      0x4d0 build/usbd_desc.o
 .debug_line    0x0000000000002df4      0x3d0 build/usbd_cdc_if.o
 .debug_line    0x00000000000031c4      0x383 build/stm32f2xx_it.o
 .debug_line    0x0000000000003547      0x1ed build/stm32f2xx_hal_msp.o
 .debug_line    0x0000000000003734      0x2db build/stm32f2xx_hal_timebase_tim.o
 .debug_line    0x0000000000003a0f      0x304 build/stm32f2xx_hal_pcd_ex.o
 .debug_line    0x0000000000003d13     0x1282 build/stm32f2xx_hal_pcd.o
 .debug_line    0x0000000000004f95     0x1a6f build/stm32f2xx_ll_usb.o
 .debug_line    0x0000000000006a04     0x1114 build/stm32f2xx_hal_can.o
 .debug_line    0x0000000000007b18      0x60b build/stm32f2xx_ll_fsmc.o
 .debug_line    0x0000000000008123     0x28ae build/stm32f2xx_hal_nand.o
 .debug_line    0x000000000000a9d1     0x22b2 build/stm32f2xx_hal_spi.o
 .debug_line    0x000000000000cc83     0x340e build/stm32f2xx_hal_tim.o
 .debug_line    0x0000000000010091     0x10da build/stm32f2xx_hal_tim_ex.o
 .debug_line    0x000000000001116b     0x1bc9 build/stm32f2xx_hal_uart.o
 .debug_line    0x0000000000012d34      0x5bb build/stm32f2xx_hal.o
 .debug_line    0x00000000000132ef      0xd1c build/stm32f2xx_hal_rcc.o
 .debug_line    0x000000000001400b      0x7a7 build/stm32f2xx_hal_cortex.o
 .debug_line    0x00000000000147b2      0x6ee build/stm32f2xx_hal_gpio.o
 .debug_line    0x0000000000014ea0      0xe12 build/stm32f2xx_hal_dma.o
 .debug_line    0x0000000000015cb2      0x2c1 build/system_stm32f2xx.o
 .debug_line    0x0000000000015f73      0x466 build/list.o
 .debug_line    0x00000000000163d9     0x2202 build/tasks.o
 .debug_line    0x00000000000185db     0x121c build/cmsis_os.o
 .debug_line    0x00000000000197f7      0x6f1 build/heap_4.o
 .debug_line    0x0000000000019ee8      0x5e6 build/port.o
 .debug_line    0x000000000001a4ce      0x8b2 build/usbd_core.o
 .debug_line    0x000000000001ad80      0xcd7 build/usbd_ctlreq.o
 .debug_line    0x000000000001ba57      0x419 build/usbd_ioreq.o
 .debug_line    0x000000000001be70      0x8db build/usbd_cdc.o
 .debug_line    0x000000000001c74b       0x73 build/startup_stm32f215xx.o

.debug_str      0x0000000000000000     0x8aa3
 .debug_str     0x0000000000000000     0x1322 build/main.o
                                       0x1456 (size before relaxing)
 .debug_str     0x0000000000001322      0x13d build/gpio.o
                                        0x3ff (size before relaxing)
 .debug_str     0x000000000000145f       0x53 build/can.o
                                        0x6da (size before relaxing)
 .debug_str     0x00000000000014b2      0x521 build/dma.o
                                        0xb20 (size before relaxing)
 .debug_str     0x00000000000019d3      0x16d build/freertos.o
                                        0x3eb (size before relaxing)
 .debug_str     0x0000000000001b40       0xf3 build/fsmc.o
                                        0x73c (size before relaxing)
 .debug_str     0x0000000000001c33       0x86 build/spi.o
                                        0x907 (size before relaxing)
 .debug_str     0x0000000000001cb9       0x49 build/usart.o
                                        0x880 (size before relaxing)
 .debug_str     0x0000000000001d02      0x3c9 build/usb_device.o
                                        0xae2 (size before relaxing)
 .debug_str     0x00000000000020cb      0x839 build/usbd_conf.o
                                       0x196c (size before relaxing)