Archive member included to satisfy reference by file (symbol)

c:/users/user/appdata/roaming/gnumcueclipse/armembeddedgcc/bin/../lib/gcc/arm-none-eabi/8.2.1/../../../../arm-none-eabi/lib/thumb/v7-m/nofp\libc_nano.a(lib_a-exit.o)
                              c:/users/user/appdata/roaming/gnumcueclipse/armembeddedgcc/bin/../lib/gcc/arm-none-eabi/8.2.1/../../../../arm-none-eabi/lib/thumb/v7-m/nofp/crt0.o (exit)
c:/users/user/appdata/roaming/gnumcueclipse/armembeddedgcc/bin/../lib/gcc/arm-none-eabi/8.2.1/../../../../arm-none-eabi/lib/thumb/v7-m/nofp\libc_nano.a(lib_a-impure.o)
                              c:/users/user/appdata/roaming/gnumcueclipse/armembeddedgcc/bin/../lib/gcc/arm-none-eabi/8.2.1/../../../../arm-none-eabi/lib/thumb/v7-m/nofp\libc_nano.a(lib_a-exit.o) (_global_impure_ptr)
c:/users/user/appdata/roaming/gnumcueclipse/armembeddedgcc/bin/../lib/gcc/arm-none-eabi/8.2.1/../../../../arm-none-eabi/lib/thumb/v7-m/nofp\libc_nano.a(lib_a-init.o)
                              c:/users/user/appdata/roaming/gnumcueclipse/armembeddedgcc/bin/../lib/gcc/arm-none-eabi/8.2.1/../../../../arm-none-eabi/lib/thumb/v7-m/nofp/crt0.o (__libc_init_array)
c:/users/user/appdata/roaming/gnumcueclipse/armembeddedgcc/bin/../lib/gcc/arm-none-eabi/8.2.1/../../../../arm-none-eabi/lib/thumb/v7-m/nofp\libc_nano.a(lib_a-malloc.o)
                              build/usbd_cdc.o (malloc)
c:/users/user/appdata/roaming/gnumcueclipse/armembeddedgcc/bin/../lib/gcc/arm-none-eabi/8.2.1/../../../../arm-none-eabi/lib/thumb/v7-m/nofp\libc_nano.a(lib_a-memcpy-stub.o)
                              build/pb_decode.o (memcpy)
c:/users/user/appdata/roaming/gnumcueclipse/armembeddedgcc/bin/../lib/gcc/arm-none-eabi/8.2.1/../../../../arm-none-eabi/lib/thumb/v7-m/nofp\libc_nano.a(lib_a-memset.o)
                              c:/users/user/appdata/roaming/gnumcueclipse/armembeddedgcc/bin/../lib/gcc/arm-none-eabi/8.2.1/../../../../arm-none-eabi/lib/thumb/v7-m/nofp/crt0.o (memset)
c:/users/user/appdata/roaming/gnumcueclipse/armembeddedgcc/bin/../lib/gcc/arm-none-eabi/8.2.1/../../../../arm-none-eabi/lib/thumb/v7-m/nofp\libc_nano.a(lib_a-nano-freer.o)
                              c:/users/user/appdata/roaming/gnumcueclipse/armembeddedgcc/bin/../lib/gcc/arm-none-eabi/8.2.1/../../../../arm-none-eabi/lib/thumb/v7-m/nofp\libc_nano.a(lib_a-malloc.o) (_free_r)
c:/users/user/appdata/roaming/gnumcueclipse/armembeddedgcc/bin/../lib/gcc/arm-none-eabi/8.2.1/../../../../arm-none-eabi/lib/thumb/v7-m/nofp\libc_nano.a(lib_a-nano-mallocr.o)
                              c:/users/user/appdata/roaming/gnumcueclipse/armembeddedgcc/bin/../lib/gcc/arm-none-eabi/8.2.1/../../../../arm-none-eabi/lib/thumb/v7-m/nofp\libc_nano.a(lib_a-malloc.o) (_malloc_r)
c:/users/user/appdata/roaming/gnumcueclipse/armembeddedgcc/bin/../lib/gcc/arm-none-eabi/8.2.1/../../../../arm-none-eabi/lib/thumb/v7-m/nofp\libc_nano.a(lib_a-printf.o)
                              build/usbCore.o (printf)
c:/users/user/appdata/roaming/gnumcueclipse/armembeddedgcc/bin/../lib/gcc/arm-none-eabi/8.2.1/../../../../arm-none-eabi/lib/thumb/v7-m/nofp\libc_nano.a(lib_a-sbrkr.o)
                              c:/users/user/appdata/roaming/gnumcueclipse/armembeddedgcc/bin/../lib/gcc/arm-none-eabi/8.2.1/../../../../arm-none-eabi/lib/thumb/v7-m/nofp\libc_nano.a(lib_a-nano-mallocr.o) (_sbrk_r)
c:/users/user/appdata/roaming/gnumcueclipse/armembeddedgcc/bin/../lib/gcc/arm-none-eabi/8.2.1/../../../../arm-none-eabi/lib/thumb/v7-m/nofp\libc_nano.a(lib_a-findfp.o)
                              c:/users/user/appdata/roaming/gnumcueclipse/armembeddedgcc/bin/../lib/gcc/arm-none-eabi/8.2.1/../../../../arm-none-eabi/lib/thumb/v7-m/nofp\libc_nano.a(lib_a-printf.o) (__sinit)
c:/users/user/appdata/roaming/gnumcueclipse/armembeddedgcc/bin/../lib/gcc/arm-none-eabi/8.2.1/../../../../arm-none-eabi/lib/thumb/v7-m/nofp\libc_nano.a(lib_a-fwalk.o)
                              c:/users/user/appdata/roaming/gnumcueclipse/armembeddedgcc/bin/../lib/gcc/arm-none-eabi/8.2.1/../../../../arm-none-eabi/lib/thumb/v7-m/nofp\libc_nano.a(lib_a-findfp.o) (_fwalk)
c:/users/user/appdata/roaming/gnumcueclipse/armembeddedgcc/bin/../lib/gcc/arm-none-eabi/8.2.1/../../../../arm-none-eabi/lib/thumb/v7-m/nofp\libc_nano.a(lib_a-lock.o)
                              c:/users/user/appdata/roaming/gnumcueclipse/armembeddedgcc/bin/../lib/gcc/arm-none-eabi/8.2.1/../../../../arm-none-eabi/lib/thumb/v7-m/nofp\libc_nano.a(lib_a-findfp.o) (__retarget_lock_init_recursive)
c:/users/user/appdata/roaming/gnumcueclipse/armembeddedgcc/bin/../lib/gcc/arm-none-eabi/8.2.1/../../../../arm-none-eabi/lib/thumb/v7-m/nofp\libc_nano.a(lib_a-mlock.o)
                              c:/users/user/appdata/roaming/gnumcueclipse/armembeddedgcc/bin/../lib/gcc/arm-none-eabi/8.2.1/../../../../arm-none-eabi/lib/thumb/v7-m/nofp\libc_nano.a(lib_a-nano-freer.o) (__malloc_lock)
[...]
Memory Configuration

Name             Origin             Length             Attributes
RAM              0x0000000020000000 0x0000000000020000 xrw
FLASH            0x0000000008000000 0x0000000000100000 xr
*default*        0x0000000000000000 0xffffffffffffffff

Linker script and memory map

LOAD c:/users/user/appdata/roaming/gnumcueclipse/armembeddedgcc/bin/../lib/gcc/arm-none-eabi/8.2.1/thumb/v7-m/nofp/crti.o
LOAD c:/users/user/appdata/roaming/gnumcueclipse/armembeddedgcc/bin/../lib/gcc/arm-none-eabi/8.2.1/thumb/v7-m/nofp/crtbegin.o
LOAD c:/users/user/appdata/roaming/gnumcueclipse/armembeddedgcc/bin/../lib/gcc/arm-none-eabi/8.2.1/../../../../arm-none-eabi/lib/thumb/v7-m/nofp/crt0.o
LOAD build/usbCore.o
LOAD build/pb_common.o
LOAD build/pb_decode.o
LOAD build/pb_encode.o
LOAD build/simple.pb.o
LOAD build/main.o
LOAD build/gpio.o
LOAD build/can.o
LOAD build/dma.o
LOAD build/freertos.o
LOAD build/fsmc.o
LOAD build/spi.o
LOAD build/usart.o
LOAD build/usb_device.o
LOAD build/usbd_conf.o
LOAD build/usbd_desc.o
LOAD build/usbd_cdc_if.o
LOAD build/stm32f2xx_it.o
LOAD build/stm32f2xx_hal_msp.o
LOAD build/stm32f2xx_hal_timebase_tim.o
LOAD build/stm32f2xx_hal_pcd_ex.o
LOAD build/stm32f2xx_hal_pcd.o
LOAD build/stm32f2xx_ll_usb.o
LOAD build/stm32f2xx_hal_can.o
LOAD build/stm32f2xx_ll_fsmc.o
LOAD build/stm32f2xx_hal_nand.o
LOAD build/stm32f2xx_hal_spi.o
LOAD build/stm32f2xx_hal_tim.o
LOAD build/stm32f2xx_hal_tim_ex.o
LOAD build/stm32f2xx_hal_uart.o
LOAD build/stm32f2xx_hal.o
LOAD build/stm32f2xx_hal_rcc.o
LOAD build/stm32f2xx_hal_rcc_ex.o
LOAD build/stm32f2xx_hal_cortex.o
LOAD build/stm32f2xx_hal_flash.o
LOAD build/stm32f2xx_hal_flash_ex.o
LOAD build/stm32f2xx_hal_pwr.o
LOAD build/stm32f2xx_hal_pwr_ex.o
LOAD build/stm32f2xx_hal_gpio.o
LOAD build/stm32f2xx_hal_dma.o
LOAD build/stm32f2xx_hal_dma_ex.o
LOAD build/stm32f2xx_hal_exti.o
LOAD build/system_stm32f2xx.o
LOAD build/croutine.o
LOAD build/event_groups.o
LOAD build/list.o
LOAD build/queue.o
LOAD build/stream_buffer.o
LOAD build/tasks.o
LOAD build/timers.o
LOAD build/cmsis_os.o
LOAD build/heap_4.o
LOAD build/port.o
LOAD build/usbd_core.o
LOAD build/usbd_ctlreq.o
LOAD build/usbd_ioreq.o
LOAD build/usbd_cdc.o
LOAD build/startup_stm32f215xx.o
LOAD c:/users/user/appdata/roaming/gnumcueclipse/armembeddedgcc/bin/../lib/gcc/arm-none-eabi/8.2.1/../../../../arm-none-eabi/lib/thumb/v7-m/nofp\libc_nano.a
LOAD c:/users/user/appdata/roaming/gnumcueclipse/armembeddedgcc/bin/../lib/gcc/arm-none-eabi/8.2.1/../../../../arm-none-eabi/lib/thumb/v7-m/nofp\libm.a
LOAD c:/users/user/appdata/roaming/gnumcueclipse/armembeddedgcc/bin/../lib/gcc/arm-none-eabi/8.2.1/../../../../arm-none-eabi/lib/thumb/v7-m/nofp\libnosys.a
START GROUP
LOAD c:/users/user/appdata/roaming/gnumcueclipse/armembeddedgcc/bin/../lib/gcc/arm-none-eabi/8.2.1/thumb/v7-m/nofp\libgcc.a
LOAD c:/users/user/appdata/roaming/gnumcueclipse/armembeddedgcc/bin/../lib/gcc/arm-none-eabi/8.2.1/../../../../arm-none-eabi/lib/thumb/v7-m/nofp\libc_nano.a
END GROUP
START GROUP
LOAD c:/users/user/appdata/roaming/gnumcueclipse/armembeddedgcc/bin/../lib/gcc/arm-none-eabi/8.2.1/thumb/v7-m/nofp\libgcc.a
LOAD c:/users/user/appdata/roaming/gnumcueclipse/armembeddedgcc/bin/../lib/gcc/arm-none-eabi/8.2.1/../../../../arm-none-eabi/lib/thumb/v7-m/nofp\libc_nano.a
END GROUP
LOAD c:/users/user/appdata/roaming/gnumcueclipse/armembeddedgcc/bin/../lib/gcc/arm-none-eabi/8.2.1/thumb/v7-m/nofp/crtend.o
LOAD c:/users/user/appdata/roaming/gnumcueclipse/armembeddedgcc/bin/../lib/gcc/arm-none-eabi/8.2.1/thumb/v7-m/nofp/crtn.o
                0x0000000020020000                _estack = 0x20020000
                0x0000000000000800                _Min_Heap_Size = 0x800
                0x0000000000000800                _Min_Stack_Size = 0x800

.isr_vector     0x0000000008000000      0x184
                0x0000000008000000                . = ALIGN (0x4)
 *(.isr_vector)
 .isr_vector    0x0000000008000000      0x184 build/startup_stm32f215xx.o
                0x0000000008000000                g_pfnVectors
                0x0000000008000184                . = ALIGN (0x4)

.text           0x0000000008000190     0x6f38
                0x0000000008000190                . = ALIGN (0x4)
 *(.text)
 .text          0x0000000008000190       0x30 c:/users/user/appdata/roaming/gnumcueclipse/armembeddedgcc/bin/../lib/gcc/arm-none-eabi/8.2.1/thumb/v7-m/nofp\libgcc.a(_aeabi_uldivmod.o)
                0x0000000008000190                __aeabi_uldivmod
 .text          0x00000000080001c0        0x4 c:/users/user/appdata/roaming/gnumcueclipse/armembeddedgcc/bin/../lib/gcc/arm-none-eabi/8.2.1/thumb/v7-m/nofp\libgcc.a(_dvmd_tls.o)
                0x00000000080001c0                __aeabi_idiv0
                0x00000000080001c0                __aeabi_ldiv0
 *(.text*)
 .text.deregister_tm_clones
                0x00000000080001c4       0x1c c:/users/user/appdata/roaming/gnumcueclipse/armembeddedgcc/bin/../lib/gcc/arm-none-eabi/8.2.1/thumb/v7-m/nofp/crtbegin.o
 .text.register_tm_clones
                0x00000000080001e0       0x24 c:/users/user/appdata/roaming/gnumcueclipse/armembeddedgcc/bin/../lib/gcc/arm-none-eabi/8.2.1/thumb/v7-m/nofp/crtbegin.o
 .text.__do_global_dtors_aux
                0x0000000008000204       0x28 c:/users/user/appdata/roaming/gnumcueclipse/armembeddedgcc/bin/../lib/gcc/arm-none-eabi/8.2.1/thumb/v7-m/nofp/crtbegin.o
 .text.frame_dummy
                0x000000000800022c       0x24 c:/users/user/appdata/roaming/gnumcueclipse/armembeddedgcc/bin/../lib/gcc/arm-none-eabi/8.2.1/thumb/v7-m/nofp/crtbegin.o
 .text.TestSendProto
                0x0000000008000250       0x54 build/usbCore.o
                0x0000000008000250                TestSendProto
 .text.pb_field_iter_begin
                0x00000000080002a4       0x22 build/pb_common.o
                0x00000000080002a4                pb_field_iter_begin
 .text.pb_field_iter_next
                0x00000000080002c6       0x7e build/pb_common.o
                0x00000000080002c6                pb_field_iter_next
 .text.buf_write
                0x0000000008000344       0x1c build/pb_encode.o
 .text.encode_callback_field
                0x0000000008000360       0x2c build/pb_encode.o
 .text.pb_const_cast
                0x000000000800038c        0x2 build/pb_encode.o
 .text.pb_check_proto3_default_value
                0x000000000800038e       0xca build/pb_encode.o
 .text.pb_ostream_from_buffer
                0x0000000008000458       0x18 build/pb_encode.o
                0x0000000008000458                pb_ostream_from_buffer
 .text.pb_write
                0x0000000008000470       0x4c build/pb_encode.o
                0x0000000008000470                pb_write
 .text.pb_encode_varint
                0x00000000080004bc       0x5e build/pb_encode.o
                0x00000000080004bc                pb_encode_varint
 *fill*         0x000000000800051a        0x2 
 .text.pb_enc_uvarint
                0x000000000800051c       0x40 build/pb_encode.o
 .text.pb_enc_varint
                0x000000000800055c       0x44 build/pb_encode.o
 .text.pb_encode_svarint
                0x00000000080005a0       0x28 build/pb_encode.o
                0x00000000080005a0                pb_encode_svarint
 .text.pb_enc_svarint
                0x00000000080005c8       0x44 build/pb_encode.o
 .text.pb_encode_fixed32
                0x000000000800060c       0x30 build/pb_encode.o
                0x000000000800060c                pb_encode_fixed32
 .text.pb_enc_fixed32
                0x000000000800063c        0xa build/pb_encode.o
 .text.pb_encode_fixed64
                0x0000000008000646       0x4a build/pb_encode.o
                0x0000000008000646                pb_encode_fixed64
 .text.pb_enc_fixed64
                0x0000000008000690        0xa build/pb_encode.o
 .text.pb_encode_tag
                0x000000000800069a       0x10 build/pb_encode.o
                0x000000000800069a                pb_encode_tag
 *fill*         0x00000000080006aa        0x2 
 .text.pb_encode_tag_for_field
                0x00000000080006ac       0x44 build/pb_encode.o
                0x00000000080006ac                pb_encode_tag_for_field
 .text.encode_array
                0x00000000080006f0      0x134 build/pb_encode.o
 .text.encode_basic_field
                0x0000000008000824      0x114 build/pb_encode.o
 .text.encode_field
                0x0000000008000938       0x30 build/pb_encode.o
 .text.default_extension_encoder
                0x0000000008000968       0x22 build/pb_encode.o
 .text.encode_extension_field
                0x000000000800098a       0x2a build/pb_encode.o
 .text.pb_encode
                0x00000000080009b4       0x58 build/pb_encode.o
                0x00000000080009b4                pb_encode
 .text.pb_encode_string
                0x0000000008000a0c       0x24 build/pb_encode.o
                0x0000000008000a0c                pb_encode_string
 .text.pb_enc_fixed_length_bytes
                0x0000000008000a30        0xe build/pb_encode.o
 .text.pb_enc_string
                0x0000000008000a3e       0x38 build/pb_encode.o
 *fill*         0x0000000008000a76        0x2 
 .text.pb_enc_bytes
                0x0000000008000a78       0x40 build/pb_encode.o
 .text.pb_encode_submessage
                0x0000000008000ab8       0xa8 build/pb_encode.o
                0x0000000008000ab8                pb_encode_submessage
 .text.pb_enc_submessage
                0x0000000008000b60       0x20 build/pb_encode.o
 .text.SystemClock_Config
                0x0000000008000b80       0x6a build/main.o
                0x0000000008000b80                SystemClock_Config
 .text.main     0x0000000008000bea       0x30 build/main.o
                0x0000000008000bea                main
 *fill*         0x0000000008000c1a        0x2 
 .text.HAL_TIM_PeriodElapsedCallback
                0x0000000008000c1c       0x18 build/main.o
                0x0000000008000c1c                HAL_TIM_PeriodElapsedCallback
 .text.Error_Handler
                0x0000000008000c34        0x2 build/main.o
                0x0000000008000c34                Error_Handler
 *fill*         0x0000000008000c36        0x2 
 .text.MX_GPIO_Init
                0x0000000008000c38       0xa8 build/gpio.o
                0x0000000008000c38                MX_GPIO_Init
 .text.MX_CAN1_Init
                0x0000000008000ce0       0x38 build/can.o
                0x0000000008000ce0                MX_CAN1_Init
 .text.HAL_CAN_MspInit
                0x0000000008000d18       0x70 build/can.o
                0x0000000008000d18                HAL_CAN_MspInit
 .text.MX_DMA_Init
                0x0000000008000d88       0xbc build/dma.o
                0x0000000008000d88                MX_DMA_Init
 .text.StartDefaultTask
                0x0000000008000e44        0xe build/freertos.o
                0x0000000008000e44                StartDefaultTask
 *fill*         0x0000000008000e52        0x2 
 .text.MX_FREERTOS_Init
                0x0000000008000e54       0x28 build/freertos.o
                0x0000000008000e54                MX_FREERTOS_Init
 .text.HAL_FSMC_MspInit
                0x0000000008000e7c       0x7c build/fsmc.o
 .text.MX_FSMC_Init
                0x0000000008000ef8       0x60 build/fsmc.o
                0x0000000008000ef8                MX_FSMC_Init
 .text.HAL_NAND_MspInit
                0x0000000008000f58        0x8 build/fsmc.o
                0x0000000008000f58                HAL_NAND_MspInit
 .text.MX_SPI1_Init
                0x0000000008000f60       0x40 build/spi.o
                0x0000000008000f60                MX_SPI1_Init
 .text.MX_SPI3_Init
                0x0000000008000fa0       0x40 build/spi.o
                0x0000000008000fa0                MX_SPI3_Init
 .text.HAL_SPI_MspInit
                0x0000000008000fe0      0x1e4 build/spi.o
                0x0000000008000fe0                HAL_SPI_MspInit
 .text.MX_UART4_Init
                0x00000000080011c4       0x34 build/usart.o
                0x00000000080011c4                MX_UART4_Init
 .text.HAL_UART_MspInit
                0x00000000080011f8       0x70 build/usart.o
                0x00000000080011f8                HAL_UART_MspInit
 .text.MX_USB_DEVICE_Init
                0x0000000008001268       0x54 build/usb_device.o
                0x0000000008001268                MX_USB_DEVICE_Init
 .text.HAL_PCD_MspInit
                0x00000000080012bc      0x134 build/usbd_conf.o
                0x00000000080012bc                HAL_PCD_MspInit
 .text.HAL_PCD_SetupStageCallback
                0x00000000080013f0       0x10 build/usbd_conf.o
                0x00000000080013f0                HAL_PCD_SetupStageCallback
 .text.HAL_PCD_DataOutStageCallback
                0x0000000008001400       0x18 build/usbd_conf.o
                0x0000000008001400                HAL_PCD_DataOutStageCallback
 .text.HAL_PCD_DataInStageCallback
                0x0000000008001418       0x16 build/usbd_conf.o
                0x0000000008001418                HAL_PCD_DataInStageCallback
 .text.HAL_PCD_SOFCallback
                0x000000000800142e        0xc build/usbd_conf.o
                0x000000000800142e                HAL_PCD_SOFCallback
 .text.HAL_PCD_ResetCallback
                0x000000000800143a       0x2c build/usbd_conf.o
                0x000000000800143a                HAL_PCD_ResetCallback
 *fill*         0x0000000008001466        0x2 
 .text.HAL_PCD_SuspendCallback
                0x0000000008001468       0x30 build/usbd_conf.o
                0x0000000008001468                HAL_PCD_SuspendCallback
 .text.HAL_PCD_ResumeCallback
                0x0000000008001498        0xc build/usbd_conf.o
                0x0000000008001498                HAL_PCD_ResumeCallback
 .text.HAL_PCD_ISOOUTIncompleteCallback
                0x00000000080014a4        0xc build/usbd_conf.o
                0x00000000080014a4                HAL_PCD_ISOOUTIncompleteCallback
 .text.HAL_PCD_ISOINIncompleteCallback
                0x00000000080014b0        0xc build/usbd_conf.o
                0x00000000080014b0                HAL_PCD_ISOINIncompleteCallback
 .text.HAL_PCD_ConnectCallback
                0x00000000080014bc        0xc build/usbd_conf.o
                0x00000000080014bc                HAL_PCD_ConnectCallback
 .text.HAL_PCD_DisconnectCallback
                0x00000000080014c8        0xc build/usbd_conf.o
                0x00000000080014c8                HAL_PCD_DisconnectCallback
 .text.USBD_LL_Init
                0x00000000080014d4       0x70 build/usbd_conf.o
                0x00000000080014d4                USBD_LL_Init
 .text.USBD_LL_IsStallEP
                0x0000000008001544       0x2e build/usbd_conf.o
                0x0000000008001544                USBD_LL_IsStallEP
 .text.USBD_LL_GetRxDataSize
                0x0000000008001572        0xc build/usbd_conf.o
                0x0000000008001572                USBD_LL_GetRxDataSize
 .text.USBD_Get_USB_Status
                0x000000000800157e       0x18 build/usbd_conf.o
                0x000000000800157e                USBD_Get_USB_Status
 .text.USBD_LL_Start
                0x0000000008001596       0x10 build/usbd_conf.o
                0x0000000008001596                USBD_LL_Start
 .text.USBD_LL_OpenEP
                0x00000000080015a6       0x16 build/usbd_conf.o
                0x00000000080015a6                USBD_LL_OpenEP
 .text.USBD_LL_CloseEP
                0x00000000080015bc       0x10 build/usbd_conf.o
                0x00000000080015bc                USBD_LL_CloseEP
 .text.USBD_LL_StallEP
                0x00000000080015cc       0x10 build/usbd_conf.o
                0x00000000080015cc                USBD_LL_StallEP
 .text.USBD_LL_ClearStallEP
                0x00000000080015dc       0x10 build/usbd_conf.o
                0x00000000080015dc                USBD_LL_ClearStallEP
 .text.USBD_LL_SetUSBAddress
                0x00000000080015ec       0x10 build/usbd_conf.o
                0x00000000080015ec                USBD_LL_SetUSBAddress
 .text.USBD_LL_Transmit
                0x00000000080015fc       0x10 build/usbd_conf.o
                0x00000000080015fc                USBD_LL_Transmit
 .text.USBD_LL_PrepareReceive
                0x000000000800160c       0x10 build/usbd_conf.o
                0x000000000800160c                USBD_LL_PrepareReceive
 .text.USBD_HS_DeviceDescriptor
                0x000000000800161c        0xc build/usbd_desc.o
                0x000000000800161c                USBD_HS_DeviceDescriptor
 .text.USBD_HS_LangIDStrDescriptor
                0x0000000008001628        0xc build/usbd_desc.o
                0x0000000008001628                USBD_HS_LangIDStrDescriptor
 .text.IntToUnicode
                0x0000000008001634       0x36 build/usbd_desc.o
 *fill*         0x000000000800166a        0x2 
 .text.Get_SerialNum
                0x000000000800166c       0x34 build/usbd_desc.o
 .text.USBD_HS_SerialStrDescriptor
                0x00000000080016a0       0x14 build/usbd_desc.o
                0x00000000080016a0                USBD_HS_SerialStrDescriptor
 .text.USBD_HS_ProductStrDescriptor
                0x00000000080016b4       0x24 build/usbd_desc.o
                0x00000000080016b4                USBD_HS_ProductStrDescriptor
 .text.USBD_HS_ManufacturerStrDescriptor
                0x00000000080016d8       0x1c build/usbd_desc.o
                0x00000000080016d8                USBD_HS_ManufacturerStrDescriptor
 .text.USBD_HS_ConfigStrDescriptor
                0x00000000080016f4       0x24 build/usbd_desc.o
                0x00000000080016f4                USBD_HS_ConfigStrDescriptor
 .text.USBD_HS_InterfaceStrDescriptor
                0x0000000008001718       0x24 build/usbd_desc.o
                0x0000000008001718                USBD_HS_InterfaceStrDescriptor
 .text.CDC_DeInit_HS
                0x000000000800173c        0x4 build/usbd_cdc_if.o
 .text.CDC_Control_HS
                0x0000000008001740        0x4 build/usbd_cdc_if.o
 .text.CDC_Receive_HS
                0x0000000008001744       0x28 build/usbd_cdc_if.o
 .text.CDC_Init_HS
                0x000000000800176c       0x28 build/usbd_cdc_if.o
 .text.CDC_Transmit_HS
                0x0000000008001794       0x2c build/usbd_cdc_if.o
                0x0000000008001794                CDC_Transmit_HS
 .text.NMI_Handler
                0x00000000080017c0        0x2 build/stm32f2xx_it.o
                0x00000000080017c0                NMI_Handler
 .text.HardFault_Handler
                0x00000000080017c2        0x2 build/stm32f2xx_it.o
                0x00000000080017c2                HardFault_Handler
 .text.MemManage_Handler
                0x00000000080017c4        0x2 build/stm32f2xx_it.o
                0x00000000080017c4                MemManage_Handler
 .text.BusFault_Handler
                0x00000000080017c6        0x2 build/stm32f2xx_it.o
                0x00000000080017c6                BusFault_Handler
 .text.UsageFault_Handler
                0x00000000080017c8        0x2 build/stm32f2xx_it.o
                0x00000000080017c8                UsageFault_Handler
 .text.DebugMon_Handler
                0x00000000080017ca        0x2 build/stm32f2xx_it.o
                0x00000000080017ca                DebugMon_Handler
 .text.DMA1_Stream0_IRQHandler
                0x00000000080017cc       0x10 build/stm32f2xx_it.o
                0x00000000080017cc                DMA1_Stream0_IRQHandler
 .text.DMA1_Stream5_IRQHandler
                0x00000000080017dc       0x10 build/stm32f2xx_it.o
                0x00000000080017dc                DMA1_Stream5_IRQHandler
 .text.TIM6_DAC_IRQHandler
                0x00000000080017ec       0x10 build/stm32f2xx_it.o
                0x00000000080017ec                TIM6_DAC_IRQHandler
 .text.DMA2_Stream0_IRQHandler
                0x00000000080017fc       0x10 build/stm32f2xx_it.o
                0x00000000080017fc                DMA2_Stream0_IRQHandler
 .text.DMA2_Stream3_IRQHandler
                0x000000000800180c       0x10 build/stm32f2xx_it.o
                0x000000000800180c                DMA2_Stream3_IRQHandler
 .text.OTG_HS_EP1_OUT_IRQHandler
                0x000000000800181c       0x10 build/stm32f2xx_it.o
                0x000000000800181c                OTG_HS_EP1_OUT_IRQHandler
 .text.OTG_HS_EP1_IN_IRQHandler
                0x000000000800182c       0x10 build/stm32f2xx_it.o
                0x000000000800182c                OTG_HS_EP1_IN_IRQHandler
 .text.OTG_HS_IRQHandler
                0x000000000800183c       0x10 build/stm32f2xx_it.o
                0x000000000800183c                OTG_HS_IRQHandler
 .text.HAL_MspInit
                0x000000000800184c       0x44 build/stm32f2xx_hal_msp.o
                0x000000000800184c                HAL_MspInit
 .text.HAL_InitTick
                0x0000000008001890       0x7c build/stm32f2xx_hal_timebase_tim.o
                0x0000000008001890                HAL_InitTick
 .text.HAL_PCDEx_SetTxFiFo
                0x000000000800190c       0x48 build/stm32f2xx_hal_pcd_ex.o
                0x000000000800190c                HAL_PCDEx_SetTxFiFo
 .text.HAL_PCDEx_SetRxFiFo
                0x0000000008001954        0x8 build/stm32f2xx_hal_pcd_ex.o
                0x0000000008001954                HAL_PCDEx_SetRxFiFo
 .text.PCD_WriteEmptyTxFifo
                0x000000000800195c       0xd2 build/stm32f2xx_hal_pcd.o
 .text.HAL_PCD_Init
                0x0000000008001a2e      0x122 build/stm32f2xx_hal_pcd.o
                0x0000000008001a2e                HAL_PCD_Init
 .text.HAL_PCD_Start
                0x0000000008001b50       0x2a build/stm32f2xx_hal_pcd.o
                0x0000000008001b50                HAL_PCD_Start
 *fill*         0x0000000008001b7a        0x2 
 .text.PCD_EP_OutXfrComplete_int
                0x0000000008001b7c       0xf8 build/stm32f2xx_hal_pcd.o
 .text.PCD_EP_OutSetupPacket_int
                0x0000000008001c74       0x6c build/stm32f2xx_hal_pcd.o
 .text.HAL_PCD_IRQHandler
                0x0000000008001ce0      0x48a build/stm32f2xx_hal_pcd.o
                0x0000000008001ce0                HAL_PCD_IRQHandler
 .text.HAL_PCD_SetAddress
                0x000000000800216a       0x28 build/stm32f2xx_hal_pcd.o
                0x000000000800216a                HAL_PCD_SetAddress
 .text.HAL_PCD_EP_Open
                0x0000000008002192       0x80 build/stm32f2xx_hal_pcd.o
                0x0000000008002192                HAL_PCD_EP_Open
 .text.HAL_PCD_EP_Close
                0x0000000008002212       0x6c build/stm32f2xx_hal_pcd.o
                0x0000000008002212                HAL_PCD_EP_Close
 .text.HAL_PCD_EP_Receive
                0x000000000800227e       0x5c build/stm32f2xx_hal_pcd.o
                0x000000000800227e                HAL_PCD_EP_Receive
 .text.HAL_PCD_EP_GetRxCount
                0x00000000080022da       0x12 build/stm32f2xx_hal_pcd.o
                0x00000000080022da                HAL_PCD_EP_GetRxCount
 .text.HAL_PCD_EP_Transmit
                0x00000000080022ec       0x54 build/stm32f2xx_hal_pcd.o
                0x00000000080022ec                HAL_PCD_EP_Transmit
 .text.HAL_PCD_EP_SetStall
                0x0000000008002340       0x82 build/stm32f2xx_hal_pcd.o
                0x0000000008002340                HAL_PCD_EP_SetStall
 .text.HAL_PCD_EP_ClrStall
                0x00000000080023c2       0x6e build/stm32f2xx_hal_pcd.o
                0x00000000080023c2                HAL_PCD_EP_ClrStall
 .text.USB_CoreReset
                0x0000000008002430       0x3c build/stm32f2xx_ll_usb.o
 .text.USB_CoreInit
                0x000000000800246c       0x7c build/stm32f2xx_ll_usb.o
                0x000000000800246c                USB_CoreInit
 .text.USB_SetTurnaroundTime
                0x00000000080024e8       0xec build/stm32f2xx_ll_usb.o
                0x00000000080024e8                USB_SetTurnaroundTime
 .text.USB_EnableGlobalInt
                0x00000000080025d4        0xc build/stm32f2xx_ll_usb.o
                0x00000000080025d4                USB_EnableGlobalInt
 .text.USB_DisableGlobalInt
                0x00000000080025e0        0xc build/stm32f2xx_ll_usb.o
                0x00000000080025e0                USB_DisableGlobalInt
 .text.USB_SetCurrentMode
                0x00000000080025ec       0x30 build/stm32f2xx_ll_usb.o
                0x00000000080025ec                USB_SetCurrentMode
 .text.USB_FlushTxFifo
                0x000000000800261c       0x28 build/stm32f2xx_ll_usb.o
                0x000000000800261c                USB_FlushTxFifo
 .text.USB_FlushRxFifo
                0x0000000008002644       0x24 build/stm32f2xx_ll_usb.o
                0x0000000008002644                USB_FlushRxFifo
 .text.USB_SetDevSpeed
                0x0000000008002668        0xe build/stm32f2xx_ll_usb.o
                0x0000000008002668                USB_SetDevSpeed
 *fill*         0x0000000008002676        0x2 
 .text.USB_DevInit
                0x0000000008002678      0x19c build/stm32f2xx_ll_usb.o
                0x0000000008002678                USB_DevInit
 .text.USB_GetDevSpeed
                0x0000000008002814       0x22 build/stm32f2xx_ll_usb.o
                0x0000000008002814                USB_GetDevSpeed
 .text.USB_ActivateEndpoint
                0x0000000008002836       0x94 build/stm32f2xx_ll_usb.o
                0x0000000008002836                USB_ActivateEndpoint
 *fill*         0x00000000080028ca        0x2 
 .text.USB_DeactivateEndpoint
                0x00000000080028cc       0x90 build/stm32f2xx_ll_usb.o
                0x00000000080028cc                USB_DeactivateEndpoint
 .text.USB_EP0StartXfer
                0x000000000800295c      0x11c build/stm32f2xx_ll_usb.o
                0x000000000800295c                USB_EP0StartXfer
 .text.USB_WritePacket
                0x0000000008002a78       0x28 build/stm32f2xx_ll_usb.o
                0x0000000008002a78                USB_WritePacket
 .text.USB_EPStartXfer
                0x0000000008002aa0      0x218 build/stm32f2xx_ll_usb.o
                0x0000000008002aa0                USB_EPStartXfer
 .text.USB_ReadPacket
                0x0000000008002cb8       0x26 build/stm32f2xx_ll_usb.o
                0x0000000008002cb8                USB_ReadPacket
 .text.USB_EPSetStall
                0x0000000008002cde       0x5a build/stm32f2xx_ll_usb.o
                0x0000000008002cde                USB_EPSetStall
 .text.USB_EPClearStall
                0x0000000008002d38       0x5c build/stm32f2xx_ll_usb.o
                0x0000000008002d38                USB_EPClearStall
 .text.USB_SetDevAddress
                0x0000000008002d94       0x20 build/stm32f2xx_ll_usb.o
                0x0000000008002d94                USB_SetDevAddress
 .text.USB_DevConnect
                0x0000000008002db4       0x18 build/stm32f2xx_ll_usb.o
                0x0000000008002db4                USB_DevConnect
 .text.USB_DevDisconnect
                0x0000000008002dcc       0x18 build/stm32f2xx_ll_usb.o
                0x0000000008002dcc                USB_DevDisconnect
 .text.USB_ReadInterrupts
                0x0000000008002de4        0x8 build/stm32f2xx_ll_usb.o
                0x0000000008002de4                USB_ReadInterrupts
 .text.USB_ReadDevAllOutEpInterrupt
                0x0000000008002dec       0x10 build/stm32f2xx_ll_usb.o
                0x0000000008002dec                USB_ReadDevAllOutEpInterrupt
 .text.USB_ReadDevAllInEpInterrupt
                0x0000000008002dfc       0x10 build/stm32f2xx_ll_usb.o
                0x0000000008002dfc                USB_ReadDevAllInEpInterrupt
 .text.USB_ReadDevOutEPInterrupt
                0x0000000008002e0c       0x12 build/stm32f2xx_ll_usb.o
                0x0000000008002e0c                USB_ReadDevOutEPInterrupt
 .text.USB_ReadDevInEPInterrupt
                0x0000000008002e1e       0x26 build/stm32f2xx_ll_usb.o
                0x0000000008002e1e                USB_ReadDevInEPInterrupt
 .text.USB_GetMode
                0x0000000008002e44        0x8 build/stm32f2xx_ll_usb.o
                0x0000000008002e44                USB_GetMode
 .text.USB_ActivateSetup
                0x0000000008002e4c       0x38 build/stm32f2xx_ll_usb.o
                0x0000000008002e4c                USB_ActivateSetup
 .text.USB_EP0_OutStart
                0x0000000008002e84       0x5c build/stm32f2xx_ll_usb.o
                0x0000000008002e84                USB_EP0_OutStart
 .text.HAL_CAN_Init
                0x0000000008002ee0      0x14c build/stm32f2xx_hal_can.o
                0x0000000008002ee0                HAL_CAN_Init
 .text.FSMC_NAND_Init
                0x000000000800302c       0x64 build/stm32f2xx_ll_fsmc.o
                0x000000000800302c                FSMC_NAND_Init
 .text.FSMC_NAND_CommonSpace_Timing_Init
                0x0000000008003090       0x3a build/stm32f2xx_ll_fsmc.o
                0x0000000008003090                FSMC_NAND_CommonSpace_Timing_Init
 .text.FSMC_NAND_AttributeSpace_Timing_Init
                0x00000000080030ca       0x3a build/stm32f2xx_ll_fsmc.o
                0x00000000080030ca                FSMC_NAND_AttributeSpace_Timing_Init
 .text.HAL_NAND_Init
                0x0000000008003104       0x62 build/stm32f2xx_hal_nand.o
                0x0000000008003104                HAL_NAND_Init
 .text.HAL_SPI_Init
                0x0000000008003166       0x80 build/stm32f2xx_hal_spi.o
                0x0000000008003166                HAL_SPI_Init
 .text.HAL_TIM_Base_MspInit
                0x00000000080031e6        0x2 build/stm32f2xx_hal_tim.o
                0x00000000080031e6                HAL_TIM_Base_MspInit
 .text.HAL_TIM_Base_Start_IT
                0x00000000080031e8       0x22 build/stm32f2xx_hal_tim.o
                0x00000000080031e8                HAL_TIM_Base_Start_IT
 .text.HAL_TIM_OC_DelayElapsedCallback
                0x000000000800320a        0x2 build/stm32f2xx_hal_tim.o
                0x000000000800320a                HAL_TIM_OC_DelayElapsedCallback
 .text.HAL_TIM_IC_CaptureCallback
                0x000000000800320c        0x2 build/stm32f2xx_hal_tim.o
                0x000000000800320c                HAL_TIM_IC_CaptureCallback
 .text.HAL_TIM_PWM_PulseFinishedCallback
                0x000000000800320e        0x2 build/stm32f2xx_hal_tim.o
                0x000000000800320e                HAL_TIM_PWM_PulseFinishedCallback
 .text.HAL_TIM_TriggerCallback
                0x0000000008003210        0x2 build/stm32f2xx_hal_tim.o
                0x0000000008003210                HAL_TIM_TriggerCallback
 .text.HAL_TIM_IRQHandler
                0x0000000008003212      0x17a build/stm32f2xx_hal_tim.o
                0x0000000008003212                HAL_TIM_IRQHandler
 .text.TIM_Base_SetConfig
                0x000000000800338c       0xc8 build/stm32f2xx_hal_tim.o
                0x000000000800338c                TIM_Base_SetConfig
 .text.HAL_TIM_Base_Init
                0x0000000008003454       0x34 build/stm32f2xx_hal_tim.o
                0x0000000008003454                HAL_TIM_Base_Init
 .text.HAL_TIMEx_CommutCallback
                0x0000000008003488        0x2 build/stm32f2xx_hal_tim_ex.o
                0x0000000008003488                HAL_TIMEx_CommutCallback
 .text.HAL_TIMEx_BreakCallback
                0x000000000800348a        0x2 build/stm32f2xx_hal_tim_ex.o
                0x000000000800348a                HAL_TIMEx_BreakCallback
 .text.UART_SetConfig
                0x000000000800348c      0x174 build/stm32f2xx_hal_uart.o
 .text.HAL_UART_Init
                0x0000000008003600       0x5e build/stm32f2xx_hal_uart.o
                0x0000000008003600                HAL_UART_Init
 *fill*         0x000000000800365e        0x2 
 .text.HAL_Init
                0x0000000008003660       0x34 build/stm32f2xx_hal.o
                0x0000000008003660                HAL_Init
 .text.HAL_IncTick
                0x0000000008003694       0x18 build/stm32f2xx_hal.o
                0x0000000008003694                HAL_IncTick
 .text.HAL_GetTick
                0x00000000080036ac        0xc build/stm32f2xx_hal.o
                0x00000000080036ac                HAL_GetTick
 .text.HAL_Delay
                0x00000000080036b8       0x2c build/stm32f2xx_hal.o
                0x00000000080036b8                HAL_Delay
 .text.HAL_RCC_OscConfig
                0x00000000080036e4      0x3cc build/stm32f2xx_hal_rcc.o
                0x00000000080036e4                HAL_RCC_OscConfig
 .text.HAL_RCC_MCOConfig
                0x0000000008003ab0       0x9c build/stm32f2xx_hal_rcc.o
                0x0000000008003ab0                HAL_RCC_MCOConfig
 .text.HAL_RCC_EnableCSS
                0x0000000008003b4c        0xc build/stm32f2xx_hal_rcc.o
                0x0000000008003b4c                HAL_RCC_EnableCSS
 .text.HAL_RCC_GetSysClockFreq
                0x0000000008003b58       0xd4 build/stm32f2xx_hal_rcc.o
                0x0000000008003b58                HAL_RCC_GetSysClockFreq
 .text.HAL_RCC_ClockConfig
                0x0000000008003c2c      0x16c build/stm32f2xx_hal_rcc.o
                0x0000000008003c2c                HAL_RCC_ClockConfig
 .text.HAL_RCC_GetHCLKFreq
                0x0000000008003d98        0xc build/stm32f2xx_hal_rcc.o
                0x0000000008003d98                HAL_RCC_GetHCLKFreq
 .text.HAL_RCC_GetPCLK1Freq
                0x0000000008003da4       0x2c build/stm32f2xx_hal_rcc.o
                0x0000000008003da4                HAL_RCC_GetPCLK1Freq
 .text.HAL_RCC_GetPCLK2Freq
                0x0000000008003dd0       0x2c build/stm32f2xx_hal_rcc.o
                0x0000000008003dd0                HAL_RCC_GetPCLK2Freq
 .text.HAL_RCC_GetClockConfig
                0x0000000008003dfc       0x3c build/stm32f2xx_hal_rcc.o
                0x0000000008003dfc                HAL_RCC_GetClockConfig
 .text.HAL_NVIC_SetPriorityGrouping
                0x0000000008003e38       0x24 build/stm32f2xx_hal_cortex.o
                0x0000000008003e38                HAL_NVIC_SetPriorityGrouping
 .text.HAL_NVIC_SetPriority
                0x0000000008003e5c       0x68 build/stm32f2xx_hal_cortex.o
                0x0000000008003e5c                HAL_NVIC_SetPriority
 .text.HAL_NVIC_EnableIRQ
                0x0000000008003ec4       0x1c build/stm32f2xx_hal_cortex.o
                0x0000000008003ec4                HAL_NVIC_EnableIRQ
 .text.HAL_GPIO_Init
                0x0000000008003ee0      0x1cc build/stm32f2xx_hal_gpio.o
                0x0000000008003ee0                HAL_GPIO_Init
 .text.DMA_CalcBaseAndBitshift
                0x00000000080040ac       0x40 build/stm32f2xx_hal_dma.o
 .text.DMA_CheckFifoParam
                0x00000000080040ec       0x8e build/stm32f2xx_hal_dma.o
 *fill*         0x000000000800417a        0x2 
 .text.HAL_DMA_Init
                0x000000000800417c       0xcc build/stm32f2xx_hal_dma.o
                0x000000000800417c                HAL_DMA_Init
 .text.HAL_DMA_IRQHandler
                0x0000000008004248      0x1dc build/stm32f2xx_hal_dma.o
                0x0000000008004248                HAL_DMA_IRQHandler
 .text.SystemInit
                0x0000000008004424       0x40 build/system_stm32f2xx.o
                0x0000000008004424                SystemInit
 .text.vListInitialise
                0x0000000008004464       0x16 build/list.o
                0x0000000008004464                vListInitialise
 .text.vListInitialiseItem
                0x000000000800447a        0x6 build/list.o
                0x000000000800447a                vListInitialiseItem
 .text.vListInsertEnd
                0x0000000008004480       0x16 build/list.o
                0x0000000008004480                vListInsertEnd
 .text.vListInsert
                0x0000000008004496       0x34 build/list.o
                0x0000000008004496                vListInsert
 .text.uxListRemove
                0x00000000080044ca       0x26 build/list.o
                0x00000000080044ca                uxListRemove
 .text.prvResetNextTaskUnblockTime
                0x00000000080044f0       0x2c build/tasks.o
 .text.prvDeleteTCB
                0x000000000800451c       0x12 build/tasks.o
 .text.prvInitialiseNewTask
                0x000000000800452e       0x7e build/tasks.o
 .text.prvInitialiseTaskLists
                0x00000000080045ac       0x68 build/tasks.o
 .text.prvAddNewTaskToReadyList
                0x0000000008004614       0xa8 build/tasks.o
 .text.prvCheckTasksWaitingTermination
                0x00000000080046bc       0x4c build/tasks.o
 .text.prvIdleTask
                0x0000000008004708       0x28 build/tasks.o
 .text.prvAddCurrentTaskToDelayedList
                0x0000000008004730       0x98 build/tasks.o
 .text.xTaskCreate
                0x00000000080047c8       0x62 build/tasks.o
                0x00000000080047c8                xTaskCreate
 *fill*         0x000000000800482a        0x2 
 .text.vTaskStartScheduler
                0x000000000800482c       0x7c build/tasks.o
                0x000000000800482c                vTaskStartScheduler
 .text.vTaskSuspendAll
                0x00000000080048a8       0x10 build/tasks.o
                0x00000000080048a8                vTaskSuspendAll
 .text.xTaskIncrementTick
                0x00000000080048b8      0x118 build/tasks.o
                0x00000000080048b8                xTaskIncrementTick
 .text.xTaskResumeAll
                0x00000000080049d0       0xfc build/tasks.o
                0x00000000080049d0                xTaskResumeAll
 .text.vTaskDelay
                0x0000000008004acc       0x4c build/tasks.o
                0x0000000008004acc                vTaskDelay
 .text.vTaskSwitchContext
                0x0000000008004b18       0x98 build/tasks.o
                0x0000000008004b18                vTaskSwitchContext
 .text.makeFreeRtosPriority
                0x0000000008004bb0        0xc build/cmsis_os.o
 .text.osKernelStart
                0x0000000008004bbc        0xa build/cmsis_os.o
                0x0000000008004bbc                osKernelStart
 .text.osThreadCreate
                0x0000000008004bc6       0x34 build/cmsis_os.o
                0x0000000008004bc6                osThreadCreate
 .text.osDelay  0x0000000008004bfa       0x12 build/cmsis_os.o
                0x0000000008004bfa                osDelay
 .text.prvHeapInit
                0x0000000008004c0c       0x64 build/heap_4.o
 .text.prvInsertBlockIntoFreeList
                0x0000000008004c70       0x58 build/heap_4.o
 .text.pvPortMalloc
                0x0000000008004cc8      0x108 build/heap_4.o
                0x0000000008004cc8                pvPortMalloc
 .text.vPortFree
                0x0000000008004dd0       0x70 build/heap_4.o
                0x0000000008004dd0                vPortFree
 .text.prvTaskExitError
                0x0000000008004e40       0x40 build/port.o
 .text.prvPortStartFirstTask
                0x0000000008004e80       0x20 build/port.o
 .text.pxPortInitialiseStack
                0x0000000008004ea0       0x24 build/port.o
                0x0000000008004ea0                pxPortInitialiseStack
 *fill*         0x0000000008004ec4        0xc 
 .text.SVC_Handler
                0x0000000008004ed0       0x24 build/port.o
                0x0000000008004ed0                SVC_Handler
 .text.vPortEnterCritical
                0x0000000008004ef4       0x44 build/port.o
                0x0000000008004ef4                vPortEnterCritical
 .text.vPortExitCritical
                0x0000000008004f38       0x2c build/port.o
                0x0000000008004f38                vPortExitCritical
 *fill*         0x0000000008004f64        0xc 
 .text.PendSV_Handler
                0x0000000008004f70       0x44 build/port.o
                0x0000000008004f70                PendSV_Handler
 .text.SysTick_Handler
                0x0000000008004fb4       0x2c build/port.o
                0x0000000008004fb4                SysTick_Handler
 .text.vPortSetupTimerInterrupt
                0x0000000008004fe0       0x38 build/port.o
                0x0000000008004fe0                vPortSetupTimerInterrupt
 .text.xPortStartScheduler
                0x0000000008005018       0xb8 build/port.o
                0x0000000008005018                xPortStartScheduler
 .text.USBD_Init
                0x00000000080050d0       0x2e build/usbd_core.o
                0x00000000080050d0                USBD_Init
 .text.USBD_RegisterClass
                0x00000000080050fe        0xe build/usbd_core.o
                0x00000000080050fe                USBD_RegisterClass
 .text.USBD_Start
                0x000000000800510c        0xa build/usbd_core.o
                0x000000000800510c                USBD_Start
 .text.USBD_SetClassConfig
                0x0000000008005116       0x1a build/usbd_core.o
                0x0000000008005116                USBD_SetClassConfig
 .text.USBD_ClrClassConfig
                0x0000000008005130        0xe build/usbd_core.o
                0x0000000008005130                USBD_ClrClassConfig
 .text.USBD_LL_SetupStage
                0x000000000800513e       0x5c build/usbd_core.o
                0x000000000800513e                USBD_LL_SetupStage
 .text.USBD_LL_DataOutStage
                0x000000000800519a       0x94 build/usbd_core.o
                0x000000000800519a                USBD_LL_DataOutStage
 .text.USBD_LL_DataInStage
                0x000000000800522e       0xd4 build/usbd_core.o
                0x000000000800522e                USBD_LL_DataInStage
 .text.USBD_LL_Reset
                0x0000000008005302       0x50 build/usbd_core.o
                0x0000000008005302                USBD_LL_Reset
 .text.USBD_LL_SetSpeed
                0x0000000008005352        0x6 build/usbd_core.o
                0x0000000008005352                USBD_LL_SetSpeed
 .text.USBD_LL_Suspend
                0x0000000008005358       0x12 build/usbd_core.o
                0x0000000008005358                USBD_LL_Suspend
 .text.USBD_LL_Resume
                0x000000000800536a       0x16 build/usbd_core.o
                0x000000000800536a                USBD_LL_Resume
 .text.USBD_LL_SOF
                0x0000000008005380       0x1c build/usbd_core.o
                0x0000000008005380                USBD_LL_SOF
 .text.USBD_LL_IsoINIncomplete
                0x000000000800539c        0x4 build/usbd_core.o
                0x000000000800539c                USBD_LL_IsoINIncomplete
 .text.USBD_LL_IsoOUTIncomplete
                0x00000000080053a0        0x4 build/usbd_core.o
                0x00000000080053a0                USBD_LL_IsoOUTIncomplete
 .text.USBD_LL_DevConnected
                0x00000000080053a4        0x4 build/usbd_core.o
                0x00000000080053a4                USBD_LL_DevConnected
 .text.USBD_LL_DevDisconnected
                0x00000000080053a8       0x16 build/usbd_core.o
                0x00000000080053a8                USBD_LL_DevDisconnected
 .text.USBD_GetLen
                0x00000000080053be       0x12 build/usbd_ctlreq.o
 .text.USBD_SetFeature
                0x00000000080053d0       0x14 build/usbd_ctlreq.o
 .text.USBD_ParseSetupRequest
                0x00000000080053e4       0x28 build/usbd_ctlreq.o
                0x00000000080053e4                USBD_ParseSetupRequest
 .text.USBD_CtlError
                0x000000000800540c       0x14 build/usbd_ctlreq.o
                0x000000000800540c                USBD_CtlError
 .text.USBD_GetDescriptor
                0x0000000008005420      0x186 build/usbd_ctlreq.o
 .text.USBD_SetAddress
                0x00000000080055a6       0x4e build/usbd_ctlreq.o
 .text.USBD_SetConfig
                0x00000000080055f4       0xb0 build/usbd_ctlreq.o
 .text.USBD_GetConfig
                0x00000000080056a4       0x3e build/usbd_ctlreq.o
 .text.USBD_GetStatus
                0x00000000080056e2       0x38 build/usbd_ctlreq.o
 .text.USBD_ClrFeature
                0x000000000800571a       0x26 build/usbd_ctlreq.o
 .text.USBD_StdDevReq
                0x0000000008005740       0x68 build/usbd_ctlreq.o
                0x0000000008005740                USBD_StdDevReq
 .text.USBD_StdItfReq
                0x00000000080057a8       0x60 build/usbd_ctlreq.o
                0x00000000080057a8                USBD_StdItfReq
 .text.USBD_StdEPReq
                0x0000000008005808      0x210 build/usbd_ctlreq.o
                0x0000000008005808                USBD_StdEPReq
 .text.USBD_GetString
                0x0000000008005a18       0x36 build/usbd_ctlreq.o
                0x0000000008005a18                USBD_GetString
 .text.USBD_CtlSendData
                0x0000000008005a4e       0x1a build/usbd_ioreq.o
                0x0000000008005a4e                USBD_CtlSendData
 .text.USBD_CtlContinueSendData
                0x0000000008005a68       0x10 build/usbd_ioreq.o
                0x0000000008005a68                USBD_CtlContinueSendData
 .text.USBD_CtlPrepareRx
                0x0000000008005a78       0x1e build/usbd_ioreq.o
                0x0000000008005a78                USBD_CtlPrepareRx
 .text.USBD_CtlContinueRx
                0x0000000008005a96       0x10 build/usbd_ioreq.o
                0x0000000008005a96                USBD_CtlContinueRx
 .text.USBD_CtlSendStatus
                0x0000000008005aa6       0x16 build/usbd_ioreq.o
                0x0000000008005aa6                USBD_CtlSendStatus
 .text.USBD_CtlReceiveStatus
                0x0000000008005abc       0x16 build/usbd_ioreq.o
                0x0000000008005abc                USBD_CtlReceiveStatus
 .text.USBD_CDC_EP0_RxReady
                0x0000000008005ad2       0x28 build/usbd_cdc.o
 *fill*         0x0000000008005afa        0x2 
 .text.USBD_CDC_GetFSCfgDesc
                0x0000000008005afc        0xc build/usbd_cdc.o
 .text.USBD_CDC_GetHSCfgDesc
                0x0000000008005b08        0xc build/usbd_cdc.o
 .text.USBD_CDC_GetOtherSpeedCfgDesc
                0x0000000008005b14        0xc build/usbd_cdc.o
 .text.USBD_CDC_GetDeviceQualifierDescriptor
                0x0000000008005b20        0xc build/usbd_cdc.o
                0x0000000008005b20                USBD_CDC_GetDeviceQualifierDescriptor
 .text.USBD_CDC_DataOut
                0x0000000008005b2c       0x2e build/usbd_cdc.o
 .text.USBD_CDC_DataIn
                0x0000000008005b5a       0x4e build/usbd_cdc.o
 .text.USBD_CDC_Setup
                0x0000000008005ba8       0xda build/usbd_cdc.o
 .text.USBD_CDC_DeInit
                0x0000000008005c82       0x42 build/usbd_cdc.o
 .text.USBD_CDC_Init
                0x0000000008005cc4       0xaa build/usbd_cdc.o
 .text.USBD_CDC_RegisterInterface
                0x0000000008005d6e        0xe build/usbd_cdc.o
                0x0000000008005d6e                USBD_CDC_RegisterInterface
 .text.USBD_CDC_SetTxBuffer
                0x0000000008005d7c       0x10 build/usbd_cdc.o
                0x0000000008005d7c                USBD_CDC_SetTxBuffer
 .text.USBD_CDC_SetRxBuffer
                0x0000000008005d8c        0xc build/usbd_cdc.o
                0x0000000008005d8c                USBD_CDC_SetRxBuffer
 .text.USBD_CDC_TransmitPacket
                0x0000000008005d98       0x34 build/usbd_cdc.o
                0x0000000008005d98                USBD_CDC_TransmitPacket
 .text.USBD_CDC_ReceivePacket
                0x0000000008005dcc       0x30 build/usbd_cdc.o
                0x0000000008005dcc                USBD_CDC_ReceivePacket
 .text.Reset_Handler
                0x0000000008005dfc       0x50 build/startup_stm32f215xx.o
                0x0000000008005dfc                Reset_Handler
 .text.Default_Handler
                0x0000000008005e4c        0x2 build/startup_stm32f215xx.o
                0x0000000008005e4c                RTC_Alarm_IRQHandler
                0x0000000008005e4c                HASH_RNG_IRQHandler
                0x0000000008005e4c                EXTI2_IRQHandler
                0x0000000008005e4c                TIM8_CC_IRQHandler
                0x0000000008005e4c                TIM1_CC_IRQHandler
                0x0000000008005e4c                DMA2_Stream5_IRQHandler
                0x0000000008005e4c                PVD_IRQHandler
                0x0000000008005e4c                SDIO_IRQHandler
                0x0000000008005e4c                TAMP_STAMP_IRQHandler
                0x0000000008005e4c                CAN2_RX1_IRQHandler
                0x0000000008005e4c                EXTI3_IRQHandler
                0x0000000008005e4c                TIM8_TRG_COM_TIM14_IRQHandler
                0x0000000008005e4c                TIM1_UP_TIM10_IRQHandler
                0x0000000008005e4c                TIM8_UP_TIM13_IRQHandler
                0x0000000008005e4c                I2C3_ER_IRQHandler
                0x0000000008005e4c                EXTI0_IRQHandler
                0x0000000008005e4c                I2C2_EV_IRQHandler
                0x0000000008005e4c                DMA1_Stream2_IRQHandler
                0x0000000008005e4c                CAN1_RX0_IRQHandler
                0x0000000008005e4c                OTG_HS_WKUP_IRQHandler
                0x0000000008005e4c                CAN2_SCE_IRQHandler
                0x0000000008005e4c                DMA2_Stream2_IRQHandler
                0x0000000008005e4c                SPI1_IRQHandler
                0x0000000008005e4c                TIM1_BRK_TIM9_IRQHandler
                0x0000000008005e4c                CAN2_RX0_IRQHandler
                0x0000000008005e4c                USART6_IRQHandler
                0x0000000008005e4c                USART3_IRQHandler
                0x0000000008005e4c                CRYP_IRQHandler
                0x0000000008005e4c                CAN1_RX1_IRQHandler
                0x0000000008005e4c                UART5_IRQHandler
                0x0000000008005e4c                TIM4_IRQHandler
                0x0000000008005e4c                I2C1_EV_IRQHandler
                0x0000000008005e4c                DMA1_Stream6_IRQHandler
                0x0000000008005e4c                DMA1_Stream1_IRQHandler
                0x0000000008005e4c                UART4_IRQHandler
                0x0000000008005e4c                TIM3_IRQHandler
                0x0000000008005e4c                RCC_IRQHandler
                0x0000000008005e4c                TIM8_BRK_TIM12_IRQHandler
                0x0000000008005e4c                Default_Handler
                0x0000000008005e4c                EXTI15_10_IRQHandler
                0x0000000008005e4c                ADC_IRQHandler
                0x0000000008005e4c                DMA1_Stream7_IRQHandler
                0x0000000008005e4c                TIM7_IRQHandler
                0x0000000008005e4c                CAN2_TX_IRQHandler
                0x0000000008005e4c                TIM5_IRQHandler
                0x0000000008005e4c                DMA2_Stream7_IRQHandler
                0x0000000008005e4c                I2C3_EV_IRQHandler
                0x0000000008005e4c                EXTI9_5_IRQHandler
                0x0000000008005e4c                RTC_WKUP_IRQHandler
                0x0000000008005e4c                SPI2_IRQHandler
                0x0000000008005e4c                CAN1_TX_IRQHandler
                0x0000000008005e4c                EXTI4_IRQHandler
                0x0000000008005e4c                FSMC_IRQHandler
                0x0000000008005e4c                WWDG_IRQHandler
                0x0000000008005e4c                TIM2_IRQHandler
                0x0000000008005e4c                OTG_FS_WKUP_IRQHandler
                0x0000000008005e4c                TIM1_TRG_COM_TIM11_IRQHandler
                0x0000000008005e4c                EXTI1_IRQHandler
                0x0000000008005e4c                USART2_IRQHandler
                0x0000000008005e4c                I2C2_ER_IRQHandler
                0x0000000008005e4c                DMA2_Stream1_IRQHandler
                0x0000000008005e4c                CAN1_SCE_IRQHandler
                0x0000000008005e4c                FLASH_IRQHandler
                0x0000000008005e4c                DMA2_Stream4_IRQHandler
                0x0000000008005e4c                USART1_IRQHandler
                0x0000000008005e4c                OTG_FS_IRQHandler
                0x0000000008005e4c                SPI3_IRQHandler
                0x0000000008005e4c                DMA1_Stream4_IRQHandler
                0x0000000008005e4c                I2C1_ER_IRQHandler
                0x0000000008005e4c                DMA2_Stream6_IRQHandler
                0x0000000008005e4c                DMA1_Stream3_IRQHandler
 *fill*         0x0000000008005e4e        0x2 
 .text.__libc_init_array
                0x0000000008005e50       0x48 c:/users/user/appdata/roaming/gnumcueclipse/armembeddedgcc/bin/../lib/gcc/arm-none-eabi/8.2.1/../../../../arm-none-eabi/lib/thumb/v7-m/nofp\libc_nano.a(lib_a-init.o)
                0x0000000008005e50                __libc_init_array
 .text.malloc   0x0000000008005e98       0x10 c:/users/user/appdata/roaming/gnumcueclipse/armembeddedgcc/bin/../lib/gcc/arm-none-eabi/8.2.1/../../../../arm-none-eabi/lib/thumb/v7-m/nofp\libc_nano.a(lib_a-malloc.o)
                0x0000000008005e98                malloc
 .text.free     0x0000000008005ea8       0x10 c:/users/user/appdata/roaming/gnumcueclipse/armembeddedgcc/bin/../lib/gcc/arm-none-eabi/8.2.1/../../../../arm-none-eabi/lib/thumb/v7-m/nofp\libc_nano.a(lib_a-malloc.o)
                0x0000000008005ea8                free
 .text.memset   0x0000000008005eb8       0x10 c:/users/user/appdata/roaming/gnumcueclipse/armembeddedgcc/bin/../lib/gcc/arm-none-eabi/8.2.1/../../../../arm-none-eabi/lib/thumb/v7-m/nofp\libc_nano.a(lib_a-memset.o)
                0x0000000008005eb8                memset
 .text._free_r  0x0000000008005ec8       0x98 c:/users/user/appdata/roaming/gnumcueclipse/armembeddedgcc/bin/../lib/gcc/arm-none-eabi/8.2.1/../../../../arm-none-eabi/lib/thumb/v7-m/nofp\libc_nano.a(lib_a-nano-freer.o)
                0x0000000008005ec8                _free_r
 .text._malloc_r
                0x0000000008005f60       0xb4 c:/users/user/appdata/roaming/gnumcueclipse/armembeddedgcc/bin/../lib/gcc/arm-none-eabi/8.2.1/../../../../arm-none-eabi/lib/thumb/v7-m/nofp\libc_nano.a(lib_a-nano-mallocr.o)
                0x0000000008005f60                _malloc_r
 .text.printf   0x0000000008006014       0x30 c:/users/user/appdata/roaming/gnumcueclipse/armembeddedgcc/bin/../lib/gcc/arm-none-eabi/8.2.1/../../../../arm-none-eabi/lib/thumb/v7-m/nofp\libc_nano.a(lib_a-printf.o)
                0x0000000008006014                iprintf
                0x0000000008006014                printf
 .text._sbrk_r  0x0000000008006044       0x20 c:/users/user/appdata/roaming/gnumcueclipse/armembeddedgcc/bin/../lib/gcc/arm-none-eabi/8.2.1/../../../../arm-none-eabi/lib/thumb/v7-m/nofp\libc_nano.a(lib_a-sbrkr.o)
                0x0000000008006044                _sbrk_r
 .text.std      0x0000000008006064       0x48 c:/users/user/appdata/roaming/gnumcueclipse/armembeddedgcc/bin/../lib/gcc/arm-none-eabi/8.2.1/../../../../arm-none-eabi/lib/thumb/v7-m/nofp\libc_nano.a(lib_a-findfp.o)
 .text._cleanup_r
                0x00000000080060ac        0xc c:/users/user/appdata/roaming/gnumcueclipse/armembeddedgcc/bin/../lib/gcc/arm-none-eabi/8.2.1/../../../../arm-none-eabi/lib/thumb/v7-m/nofp\libc_nano.a(lib_a-findfp.o)
                0x00000000080060ac                _cleanup_r
 .text.__sfmoreglue
                0x00000000080060b8       0x2c c:/users/user/appdata/roaming/gnumcueclipse/armembeddedgcc/bin/../lib/gcc/arm-none-eabi/8.2.1/../../../../arm-none-eabi/lib/thumb/v7-m/nofp\libc_nano.a(lib_a-findfp.o)
                0x00000000080060b8                __sfmoreglue
 .text.__sfp_lock_acquire
                0x00000000080060e4        0xc c:/users/user/appdata/roaming/gnumcueclipse/armembeddedgcc/bin/../lib/gcc/arm-none-eabi/8.2.1/../../../../arm-none-eabi/lib/thumb/v7-m/nofp\libc_nano.a(lib_a-findfp.o)
                0x00000000080060e4                __sfp_lock_acquire
 .text.__sfp_lock_release
                0x00000000080060f0        0xc c:/users/user/appdata/roaming/gnumcueclipse/armembeddedgcc/bin/../lib/gcc/arm-none-eabi/8.2.1/../../../../arm-none-eabi/lib/thumb/v7-m/nofp\libc_nano.a(lib_a-findfp.o)
                0x00000000080060f0                __sfp_lock_release
 .text.__sinit_lock_acquire
                0x00000000080060fc        0xc c:/users/user/appdata/roaming/gnumcueclipse/armembeddedgcc/bin/../lib/gcc/arm-none-eabi/8.2.1/../../../../arm-none-eabi/lib/thumb/v7-m/nofp\libc_nano.a(lib_a-findfp.o)
                0x00000000080060fc                __sinit_lock_acquire
 .text.__sinit_lock_release
                0x0000000008006108        0xc c:/users/user/appdata/roaming/gnumcueclipse/armembeddedgcc/bin/../lib/gcc/arm-none-eabi/8.2.1/../../../../arm-none-eabi/lib/thumb/v7-m/nofp\libc_nano.a(lib_a-findfp.o)
                0x0000000008006108                __sinit_lock_release
 .text.__sinit  0x0000000008006114       0x70 c:/users/user/appdata/roaming/gnumcueclipse/armembeddedgcc/bin/../lib/gcc/arm-none-eabi/8.2.1/../../../../arm-none-eabi/lib/thumb/v7-m/nofp\libc_nano.a(lib_a-findfp.o)
                0x0000000008006114                __sinit
 .text.__sfp    0x0000000008006184       0x8c c:/users/user/appdata/roaming/gnumcueclipse/armembeddedgcc/bin/../lib/gcc/arm-none-eabi/8.2.1/../../../../arm-none-eabi/lib/thumb/v7-m/nofp\libc_nano.a(lib_a-findfp.o)
                0x0000000008006184                __sfp
 .text._fwalk_reent
                0x0000000008006210       0x3c c:/users/user/appdata/roaming/gnumcueclipse/armembeddedgcc/bin/../lib/gcc/arm-none-eabi/8.2.1/../../../../arm-none-eabi/lib/thumb/v7-m/nofp\libc_nano.a(lib_a-fwalk.o)
                0x0000000008006210                _fwalk_reent
 .text.__retarget_lock_init_recursive
                0x000000000800624c        0x2 c:/users/user/appdata/roaming/gnumcueclipse/armembeddedgcc/bin/../lib/gcc/arm-none-eabi/8.2.1/../../../../arm-none-eabi/lib/thumb/v7-m/nofp\libc_nano.a(lib_a-lock.o)
                0x000000000800624c                __retarget_lock_init_recursive
 .text.__retarget_lock_acquire_recursive
                0x000000000800624e        0x2 c:/users/user/appdata/roaming/gnumcueclipse/armembeddedgcc/bin/../lib/gcc/arm-none-eabi/8.2.1/../../../../arm-none-eabi/lib/thumb/v7-m/nofp\libc_nano.a(lib_a-lock.o)
                0x000000000800624e                __retarget_lock_acquire_recursive
 .text.__retarget_lock_release_recursive
                0x0000000008006250        0x2 c:/users/user/appdata/roaming/gnumcueclipse/armembeddedgcc/bin/../lib/gcc/arm-none-eabi/8.2.1/../../../../arm-none-eabi/lib/thumb/v7-m/nofp\libc_nano.a(lib_a-lock.o)
                0x0000000008006250                __retarget_lock_release_recursive
 *fill*         0x0000000008006252        0x2 
 .text.__malloc_lock
                0x0000000008006254        0xc c:/users/user/appdata/roaming/gnumcueclipse/armembeddedgcc/bin/../lib/gcc/arm-none-eabi/8.2.1/../../../../arm-none-eabi/lib/thumb/v7-m/nofp\libc_nano.a(lib_a-mlock.o)
                0x0000000008006254                __malloc_lock
 .text.__malloc_unlock
                0x0000000008006260        0xc c:/users/user/appdata/roaming/gnumcueclipse/armembeddedgcc/bin/../lib/gcc/arm-none-eabi/8.2.1/../../../../arm-none-eabi/lib/thumb/v7-m/nofp\libc_nano.a(lib_a-mlock.o)
                0x0000000008006260                __malloc_unlock
 .text.__sfputc_r
                0x000000000800626c       0x2a c:/users/user/appdata/roaming/gnumcueclipse/armembeddedgcc/bin/../lib/gcc/arm-none-eabi/8.2.1/../../../../arm-none-eabi/lib/thumb/v7-m/nofp\libc_nano.a(lib_a-nano-vfprintf.o)
 .text.__sfputs_r
                0x0000000008006296       0x24 c:/users/user/appdata/roaming/gnumcueclipse/armembeddedgcc/bin/../lib/gcc/arm-none-eabi/8.2.1/../../../../arm-none-eabi/lib/thumb/v7-m/nofp\libc_nano.a(lib_a-nano-vfprintf.o)
                0x0000000008006296                __sfputs_r
 *fill*         0x00000000080062ba        0x2 
 .text._vfprintf_r
                0x00000000080062bc      0x250 c:/users/user/appdata/roaming/gnumcueclipse/armembeddedgcc/bin/../lib/gcc/arm-none-eabi/8.2.1/../../../../arm-none-eabi/lib/thumb/v7-m/nofp\libc_nano.a(lib_a-nano-vfprintf.o)
                0x00000000080062bc                _vfprintf_r
                0x00000000080062bc                _vfiprintf_r
 .text._printf_common
                0x000000000800650c       0xec c:/users/user/appdata/roaming/gnumcueclipse/armembeddedgcc/bin/../lib/gcc/arm-none-eabi/8.2.1/../../../../arm-none-eabi/lib/thumb/v7-m/nofp\libc_nano.a(lib_a-nano-vfprintf_i.o)
                0x000000000800650c                _printf_common
 .text._printf_i
                0x00000000080065f8      0x22c c:/users/user/appdata/roaming/gnumcueclipse/armembeddedgcc/bin/../lib/gcc/arm-none-eabi/8.2.1/../../../../arm-none-eabi/lib/thumb/v7-m/nofp\libc_nano.a(lib_a-nano-vfprintf_i.o)
                0x00000000080065f8                _printf_i
 .text.__sread  0x0000000008006824       0x22 c:/users/user/appdata/roaming/gnumcueclipse/armembeddedgcc/bin/../lib/gcc/arm-none-eabi/8.2.1/../../../../arm-none-eabi/lib/thumb/v7-m/nofp\libc_nano.a(lib_a-stdio.o)
                0x0000000008006824                __sread
 .text.__swrite
                0x0000000008006846       0x38 c:/users/user/appdata/roaming/gnumcueclipse/armembeddedgcc/bin/../lib/gcc/arm-none-eabi/8.2.1/../../../../arm-none-eabi/lib/thumb/v7-m/nofp\libc_nano.a(lib_a-stdio.o)
                0x0000000008006846                __swrite
 .text.__sseek  0x000000000800687e       0x24 c:/users/user/appdata/roaming/gnumcueclipse/armembeddedgcc/bin/../lib/gcc/arm-none-eabi/8.2.1/../../../../arm-none-eabi/lib/thumb/v7-m/nofp\libc_nano.a(lib_a-stdio.o)
                0x000000000800687e                __sseek
 .text.__sclose
                0x00000000080068a2        0x8 c:/users/user/appdata/roaming/gnumcueclipse/armembeddedgcc/bin/../lib/gcc/arm-none-eabi/8.2.1/../../../../arm-none-eabi/lib/thumb/v7-m/nofp\libc_nano.a(lib_a-stdio.o)
                0x00000000080068a2                __sclose
 *fill*         0x00000000080068aa        0x2 
 .text.__swbuf_r
                0x00000000080068ac       0xa4 c:/users/user/appdata/roaming/gnumcueclipse/armembeddedgcc/bin/../lib/gcc/arm-none-eabi/8.2.1/../../../../arm-none-eabi/lib/thumb/v7-m/nofp\libc_nano.a(lib_a-wbuf.o)
                0x00000000080068ac                __swbuf_r
 .text._write_r
                0x0000000008006950       0x24 c:/users/user/appdata/roaming/gnumcueclipse/armembeddedgcc/bin/../lib/gcc/arm-none-eabi/8.2.1/../../../../arm-none-eabi/lib/thumb/v7-m/nofp\libc_nano.a(lib_a-writer.o)
                0x0000000008006950                _write_r
 .text.__swsetup_r
                0x0000000008006974       0xdc c:/users/user/appdata/roaming/gnumcueclipse/armembeddedgcc/bin/../lib/gcc/arm-none-eabi/8.2.1/../../../../arm-none-eabi/lib/thumb/v7-m/nofp\libc_nano.a(lib_a-wsetup.o)
                0x0000000008006974                __swsetup_r
 .text._close_r
                0x0000000008006a50       0x20 c:/users/user/appdata/roaming/gnumcueclipse/armembeddedgcc/bin/../lib/gcc/arm-none-eabi/8.2.1/../../../../arm-none-eabi/lib/thumb/v7-m/nofp\libc_nano.a(lib_a-closer.o)
                0x0000000008006a50                _close_r
 .text.__sflush_r
                0x0000000008006a70      0x10c c:/users/user/appdata/roaming/gnumcueclipse/armembeddedgcc/bin/../lib/gcc/arm-none-eabi/8.2.1/../../../../arm-none-eabi/lib/thumb/v7-m/nofp\libc_nano.a(lib_a-fflush.o)
                0x0000000008006a70                __sflush_r
 .text._fflush_r
                0x0000000008006b7c       0x78 c:/users/user/appdata/roaming/gnumcueclipse/armembeddedgcc/bin/../lib/gcc/arm-none-eabi/8.2.1/../../../../arm-none-eabi/lib/thumb/v7-m/nofp\libc_nano.a(lib_a-fflush.o)
                0x0000000008006b7c                _fflush_r
 .text._lseek_r
                0x0000000008006bf4       0x24 c:/users/user/appdata/roaming/gnumcueclipse/armembeddedgcc/bin/../lib/gcc/arm-none-eabi/8.2.1/../../../../arm-none-eabi/lib/thumb/v7-m/nofp\libc_nano.a(lib_a-lseekr.o)
                0x0000000008006bf4                _lseek_r
 .text.__swhatbuf_r
                0x0000000008006c18       0x48 c:/users/user/appdata/roaming/gnumcueclipse/armembeddedgcc/bin/../lib/gcc/arm-none-eabi/8.2.1/../../../../arm-none-eabi/lib/thumb/v7-m/nofp\libc_nano.a(lib_a-makebuf.o)
                0x0000000008006c18                __swhatbuf_r
 .text.__smakebuf_r
                0x0000000008006c60       0x80 c:/users/user/appdata/roaming/gnumcueclipse/armembeddedgcc/bin/../lib/gcc/arm-none-eabi/8.2.1/../../../../arm-none-eabi/lib/thumb/v7-m/nofp\libc_nano.a(lib_a-makebuf.o)
                0x0000000008006c60                __smakebuf_r
 .text.memchr   0x0000000008006ce0       0x1c c:/users/user/appdata/roaming/gnumcueclipse/armembeddedgcc/bin/../lib/gcc/arm-none-eabi/8.2.1/../../../../arm-none-eabi/lib/thumb/v7-m/nofp\libc_nano.a(lib_a-memchr-stub.o)
                0x0000000008006ce0                memchr
 .text._read_r  0x0000000008006cfc       0x24 c:/users/user/appdata/roaming/gnumcueclipse/armembeddedgcc/bin/../lib/gcc/arm-none-eabi/8.2.1/../../../../arm-none-eabi/lib/thumb/v7-m/nofp\libc_nano.a(lib_a-readr.o)
                0x0000000008006cfc                _read_r
 .text._fstat_r
                0x0000000008006d20       0x24 c:/users/user/appdata/roaming/gnumcueclipse/armembeddedgcc/bin/../lib/gcc/arm-none-eabi/8.2.1/../../../../arm-none-eabi/lib/thumb/v7-m/nofp\libc_nano.a(lib_a-fstatr.o)
                0x0000000008006d20                _fstat_r
 .text._isatty_r
                0x0000000008006d44       0x20 c:/users/user/appdata/roaming/gnumcueclipse/armembeddedgcc/bin/../lib/gcc/arm-none-eabi/8.2.1/../../../../arm-none-eabi/lib/thumb/v7-m/nofp\libc_nano.a(lib_a-isattyr.o)
                0x0000000008006d44                _isatty_r
 .text._close   0x0000000008006d64       0x10 c:/users/user/appdata/roaming/gnumcueclipse/armembeddedgcc/bin/../lib/gcc/arm-none-eabi/8.2.1/../../../../arm-none-eabi/lib/thumb/v7-m/nofp\libnosys.a(close.o)
                0x0000000008006d64                _close
 .text._fstat   0x0000000008006d74       0x10 c:/users/user/appdata/roaming/gnumcueclipse/armembeddedgcc/bin/../lib/gcc/arm-none-eabi/8.2.1/../../../../arm-none-eabi/lib/thumb/v7-m/nofp\libnosys.a(fstat.o)
                0x0000000008006d74                _fstat
 .text._isatty  0x0000000008006d84       0x10 c:/users/user/appdata/roaming/gnumcueclipse/armembeddedgcc/bin/../lib/gcc/arm-none-eabi/8.2.1/../../../../arm-none-eabi/lib/thumb/v7-m/nofp\libnosys.a(isatty.o)
                0x0000000008006d84                _isatty
 .text._lseek   0x0000000008006d94       0x10 c:/users/user/appdata/roaming/gnumcueclipse/armembeddedgcc/bin/../lib/gcc/arm-none-eabi/8.2.1/../../../../arm-none-eabi/lib/thumb/v7-m/nofp\libnosys.a(lseek.o)
                0x0000000008006d94                _lseek
 .text._read    0x0000000008006da4       0x10 c:/users/user/appdata/roaming/gnumcueclipse/armembeddedgcc/bin/../lib/gcc/arm-none-eabi/8.2.1/../../../../arm-none-eabi/lib/thumb/v7-m/nofp\libnosys.a(read.o)
                0x0000000008006da4                _read
 .text._sbrk    0x0000000008006db4       0x1c c:/users/user/appdata/roaming/gnumcueclipse/armembeddedgcc/bin/../lib/gcc/arm-none-eabi/8.2.1/../../../../arm-none-eabi/lib/thumb/v7-m/nofp\libnosys.a(sbrk.o)
                0x0000000008006db4                _sbrk
 .text._write   0x0000000008006dd0       0x10 c:/users/user/appdata/roaming/gnumcueclipse/armembeddedgcc/bin/../lib/gcc/arm-none-eabi/8.2.1/../../../../arm-none-eabi/lib/thumb/v7-m/nofp\libnosys.a(write.o)
                0x0000000008006dd0                _write
 .text.__udivmoddi4
                0x0000000008006de0      0x2d0 c:/users/user/appdata/roaming/gnumcueclipse/armembeddedgcc/bin/../lib/gcc/arm-none-eabi/8.2.1/thumb/v7-m/nofp\libgcc.a(_udivmoddi4.o)
                0x0000000008006de0                __udivmoddi4
 *(.glue_7)
 .glue_7        0x00000000080070b0        0x0 linker stubs
 *(.glue_7t)
 .glue_7t       0x00000000080070b0        0x0 linker stubs
 *(.eh_frame)
 .eh_frame      0x00000000080070b0        0x0 c:/users/user/appdata/roaming/gnumcueclipse/armembeddedgcc/bin/../lib/gcc/arm-none-eabi/8.2.1/thumb/v7-m/nofp/crtbegin.o
 *(.init)
 .init          0x00000000080070b0        0x4 c:/users/user/appdata/roaming/gnumcueclipse/armembeddedgcc/bin/../lib/gcc/arm-none-eabi/8.2.1/thumb/v7-m/nofp/crti.o
                0x00000000080070b0                _init
 .init          0x00000000080070b4        0x8 c:/users/user/appdata/roaming/gnumcueclipse/armembeddedgcc/bin/../lib/gcc/arm-none-eabi/8.2.1/thumb/v7-m/nofp/crtn.o
 *(.fini)
 .fini          0x00000000080070bc        0x4 c:/users/user/appdata/roaming/gnumcueclipse/armembeddedgcc/bin/../lib/gcc/arm-none-eabi/8.2.1/thumb/v7-m/nofp/crti.o
                0x00000000080070bc                _fini
 .fini          0x00000000080070c0        0x8 c:/users/user/appdata/roaming/gnumcueclipse/armembeddedgcc/bin/../lib/gcc/arm-none-eabi/8.2.1/thumb/v7-m/nofp/crtn.o
                0x00000000080070c8                . = ALIGN (0x4)
                0x00000000080070c8                _etext = .

.vfp11_veneer   0x00000000080070c8        0x0
 .vfp11_veneer  0x00000000080070c8        0x0 linker stubs

.v4_bx          0x00000000080070c8        0x0
 .v4_bx         0x00000000080070c8        0x0 linker stubs

.iplt           0x00000000080070c8        0x0
 .iplt          0x00000000080070c8        0x0 c:/users/user/appdata/roaming/gnumcueclipse/armembeddedgcc/bin/../lib/gcc/arm-none-eabi/8.2.1/thumb/v7-m/nofp/crtbegin.o

.rodata         0x00000000080070c8      0x248
                0x00000000080070c8                . = ALIGN (0x4)
 *(.rodata)
 .rodata        0x00000000080070c8       0x14 build/freertos.o
 *(.rodata*)
 .rodata.TestSendProto.str1.4
                0x00000000080070dc       0x1d build/usbCore.o
 *fill*         0x00000000080070f9        0x3 
 .rodata.PB_ENCODERS
                0x00000000080070fc       0x28 build/pb_encode.o
 .rodata.encode_array.str1.4
                0x0000000008007124       0x18 build/pb_encode.o
 .rodata.encode_basic_field.str1.4
                0x000000000800713c       0x17 build/pb_encode.o
 *fill*         0x0000000008007153        0x1 
 .rodata.encode_callback_field.str1.4
                0x0000000008007154        0xf build/pb_encode.o
 *fill*         0x0000000008007163        0x1 
 .rodata.pb_enc_bytes.str1.4
                0x0000000008007164       0x14 build/pb_encode.o
 .rodata.pb_enc_submessage.str1.4
                0x0000000008007178       0x19 build/pb_encode.o
 *fill*         0x0000000008007191        0x3 
 .rodata.pb_enc_uvarint.str1.4
                0x0000000008007194       0x12 build/pb_encode.o
 *fill*         0x00000000080071a6        0x2 
 .rodata.pb_encode_submessage.str1.4
                0x00000000080071a8       0x14 build/pb_encode.o
 .rodata.pb_encode_tag_for_field.str1.4
                0x00000000080071bc       0x13 build/pb_encode.o
 *fill*         0x00000000080071cf        0x1 
 .rodata.pb_write.str1.4
                0x00000000080071d0       0x15 build/pb_encode.o
 *fill*         0x00000000080071e5        0x3 
 .rodata.SimpleMessage_fields
                0x00000000080071e8       0x14 build/simple.pb.o
                0x00000000080071e8                SimpleMessage_fields
 .rodata.str1.4
                0x00000000080071fc        0xc build/freertos.o
 .rodata.USBD_HS_ConfigStrDescriptor.str1.4
                0x0000000008007208        0xb build/usbd_desc.o
 *fill*         0x0000000008007213        0x1 
 .rodata.USBD_HS_InterfaceStrDescriptor.str1.4
                0x0000000008007214        0xe build/usbd_desc.o
 *fill*         0x0000000008007222        0x2 
 .rodata.USBD_HS_ManufacturerStrDescriptor.str1.4
                0x0000000008007224       0x13 build/usbd_desc.o
 *fill*         0x0000000008007237        0x1 
 .rodata.USBD_HS_ProductStrDescriptor.str1.4
                0x0000000008007238       0x16 build/usbd_desc.o
 *fill*         0x000000000800724e        0x2 
 .rodata.flagBitshiftOffset.7381
                0x0000000008007250        0x8 build/stm32f2xx_hal_dma.o
 .rodata.AHBPrescTable
                0x0000000008007258       0x10 build/system_stm32f2xx.o
                0x0000000008007258                AHBPrescTable
 .rodata.APBPrescTable
                0x0000000008007268        0x8 build/system_stm32f2xx.o
                0x0000000008007268                APBPrescTable
 .rodata.vTaskStartScheduler.str1.4
                0x0000000008007270        0x8 build/tasks.o
                                          0x5 (size before relaxing)
 .rodata._global_impure_ptr
                0x0000000008007278        0x4 c:/users/user/appdata/roaming/gnumcueclipse/armembeddedgcc/bin/../lib/gcc/arm-none-eabi/8.2.1/../../../../arm-none-eabi/lib/thumb/v7-m/nofp\libc_nano.a(lib_a-impure.o)
                0x0000000008007278                _global_impure_ptr
 .rodata.__sf_fake_stderr
                0x000000000800727c       0x20 c:/users/user/appdata/roaming/gnumcueclipse/armembeddedgcc/bin/../lib/gcc/arm-none-eabi/8.2.1/../../../../arm-none-eabi/lib/thumb/v7-m/nofp\libc_nano.a(lib_a-findfp.o)
                0x000000000800727c                __sf_fake_stderr
 .rodata.__sf_fake_stdin
                0x000000000800729c       0x20 c:/users/user/appdata/roaming/gnumcueclipse/armembeddedgcc/bin/../lib/gcc/arm-none-eabi/8.2.1/../../../../arm-none-eabi/lib/thumb/v7-m/nofp\libc_nano.a(lib_a-findfp.o)
                0x000000000800729c                __sf_fake_stdin
 .rodata.__sf_fake_stdout
                0x00000000080072bc       0x20 c:/users/user/appdata/roaming/gnumcueclipse/armembeddedgcc/bin/../lib/gcc/arm-none-eabi/8.2.1/../../../../arm-none-eabi/lib/thumb/v7-m/nofp\libc_nano.a(lib_a-findfp.o)
                0x00000000080072bc                __sf_fake_stdout
 .rodata._vfprintf_r.str1.1
                0x00000000080072dc       0x11 c:/users/user/appdata/roaming/gnumcueclipse/armembeddedgcc/bin/../lib/gcc/arm-none-eabi/8.2.1/../../../../arm-none-eabi/lib/thumb/v7-m/nofp\libc_nano.a(lib_a-nano-vfprintf.o)
 .rodata._printf_i.str1.1
                0x00000000080072ed       0x22 c:/users/user/appdata/roaming/gnumcueclipse/armembeddedgcc/bin/../lib/gcc/arm-none-eabi/8.2.1/../../../../arm-none-eabi/lib/thumb/v7-m/nofp\libc_nano.a(lib_a-nano-vfprintf_i.o)
                0x0000000008007310                . = ALIGN (0x4)
 *fill*         0x000000000800730f        0x1 

.ARM.extab
 *(.ARM.extab* .gnu.linkonce.armextab.*)

.ARM            0x0000000008007310        0x8
                0x0000000008007310                __exidx_start = .
 *(.ARM.exidx*)
 .ARM.exidx.text.__udivmoddi4
                0x0000000008007310        0x8 c:/users/user/appdata/roaming/gnumcueclipse/armembeddedgcc/bin/../lib/gcc/arm-none-eabi/8.2.1/thumb/v7-m/nofp\libgcc.a(_udivmoddi4.o)
                0x0000000008007318                __exidx_end = .

.rel.dyn        0x0000000008007318        0x0
 .rel.iplt      0x0000000008007318        0x0 c:/users/user/appdata/roaming/gnumcueclipse/armembeddedgcc/bin/../lib/gcc/arm-none-eabi/8.2.1/thumb/v7-m/nofp/crtbegin.o

.preinit_array  0x0000000008007318        0x0
                0x0000000008007318                PROVIDE (__preinit_array_start = .)
 *(.preinit_array*)
                0x0000000008007318                PROVIDE (__preinit_array_end = .)

.init_array     0x0000000008007318        0x4
                0x0000000008007318                PROVIDE (__init_array_start = .)
 *(SORT_BY_NAME(.init_array.*))
 *(.init_array*)
 .init_array    0x0000000008007318        0x4 c:/users/user/appdata/roaming/gnumcueclipse/armembeddedgcc/bin/../lib/gcc/arm-none-eabi/8.2.1/thumb/v7-m/nofp/crtbegin.o
                0x000000000800731c                PROVIDE (__init_array_end = .)

.fini_array     0x000000000800731c        0x4
                [!provide]                        PROVIDE (__fini_array_start = .)
 *(SORT_BY_NAME(.fini_array.*))
 *(.fini_array*)
 .fini_array    0x000000000800731c        0x4 c:/users/user/appdata/roaming/gnumcueclipse/armembeddedgcc/bin/../lib/gcc/arm-none-eabi/8.2.1/thumb/v7-m/nofp/crtbegin.o
                [!provide]                        PROVIDE (__fini_array_end = .)
                0x0000000008007320                _sidata = LOADADDR (.data)

.data           0x0000000020000000      0x1e4 load address 0x0000000008007320
                0x0000000020000000                . = ALIGN (0x4)
                0x0000000020000000                _sdata = .
 *(.data)
 *(.data*)
 .data.HS_Desc  0x0000000020000000       0x1c build/usbd_desc.o
                0x0000000020000000                HS_Desc
 .data.USBD_HS_DeviceDesc
                0x000000002000001c       0x12 build/usbd_desc.o
                0x000000002000001c                USBD_HS_DeviceDesc
 *fill*         0x000000002000002e        0x2 
 .data.USBD_LangIDDesc
                0x0000000020000030        0x4 build/usbd_desc.o
                0x0000000020000030                USBD_LangIDDesc
 .data.USBD_StringSerial
                0x0000000020000034       0x1a build/usbd_desc.o
                0x0000000020000034                USBD_StringSerial
 *fill*         0x000000002000004e        0x2 
 .data.USBD_Interface_fops_HS
                0x0000000020000050       0x10 build/usbd_cdc_if.o
                0x0000000020000050                USBD_Interface_fops_HS
 .data.uwTickFreq
                0x0000000020000060        0x1 build/stm32f2xx_hal.o
                0x0000000020000060                uwTickFreq
 *fill*         0x0000000020000061        0x3 
 .data.uwTickPrio
                0x0000000020000064        0x4 build/stm32f2xx_hal.o
                0x0000000020000064                uwTickPrio
 .data.SystemCoreClock
                0x0000000020000068        0x4 build/system_stm32f2xx.o
                0x0000000020000068                SystemCoreClock
 .data.uxCriticalNesting
                0x000000002000006c        0x4 build/port.o
 .data.USBD_CDC
                0x0000000020000070       0x38 build/usbd_cdc.o
                0x0000000020000070                USBD_CDC
 .data.USBD_CDC_CfgFSDesc
                0x00000000200000a8       0x43 build/usbd_cdc.o
                0x00000000200000a8                USBD_CDC_CfgFSDesc
 *fill*         0x00000000200000eb        0x1 
 .data.USBD_CDC_CfgHSDesc
                0x00000000200000ec       0x43 build/usbd_cdc.o
                0x00000000200000ec                USBD_CDC_CfgHSDesc
 *fill*         0x000000002000012f        0x1 
 .data.USBD_CDC_DeviceQualifierDesc
                0x0000000020000130        0xa build/usbd_cdc.o
 *fill*         0x000000002000013a        0x2 
 .data.USBD_CDC_OtherSpeedCfgDesc
                0x000000002000013c       0x43 build/usbd_cdc.o
                0x000000002000013c                USBD_CDC_OtherSpeedCfgDesc
 *fill*         0x000000002000017f        0x1 
 .data._impure_ptr
                0x0000000020000180        0x4 c:/users/user/appdata/roaming/gnumcueclipse/armembeddedgcc/bin/../lib/gcc/arm-none-eabi/8.2.1/../../../../arm-none-eabi/lib/thumb/v7-m/nofp\libc_nano.a(lib_a-impure.o)
                0x0000000020000180                _impure_ptr
 .data.impure_data
                0x0000000020000184       0x60 c:/users/user/appdata/roaming/gnumcueclipse/armembeddedgcc/bin/../lib/gcc/arm-none-eabi/8.2.1/../../../../arm-none-eabi/lib/thumb/v7-m/nofp\libc_nano.a(lib_a-impure.o)
                0x00000000200001e4                . = ALIGN (0x4)
                0x00000000200001e4                _edata = .

.tm_clone_table
                0x00000000200001e4        0x0 load address 0x0000000008007504
 .tm_clone_table
                0x00000000200001e4        0x0 c:/users/user/appdata/roaming/gnumcueclipse/armembeddedgcc/bin/../lib/gcc/arm-none-eabi/8.2.1/thumb/v7-m/nofp/crtbegin.o
 .tm_clone_table
                0x00000000200001e4        0x0 c:/users/user/appdata/roaming/gnumcueclipse/armembeddedgcc/bin/../lib/gcc/arm-none-eabi/8.2.1/thumb/v7-m/nofp/crtend.o

.igot.plt       0x00000000200001e4        0x0 load address 0x0000000008007504
 .igot.plt      0x00000000200001e4        0x0 c:/users/user/appdata/roaming/gnumcueclipse/armembeddedgcc/bin/../lib/gcc/arm-none-eabi/8.2.1/thumb/v7-m/nofp/crtbegin.o
                0x00000000200001e4                . = ALIGN (0x4)

.bss            0x00000000200001e4     0x59d0 load address 0x0000000008007504
                0x00000000200001e4                _sbss = .
                0x00000000200001e4                __bss_start__ = _sbss
 *(.bss)
 *(.bss*)
 .bss.completed.6707
                0x00000000200001e4        0x1 c:/users/user/appdata/roaming/gnumcueclipse/armembeddedgcc/bin/../lib/gcc/arm-none-eabi/8.2.1/thumb/v7-m/nofp/crtbegin.o
 *fill*         0x00000000200001e5        0x3 
 .bss.object.6712
                0x00000000200001e8       0x18 c:/users/user/appdata/roaming/gnumcueclipse/armembeddedgcc/bin/../lib/gcc/arm-none-eabi/8.2.1/thumb/v7-m/nofp/crtbegin.o
 .bss.FSMC_Initialized
                0x0000000020000200        0x4 build/fsmc.o
 .bss.pxCurrentTCB
                0x0000000020000204        0x4 build/tasks.o
                0x0000000020000204                pxCurrentTCB
 .bss.pxDelayedTaskList
                0x0000000020000208        0x4 build/tasks.o
 .bss.pxOverflowDelayedTaskList
                0x000000002000020c        0x4 build/tasks.o
 .bss.pxReadyTasksLists
                0x0000000020000210       0x8c build/tasks.o
 .bss.uxCurrentNumberOfTasks
                0x000000002000029c        0x4 build/tasks.o
 .bss.uxDeletedTasksWaitingCleanUp
                0x00000000200002a0        0x4 build/tasks.o
 .bss.uxPendedTicks
                0x00000000200002a4        0x4 build/tasks.o
 .bss.uxSchedulerSuspended
                0x00000000200002a8        0x4 build/tasks.o
 .bss.uxTaskNumber
                0x00000000200002ac        0x4 build/tasks.o
 .bss.uxTopReadyPriority
                0x00000000200002b0        0x4 build/tasks.o
 .bss.xDelayedTaskList1
                0x00000000200002b4       0x14 build/tasks.o
 .bss.xDelayedTaskList2
                0x00000000200002c8       0x14 build/tasks.o
 .bss.xIdleTaskHandle
                0x00000000200002dc        0x4 build/tasks.o
 .bss.xNextTaskUnblockTime
                0x00000000200002e0        0x4 build/tasks.o
 .bss.xNumOfOverflows
                0x00000000200002e4        0x4 build/tasks.o
 .bss.xPendingReadyList
                0x00000000200002e8       0x14 build/tasks.o
 .bss.xSchedulerRunning
                0x00000000200002fc        0x4 build/tasks.o
 .bss.xSuspendedTaskList
                0x0000000020000300       0x14 build/tasks.o
 .bss.xTasksWaitingTermination
                0x0000000020000314       0x14 build/tasks.o
 .bss.xTickCount
                0x0000000020000328        0x4 build/tasks.o
 .bss.xYieldPending
                0x000000002000032c        0x4 build/tasks.o
 .bss.pxEnd     0x0000000020000330        0x4 build/heap_4.o
 .bss.ucHeap    0x0000000020000334     0x3c00 build/heap_4.o
 .bss.xBlockAllocatedBit
                0x0000000020003f34        0x4 build/heap_4.o
 .bss.xFreeBytesRemaining
                0x0000000020003f38        0x4 build/heap_4.o
 .bss.xMinimumEverFreeBytesRemaining
                0x0000000020003f3c        0x4 build/heap_4.o
 .bss.xStart    0x0000000020003f40        0x8 build/heap_4.o
 .bss.ucMaxSysCallPriority
                0x0000000020003f48        0x1 build/port.o
 *fill*         0x0000000020003f49        0x3 
 .bss.ulMaxPRIGROUPValue
                0x0000000020003f4c        0x4 build/port.o
 .bss.cfgidx.9260
                0x0000000020003f50        0x1 build/usbd_ctlreq.o
 *fill*         0x0000000020003f51        0x3 
 .bss.__malloc_free_list
                0x0000000020003f54        0x4 c:/users/user/appdata/roaming/gnumcueclipse/armembeddedgcc/bin/../lib/gcc/arm-none-eabi/8.2.1/../../../../arm-none-eabi/lib/thumb/v7-m/nofp\libc_nano.a(lib_a-nano-mallocr.o)
                0x0000000020003f54                __malloc_free_list
 .bss.__malloc_sbrk_start
                0x0000000020003f58        0x4 c:/users/user/appdata/roaming/gnumcueclipse/armembeddedgcc/bin/../lib/gcc/arm-none-eabi/8.2.1/../../../../arm-none-eabi/lib/thumb/v7-m/nofp\libc_nano.a(lib_a-nano-mallocr.o)
                0x0000000020003f58                __malloc_sbrk_start
 .bss.heap_end.4194
                0x0000000020003f5c        0x4 c:/users/user/appdata/roaming/gnumcueclipse/armembeddedgcc/bin/../lib/gcc/arm-none-eabi/8.2.1/../../../../arm-none-eabi/lib/thumb/v7-m/nofp\libnosys.a(sbrk.o)
 *(COMMON)
 COMMON         0x0000000020003f60       0x28 build/can.o
                0x0000000020003f60                hcan1
 COMMON         0x0000000020003f88       0x60 build/dma.o
                0x0000000020003f88                hdma_memtomem_dma2_stream1
 COMMON         0x0000000020003fe8        0x4 build/freertos.o
                0x0000000020003fe8                defaultTaskHandle
 COMMON         0x0000000020003fec       0x40 build/fsmc.o
                0x0000000020003fec                hnand1
 COMMON         0x000000002000402c      0x230 build/spi.o
                0x000000002000402c                hspi3
                0x0000000020004084                hdma_spi3_tx
                0x00000000200040e4                hspi1
                0x000000002000413c                hdma_spi1_rx
                0x000000002000419c                hdma_spi1_tx
                0x00000000200041fc                hdma_spi3_rx
 COMMON         0x000000002000425c       0x40 build/usart.o
                0x000000002000425c                huart4
 COMMON         0x000000002000429c      0x2c4 build/usb_device.o
                0x000000002000429c                hUsbDeviceHS
 COMMON         0x0000000020004560      0x400 build/usbd_conf.o
                0x0000000020004560                hpcd_USB_OTG_HS
 COMMON         0x0000000020004960      0x200 build/usbd_desc.o
                0x0000000020004960                USBD_StrDesc
 COMMON         0x0000000020004b60     0x1000 build/usbd_cdc_if.o
                0x0000000020004b60                UserRxBufferHS
                0x0000000020005360                UserTxBufferHS
 COMMON         0x0000000020005b60       0x40 build/stm32f2xx_hal_timebase_tim.o
                0x0000000020005b60                htim6
 COMMON         0x0000000020005ba0        0x4 build/stm32f2xx_hal.o
                0x0000000020005ba0                uwTick
 COMMON         0x0000000020005ba4        0x9 c:/users/user/appdata/roaming/gnumcueclipse/armembeddedgcc/bin/../lib/gcc/arm-none-eabi/8.2.1/../../../../arm-none-eabi/lib/thumb/v7-m/nofp\libc_nano.a(lib_a-lock.o)
                0x0000000020005ba4                __lock___atexit_recursive_mutex
                0x0000000020005ba5                __lock___arc4random_mutex
                0x0000000020005ba6                __lock___env_recursive_mutex
                0x0000000020005ba7                __lock___sinit_recursive_mutex
                0x0000000020005ba8                __lock___malloc_recursive_mutex
                0x0000000020005ba9                __lock___at_quick_exit_mutex
                0x0000000020005baa                __lock___dd_hash_mutex
                0x0000000020005bab                __lock___tz_mutex
                0x0000000020005bac                __lock___sfp_recursive_mutex
 *fill*         0x0000000020005bad        0x3 
 COMMON         0x0000000020005bb0        0x4 c:/users/user/appdata/roaming/gnumcueclipse/armembeddedgcc/bin/../lib/gcc/arm-none-eabi/8.2.1/../../../../arm-none-eabi/lib/thumb/v7-m/nofp\libc_nano.a(lib_a-reent.o)
                0x0000000020005bb0                errno
                0x0000000020005bb4                . = ALIGN (0x4)
                0x0000000020005bb4                _ebss = .
                0x0000000020005bb4                __bss_end__ = _ebss

._user_heap_stack
                0x0000000020005bb4     0x1004 load address 0x0000000008007504
                0x0000000020005bb8                . = ALIGN (0x8)
 *fill*         0x0000000020005bb4        0x4 
                0x0000000020005bb8                PROVIDE (end = .)
                [!provide]                        PROVIDE (_end = .)
                0x00000000200063b8                . = (. + _Min_Heap_Size)
 *fill*         0x0000000020005bb8      0x800 
                0x0000000020006bb8                . = (. + _Min_Stack_Size)
 *fill*         0x00000000200063b8      0x800 
                0x0000000020006bb8                . = ALIGN (0x8)

/DISCARD/
 libc.a(*)
 libm.a(*)
 libgcc.a(*)

.ARM.attributes
                0x0000000000000000       0x29
 *(.ARM.attributes)
 .ARM.attributes
                0x0000000000000000       0x1d c:/users/user/appdata/roaming/gnumcueclipse/armembeddedgcc/bin/../lib/gcc/arm-none-eabi/8.2.1/thumb/v7-m/nofp/crti.o
 .ARM.attributes
                0x000000000000001d       0x2d c:/users/user/appdata/roaming/gnumcueclipse/armembeddedgcc/bin/../lib/gcc/arm-none-eabi/8.2.1/thumb/v7-m/nofp/crtbegin.o
 .ARM.attributes
                0x000000000000004a       0x2d build/usbCore.o
 .ARM.attributes
                0x0000000000000077       0x2d build/pb_common.o
 .ARM.attributes
                0x00000000000000a4       0x2d build/pb_encode.o
 .ARM.attributes
                0x00000000000000d1       0x33 build/simple.pb.o
 .ARM.attributes
                0x0000000000000104       0x2d build/main.o
 .ARM.attributes
                0x0000000000000131       0x2d build/gpio.o
 .ARM.attributes
                0x000000000000015e       0x2d build/can.o
 .ARM.attributes
                0x000000000000018b       0x2d build/dma.o
 .ARM.attributes
                0x00000000000001b8       0x2d build/freertos.o
 .ARM.attributes
                0x00000000000001e5       0x2d build/fsmc.o
 .ARM.attributes
                0x0000000000000212       0x2d build/spi.o
 .ARM.attributes
                0x000000000000023f       0x2d build/usart.o
 .ARM.attributes
                0x000000000000026c       0x2d build/usb_device.o
 .ARM.attributes
                0x0000000000000299       0x2d build/usbd_conf.o
 .ARM.attributes
                0x00000000000002c6       0x2d build/usbd_desc.o
 .ARM.attributes
                0x00000000000002f3       0x2d build/usbd_cdc_if.o
 .ARM.attributes
                0x0000000000000320       0x2d build/stm32f2xx_it.o
 .ARM.attributes
                0x000000000000034d       0x2d build/stm32f2xx_hal_msp.o
 .ARM.attributes
                0x000000000000037a       0x2d build/stm32f2xx_hal_timebase_tim.o
 .ARM.attributes
                0x00000000000003a7       0x2d build/stm32f2xx_hal_pcd_ex.o
 .ARM.attributes
                0x00000000000003d4       0x2d build/stm32f2xx_hal_pcd.o
 .ARM.attributes
                0x0000000000000401       0x2d build/stm32f2xx_ll_usb.o
 .ARM.attributes
                0x000000000000042e       0x2d build/stm32f2xx_hal_can.o
 .ARM.attributes
                0x000000000000045b       0x2d build/stm32f2xx_ll_fsmc.o
 .ARM.attributes
                0x0000000000000488       0x2d build/stm32f2xx_hal_nand.o
 .ARM.attributes
                0x00000000000004b5       0x2d build/stm32f2xx_hal_spi.o
 .ARM.attributes
                0x00000000000004e2       0x2d build/stm32f2xx_hal_tim.o
 .ARM.attributes
                0x000000000000050f       0x2d build/stm32f2xx_hal_tim_ex.o
 .ARM.attributes
                0x000000000000053c       0x2d build/stm32f2xx_hal_uart.o
 .ARM.attributes
                0x0000000000000569       0x2d build/stm32f2xx_hal.o
 .ARM.attributes
                0x0000000000000596       0x2d build/stm32f2xx_hal_rcc.o
 .ARM.attributes
                0x00000000000005c3       0x2d build/stm32f2xx_hal_cortex.o
 .ARM.attributes
                0x00000000000005f0       0x2d build/stm32f2xx_hal_gpio.o
 .ARM.attributes
                0x000000000000061d       0x2d build/stm32f2xx_hal_dma.o
 .ARM.attributes
                0x000000000000064a       0x2d build/system_stm32f2xx.o
 .ARM.attributes
                0x0000000000000677       0x2d build/list.o
 .ARM.attributes
                0x00000000000006a4       0x2d build/tasks.o
 .ARM.attributes
                0x00000000000006d1       0x2d build/cmsis_os.o
 .ARM.attributes
                0x00000000000006fe       0x2d build/heap_4.o
 .ARM.attributes
                0x000000000000072b       0x2d build/port.o
 .ARM.attributes
                0x0000000000000758       0x2d build/usbd_core.o
 .ARM.attributes
                0x0000000000000785       0x2d build/usbd_ctlreq.o
 .ARM.attributes
                0x00000000000007b2       0x2d build/usbd_ioreq.o
 .ARM.attributes
                0x00000000000007df       0x2d build/usbd_cdc.o
 .ARM.attributes
                0x000000000000080c       0x21 build/startup_stm32f215xx.o
 .ARM.attributes
                0x000000000000082d       0x2d c:/users/user/appdata/roaming/gnumcueclipse/armembeddedgcc/bin/../lib/gcc/arm-none-eabi/8.2.1/../../../../arm-none-eabi/lib/thumb/v7-m/nofp\libc_nano.a(lib_a-impure.o)
 .ARM.attributes
                0x000000000000085a       0x2d c:/users/user/appdata/roaming/gnumcueclipse/armembeddedgcc/bin/../lib/gcc/arm-none-eabi/8.2.1/../../../../arm-none-eabi/lib/thumb/v7-m/nofp\libc_nano.a(lib_a-init.o)
 .ARM.attributes
                0x0000000000000887       0x2d c:/users/user/appdata/roaming/gnumcueclipse/armembeddedgcc/bin/../lib/gcc/arm-none-eabi/8.2.1/../../../../arm-none-eabi/lib/thumb/v7-m/nofp\libc_nano.a(lib_a-malloc.o)
 .ARM.attributes
                0x00000000000008b4       0x2d c:/users/user/appdata/roaming/gnumcueclipse/armembeddedgcc/bin/../lib/gcc/arm-none-eabi/8.2.1/../../../../arm-none-eabi/lib/thumb/v7-m/nofp\libc_nano.a(lib_a-memset.o)
 .ARM.attributes
                0x00000000000008e1       0x2d c:/users/user/appdata/roaming/gnumcueclipse/armembeddedgcc/bin/../lib/gcc/arm-none-eabi/8.2.1/../../../../arm-none-eabi/lib/thumb/v7-m/nofp\libc_nano.a(lib_a-nano-freer.o)
 .ARM.attributes
                0x000000000000090e       0x2d c:/users/user/appdata/roaming/gnumcueclipse/armembeddedgcc/bin/../lib/gcc/arm-none-eabi/8.2.1/../../../../arm-none-eabi/lib/thumb/v7-m/nofp\libc_nano.a(lib_a-nano-mallocr.o)
 .ARM.attributes
                0x000000000000093b       0x2d c:/users/user/appdata/roaming/gnumcueclipse/armembeddedgcc/bin/../lib/gcc/arm-none-eabi/8.2.1/../../../../arm-none-eabi/lib/thumb/v7-m/nofp\libc_nano.a(lib_a-printf.o)
 .ARM.attributes
                0x0000000000000968       0x2d c:/users/user/appdata/roaming/gnumcueclipse/armembeddedgcc/bin/../lib/gcc/arm-none-eabi/8.2.1/../../../../arm-none-eabi/lib/thumb/v7-m/nofp\libc_nano.a(lib_a-sbrkr.o)
 .ARM.attributes
                0x0000000000000995       0x2d c:/users/user/appdata/roaming/gnumcueclipse/armembeddedgcc/bin/../lib/gcc/arm-none-eabi/8.2.1/../../../../arm-none-eabi/lib/thumb/v7-m/nofp\libc_nano.a(lib_a-findfp.o)
 .ARM.attributes